../PeripheralDriver/Src/oled.c:10:6:OLED_Refresh_Gram	16	static
../PeripheralDriver/Src/oled.c:22:6:OLED_WR_Byte	24	static
../PeripheralDriver/Src/oled.c:45:6:OLED_Clear	16	static
../PeripheralDriver/Src/oled.c:55:6:OLED_Display_On	8	static
../PeripheralDriver/Src/oled.c:64:6:OLED_Display_Off	8	static
../PeripheralDriver/Src/oled.c:74:6:OLED_DrawPoint	24	static
../PeripheralDriver/Src/oled.c:87:6:OLED_ShowChar	32	static
../PeripheralDriver/Src/oled.c:112:10:oled_pow	24	static
../PeripheralDriver/Src/oled.c:122:6:OLED_ShowNumber	40	static
../PeripheralDriver/Src/oled.c:144:6:OLED_ShowString	24	static
../PeripheralDriver/Src/oled.c:158:6:OLED_Init	8	static
