Archive member included to satisfy reference by file (symbol)

C:/ST/STM32CubeIDE_2.0.0/STM32CubeIDE/plugins/com.st.stm32cube.ide.mcu.externaltools.gnu-tools-for-stm32.13.3.rel1.win32_1.0.100.202509120712/tools/bin/../lib/gcc/arm-none-eabi/13.3.1/../../../../arm-none-eabi/lib/thumb/v7e-m+fp/hard\libc_nano.a(libc_a-atoi.o)
                              ./Core/Src/main.o (atoi)
C:/ST/STM32CubeIDE_2.0.0/STM32CubeIDE/plugins/com.st.stm32cube.ide.mcu.externaltools.gnu-tools-for-stm32.13.3.rel1.win32_1.0.100.202509120712/tools/bin/../lib/gcc/arm-none-eabi/13.3.1/../../../../arm-none-eabi/lib/thumb/v7e-m+fp/hard\libc_nano.a(libc_a-exit.o)
                              C:/ST/STM32CubeIDE_2.0.0/STM32CubeIDE/plugins/com.st.stm32cube.ide.mcu.externaltools.gnu-tools-for-stm32.13.3.rel1.win32_1.0.100.202509120712/tools/bin/../lib/gcc/arm-none-eabi/13.3.1/../../../../arm-none-eabi/lib/thumb/v7e-m+fp/hard/crt0.o (exit)
C:/ST/STM32CubeIDE_2.0.0/STM32CubeIDE/plugins/com.st.stm32cube.ide.mcu.externaltools.gnu-tools-for-stm32.13.3.rel1.win32_1.0.100.202509120712/tools/bin/../lib/gcc/arm-none-eabi/13.3.1/../../../../arm-none-eabi/lib/thumb/v7e-m+fp/hard\libc_nano.a(libc_a-strtol.o)
                              C:/ST/STM32CubeIDE_2.0.0/STM32CubeIDE/plugins/com.st.stm32cube.ide.mcu.externaltools.gnu-tools-for-stm32.13.3.rel1.win32_1.0.100.202509120712/tools/bin/../lib/gcc/arm-none-eabi/13.3.1/../../../../arm-none-eabi/lib/thumb/v7e-m+fp/hard\libc_nano.a(libc_a-atoi.o) (_strtol_r)
C:/ST/STM32CubeIDE_2.0.0/STM32CubeIDE/plugins/com.st.stm32cube.ide.mcu.externaltools.gnu-tools-for-stm32.13.3.rel1.win32_1.0.100.202509120712/tools/bin/../lib/gcc/arm-none-eabi/13.3.1/../../../../arm-none-eabi/lib/thumb/v7e-m+fp/hard\libc_nano.a(libc_a-ctype_.o)
                              C:/ST/STM32CubeIDE_2.0.0/STM32CubeIDE/plugins/com.st.stm32cube.ide.mcu.externaltools.gnu-tools-for-stm32.13.3.rel1.win32_1.0.100.202509120712/tools/bin/../lib/gcc/arm-none-eabi/13.3.1/../../../../arm-none-eabi/lib/thumb/v7e-m+fp/hard\libc_nano.a(libc_a-strtol.o) (_ctype_)
C:/ST/STM32CubeIDE_2.0.0/STM32CubeIDE/plugins/com.st.stm32cube.ide.mcu.externaltools.gnu-tools-for-stm32.13.3.rel1.win32_1.0.100.202509120712/tools/bin/../lib/gcc/arm-none-eabi/13.3.1/../../../../arm-none-eabi/lib/thumb/v7e-m+fp/hard\libc_nano.a(libc_a-findfp.o)
                              C:/ST/STM32CubeIDE_2.0.0/STM32CubeIDE/plugins/com.st.stm32cube.ide.mcu.externaltools.gnu-tools-for-stm32.13.3.rel1.win32_1.0.100.202509120712/tools/bin/../lib/gcc/arm-none-eabi/13.3.1/../../../../arm-none-eabi/lib/thumb/v7e-m+fp/hard\libc_nano.a(libc_a-exit.o) (__stdio_exit_handler)
C:/ST/STM32CubeIDE_2.0.0/STM32CubeIDE/plugins/com.st.stm32cube.ide.mcu.externaltools.gnu-tools-for-stm32.13.3.rel1.win32_1.0.100.202509120712/tools/bin/../lib/gcc/arm-none-eabi/13.3.1/../../../../arm-none-eabi/lib/thumb/v7e-m+fp/hard\libc_nano.a(libc_a-fwalk.o)
                              C:/ST/STM32CubeIDE_2.0.0/STM32CubeIDE/plugins/com.st.stm32cube.ide.mcu.externaltools.gnu-tools-for-stm32.13.3.rel1.win32_1.0.100.202509120712/tools/bin/../lib/gcc/arm-none-eabi/13.3.1/../../../../arm-none-eabi/lib/thumb/v7e-m+fp/hard\libc_nano.a(libc_a-findfp.o) (_fwalk_sglue)
C:/ST/STM32CubeIDE_2.0.0/STM32CubeIDE/plugins/com.st.stm32cube.ide.mcu.externaltools.gnu-tools-for-stm32.13.3.rel1.win32_1.0.100.202509120712/tools/bin/../lib/gcc/arm-none-eabi/13.3.1/../../../../arm-none-eabi/lib/thumb/v7e-m+fp/hard\libc_nano.a(libc_a-sprintf.o)
                              ./Core/Src/main.o (sprintf)
C:/ST/STM32CubeIDE_2.0.0/STM32CubeIDE/plugins/com.st.stm32cube.ide.mcu.externaltools.gnu-tools-for-stm32.13.3.rel1.win32_1.0.100.202509120712/tools/bin/../lib/gcc/arm-none-eabi/13.3.1/../../../../arm-none-eabi/lib/thumb/v7e-m+fp/hard\libc_nano.a(libc_a-stdio.o)
                              C:/ST/STM32CubeIDE_2.0.0/STM32CubeIDE/plugins/com.st.stm32cube.ide.mcu.externaltools.gnu-tools-for-stm32.13.3.rel1.win32_1.0.100.202509120712/tools/bin/../lib/gcc/arm-none-eabi/13.3.1/../../../../arm-none-eabi/lib/thumb/v7e-m+fp/hard\libc_nano.a(libc_a-findfp.o) (__sread)
C:/ST/STM32CubeIDE_2.0.0/STM32CubeIDE/plugins/com.st.stm32cube.ide.mcu.externaltools.gnu-tools-for-stm32.13.3.rel1.win32_1.0.100.202509120712/tools/bin/../lib/gcc/arm-none-eabi/13.3.1/../../../../arm-none-eabi/lib/thumb/v7e-m+fp/hard\libc_nano.a(libc_a-memset.o)
                              C:/ST/STM32CubeIDE_2.0.0/STM32CubeIDE/plugins/com.st.stm32cube.ide.mcu.externaltools.gnu-tools-for-stm32.13.3.rel1.win32_1.0.100.202509120712/tools/bin/../lib/gcc/arm-none-eabi/13.3.1/../../../../arm-none-eabi/lib/thumb/v7e-m+fp/hard/crt0.o (memset)
C:/ST/STM32CubeIDE_2.0.0/STM32CubeIDE/plugins/com.st.stm32cube.ide.mcu.externaltools.gnu-tools-for-stm32.13.3.rel1.win32_1.0.100.202509120712/tools/bin/../lib/gcc/arm-none-eabi/13.3.1/../../../../arm-none-eabi/lib/thumb/v7e-m+fp/hard\libc_nano.a(libc_a-strcat.o)
                              ./Core/Src/main.o (strcat)
[...]
Memory Configuration

Name             Origin             Length             Attributes
CCMRAM           0x10000000         0x00010000         xrw
RAM              0x20000000         0x00020000         xrw
FLASH            0x08000000         0x00080000         xr
*default*        0x00000000         0xffffffff

Linker script and memory map

LOAD C:/ST/STM32CubeIDE_2.0.0/STM32CubeIDE/plugins/com.st.stm32cube.ide.mcu.externaltools.gnu-tools-for-stm32.13.3.rel1.win32_1.0.100.202509120712/tools/bin/../lib/gcc/arm-none-eabi/13.3.1/thumb/v7e-m+fp/hard/crti.o
LOAD C:/ST/STM32CubeIDE_2.0.0/STM32CubeIDE/plugins/com.st.stm32cube.ide.mcu.externaltools.gnu-tools-for-stm32.13.3.rel1.win32_1.0.100.202509120712/tools/bin/../lib/gcc/arm-none-eabi/13.3.1/thumb/v7e-m+fp/hard/crtbegin.o
LOAD C:/ST/STM32CubeIDE_2.0.0/STM32CubeIDE/plugins/com.st.stm32cube.ide.mcu.externaltools.gnu-tools-for-stm32.13.3.rel1.win32_1.0.100.202509120712/tools/bin/../lib/gcc/arm-none-eabi/13.3.1/../../../../arm-none-eabi/lib/thumb/v7e-m+fp/hard/crt0.o
LOAD ./Core/Src/freertos.o
LOAD ./Core/Src/main.o
LOAD ./Core/Src/stm32f4xx_hal_msp.o
LOAD ./Core/Src/stm32f4xx_it.o
LOAD ./Core/Src/syscalls.o
LOAD ./Core/Src/sysmem.o
LOAD ./Core/Src/system_stm32f4xx.o
LOAD ./Core/Startup/startup_stm32f407vetx.o
LOAD ./Drivers/STM32F4xx_HAL_Driver/Src/stm32f4xx_hal.o
LOAD ./Drivers/STM32F4xx_HAL_Driver/Src/stm32f4xx_hal_cortex.o
LOAD ./Drivers/STM32F4xx_HAL_Driver/Src/stm32f4xx_hal_dma.o
LOAD ./Drivers/STM32F4xx_HAL_Driver/Src/stm32f4xx_hal_dma_ex.o
LOAD ./Drivers/STM32F4xx_HAL_Driver/Src/stm32f4xx_hal_exti.o
LOAD ./Drivers/STM32F4xx_HAL_Driver/Src/stm32f4xx_hal_flash.o
LOAD ./Drivers/STM32F4xx_HAL_Driver/Src/stm32f4xx_hal_flash_ex.o
LOAD ./Drivers/STM32F4xx_HAL_Driver/Src/stm32f4xx_hal_flash_ramfunc.o
LOAD ./Drivers/STM32F4xx_HAL_Driver/Src/stm32f4xx_hal_gpio.o
LOAD ./Drivers/STM32F4xx_HAL_Driver/Src/stm32f4xx_hal_i2c.o
LOAD ./Drivers/STM32F4xx_HAL_Driver/Src/stm32f4xx_hal_i2c_ex.o
LOAD ./Drivers/STM32F4xx_HAL_Driver/Src/stm32f4xx_hal_pwr.o
LOAD ./Drivers/STM32F4xx_HAL_Driver/Src/stm32f4xx_hal_pwr_ex.o
LOAD ./Drivers/STM32F4xx_HAL_Driver/Src/stm32f4xx_hal_rcc.o
LOAD ./Drivers/STM32F4xx_HAL_Driver/Src/stm32f4xx_hal_rcc_ex.o
LOAD ./Drivers/STM32F4xx_HAL_Driver/Src/stm32f4xx_hal_tim.o
LOAD ./Drivers/STM32F4xx_HAL_Driver/Src/stm32f4xx_hal_tim_ex.o
LOAD ./Drivers/STM32F4xx_HAL_Driver/Src/stm32f4xx_hal_uart.o
LOAD ./Middlewares/Third_Party/FreeRTOS/Source/CMSIS_RTOS_V2/cmsis_os2.o
LOAD ./Middlewares/Third_Party/FreeRTOS/Source/croutine.o
LOAD ./Middlewares/Third_Party/FreeRTOS/Source/event_groups.o
LOAD ./Middlewares/Third_Party/FreeRTOS/Source/list.o
LOAD ./Middlewares/Third_Party/FreeRTOS/Source/queue.o
LOAD ./Middlewares/Third_Party/FreeRTOS/Source/stream_buffer.o
LOAD ./Middlewares/Third_Party/FreeRTOS/Source/tasks.o
LOAD ./Middlewares/Third_Party/FreeRTOS/Source/timers.o
LOAD ./Middlewares/Third_Party/FreeRTOS/Source/portable/GCC/ARM_CM4F/port.o
LOAD ./Middlewares/Third_Party/FreeRTOS/Source/portable/MemMang/heap_4.o
LOAD ./PeripheralDriver/Src/HCSR04.o
LOAD ./PeripheralDriver/Src/UART_Comm.o
LOAD ./PeripheralDriver/Src/icm20948.o
LOAD ./PeripheralDriver/Src/motor.o
LOAD ./PeripheralDriver/Src/oled.o
LOAD ./PeripheralDriver/Src/servo.o
START GROUP
LOAD C:/ST/STM32CubeIDE_2.0.0/STM32CubeIDE/plugins/com.st.stm32cube.ide.mcu.externaltools.gnu-tools-for-stm32.13.3.rel1.win32_1.0.100.202509120712/tools/bin/../lib/gcc/arm-none-eabi/13.3.1/../../../../arm-none-eabi/lib/thumb/v7e-m+fp/hard\libc_nano.a
LOAD C:/ST/STM32CubeIDE_2.0.0/STM32CubeIDE/plugins/com.st.stm32cube.ide.mcu.externaltools.gnu-tools-for-stm32.13.3.rel1.win32_1.0.100.202509120712/tools/bin/../lib/gcc/arm-none-eabi/13.3.1/../../../../arm-none-eabi/lib/thumb/v7e-m+fp/hard\libm.a
END GROUP
START GROUP
LOAD C:/ST/STM32CubeIDE_2.0.0/STM32CubeIDE/plugins/com.st.stm32cube.ide.mcu.externaltools.gnu-tools-for-stm32.13.3.rel1.win32_1.0.100.202509120712/tools/bin/../lib/gcc/arm-none-eabi/13.3.1/thumb/v7e-m+fp/hard\libgcc.a
LOAD C:/ST/STM32CubeIDE_2.0.0/STM32CubeIDE/plugins/com.st.stm32cube.ide.mcu.externaltools.gnu-tools-for-stm32.13.3.rel1.win32_1.0.100.202509120712/tools/bin/../lib/gcc/arm-none-eabi/13.3.1/../../../../arm-none-eabi/lib/thumb/v7e-m+fp/hard\libc_nano.a
END GROUP
START GROUP
LOAD C:/ST/STM32CubeIDE_2.0.0/STM32CubeIDE/plugins/com.st.stm32cube.ide.mcu.externaltools.gnu-tools-for-stm32.13.3.rel1.win32_1.0.100.202509120712/tools/bin/../lib/gcc/arm-none-eabi/13.3.1/thumb/v7e-m+fp/hard\libgcc.a
LOAD C:/ST/STM32CubeIDE_2.0.0/STM32CubeIDE/plugins/com.st.stm32cube.ide.mcu.externaltools.gnu-tools-for-stm32.13.3.rel1.win32_1.0.100.202509120712/tools/bin/../lib/gcc/arm-none-eabi/13.3.1/../../../../arm-none-eabi/lib/thumb/v7e-m+fp/hard\libc_nano.a
LOAD C:/ST/STM32CubeIDE_2.0.0/STM32CubeIDE/plugins/com.st.stm32cube.ide.mcu.externaltools.gnu-tools-for-stm32.13.3.rel1.win32_1.0.100.202509120712/tools/bin/../lib/gcc/arm-none-eabi/13.3.1/../../../../arm-none-eabi/lib/thumb/v7e-m+fp/hard\libnosys.a
END GROUP
START GROUP
LOAD C:/ST/STM32CubeIDE_2.0.0/STM32CubeIDE/plugins/com.st.stm32cube.ide.mcu.externaltools.gnu-tools-for-stm32.13.3.rel1.win32_1.0.100.202509120712/tools/bin/../lib/gcc/arm-none-eabi/13.3.1/thumb/v7e-m+fp/hard\libgcc.a
LOAD C:/ST/STM32CubeIDE_2.0.0/STM32CubeIDE/plugins/com.st.stm32cube.ide.mcu.externaltools.gnu-tools-for-stm32.13.3.rel1.win32_1.0.100.202509120712/tools/bin/../lib/gcc/arm-none-eabi/13.3.1/../../../../arm-none-eabi/lib/thumb/v7e-m+fp/hard\libc_nano.a
LOAD C:/ST/STM32CubeIDE_2.0.0/STM32CubeIDE/plugins/com.st.stm32cube.ide.mcu.externaltools.gnu-tools-for-stm32.13.3.rel1.win32_1.0.100.202509120712/tools/bin/../lib/gcc/arm-none-eabi/13.3.1/../../../../arm-none-eabi/lib/thumb/v7e-m+fp/hard\libnosys.a
END GROUP
LOAD C:/ST/STM32CubeIDE_2.0.0/STM32CubeIDE/plugins/com.st.stm32cube.ide.mcu.externaltools.gnu-tools-for-stm32.13.3.rel1.win32_1.0.100.202509120712/tools/bin/../lib/gcc/arm-none-eabi/13.3.1/thumb/v7e-m+fp/hard/crtend.o
LOAD C:/ST/STM32CubeIDE_2.0.0/STM32CubeIDE/plugins/com.st.stm32cube.ide.mcu.externaltools.gnu-tools-for-stm32.13.3.rel1.win32_1.0.100.202509120712/tools/bin/../lib/gcc/arm-none-eabi/13.3.1/thumb/v7e-m+fp/hard/crtn.o
                0x20020000                        _estack = (ORIGIN (RAM) + LENGTH (RAM))
                0x00000200                        _Min_Heap_Size = 0x200
                0x00000400                        _Min_Stack_Size = 0x400

.isr_vector     0x08000000      0x188
                0x08000000                        . = ALIGN (0x4)
 *(.isr_vector)
 .isr_vector    0x08000000      0x188 ./Core/Startup/startup_stm32f407vetx.o
                0x08000000                g_pfnVectors
                0x08000188                        . = ALIGN (0x4)

.text           0x08000190    0x111c0
                0x08000190                        . = ALIGN (0x4)
 *(.text)
 .text          0x08000190       0x40 C:/ST/STM32CubeIDE_2.0.0/STM32CubeIDE/plugins/com.st.stm32cube.ide.mcu.externaltools.gnu-tools-for-stm32.13.3.rel1.win32_1.0.100.202509120712/tools/bin/../lib/gcc/arm-none-eabi/13.3.1/thumb/v7e-m+fp/hard/crtbegin.o
 .text          0x080001d0       0x10 C:/ST/STM32CubeIDE_2.0.0/STM32CubeIDE/plugins/com.st.stm32cube.ide.mcu.externaltools.gnu-tools-for-stm32.13.3.rel1.win32_1.0.100.202509120712/tools/bin/../lib/gcc/arm-none-eabi/13.3.1/../../../../arm-none-eabi/lib/thumb/v7e-m+fp/hard\libc_nano.a(libc_a-strlen.o)
                0x080001d0                strlen
 .text          0x080001e0       0xa0 C:/ST/STM32CubeIDE_2.0.0/STM32CubeIDE/plugins/com.st.stm32cube.ide.mcu.externaltools.gnu-tools-for-stm32.13.3.rel1.win32_1.0.100.202509120712/tools/bin/../lib/gcc/arm-none-eabi/13.3.1/../../../../arm-none-eabi/lib/thumb/v7e-m+fp/hard\libc_nano.a(libc_a-memchr.o)
                0x080001e0                memchr
 .text          0x08000280      0x378 C:/ST/STM32CubeIDE_2.0.0/STM32CubeIDE/plugins/com.st.stm32cube.ide.mcu.externaltools.gnu-tools-for-stm32.13.3.rel1.win32_1.0.100.202509120712/tools/bin/../lib/gcc/arm-none-eabi/13.3.1/thumb/v7e-m+fp/hard\libgcc.a(_arm_addsubdf3.o)
                0x08000280                __aeabi_drsub
                0x08000288                __aeabi_dsub
                0x08000288                __subdf3
                0x0800028c                __aeabi_dadd
                0x0800028c                __adddf3
                0x08000504                __floatunsidf
                0x08000504                __aeabi_ui2d
                0x08000524                __floatsidf
                0x08000524                __aeabi_i2d
                0x08000548                __aeabi_f2d
                0x08000548                __extendsfdf2
                0x0800058c                __floatundidf
                0x0800058c                __aeabi_ul2d
                0x0800059c                __floatdidf
                0x0800059c                __aeabi_l2d
 .text          0x080005f8      0x424 C:/ST/STM32CubeIDE_2.0.0/STM32CubeIDE/plugins/com.st.stm32cube.ide.mcu.externaltools.gnu-tools-for-stm32.13.3.rel1.win32_1.0.100.202509120712/tools/bin/../lib/gcc/arm-none-eabi/13.3.1/thumb/v7e-m+fp/hard\libgcc.a(_arm_muldivdf3.o)
                0x080005f8                __aeabi_dmul
                0x080005f8                __muldf3
                0x0800084c                __divdf3
                0x0800084c                __aeabi_ddiv
 .text          0x08000a1c      0x110 C:/ST/STM32CubeIDE_2.0.0/STM32CubeIDE/plugins/com.st.stm32cube.ide.mcu.externaltools.gnu-tools-for-stm32.13.3.rel1.win32_1.0.100.202509120712/tools/bin/../lib/gcc/arm-none-eabi/13.3.1/thumb/v7e-m+fp/hard\libgcc.a(_arm_cmpdf2.o)
                0x08000a1c                __gtdf2
                0x08000a1c                __gedf2
                0x08000a24                __ltdf2
                0x08000a24                __ledf2
                0x08000a2c                __nedf2
                0x08000a2c                __eqdf2
                0x08000a2c                __cmpdf2
                0x08000aa8                __aeabi_cdrcmple
                0x08000ab8                __aeabi_cdcmpeq
                0x08000ab8                __aeabi_cdcmple
                0x08000ac8                __aeabi_dcmpeq
                0x08000adc                __aeabi_dcmplt
                0x08000af0                __aeabi_dcmple
                0x08000b04                __aeabi_dcmpge
                0x08000b18                __aeabi_dcmpgt
 .text          0x08000b2c       0x2c C:/ST/STM32CubeIDE_2.0.0/STM32CubeIDE/plugins/com.st.stm32cube.ide.mcu.externaltools.gnu-tools-for-stm32.13.3.rel1.win32_1.0.100.202509120712/tools/bin/../lib/gcc/arm-none-eabi/13.3.1/thumb/v7e-m+fp/hard\libgcc.a(_arm_unorddf2.o)
                0x08000b2c                __unorddf2
                0x08000b2c                __aeabi_dcmpun
 .text          0x08000b58       0x50 C:/ST/STM32CubeIDE_2.0.0/STM32CubeIDE/plugins/com.st.stm32cube.ide.mcu.externaltools.gnu-tools-for-stm32.13.3.rel1.win32_1.0.100.202509120712/tools/bin/../lib/gcc/arm-none-eabi/13.3.1/thumb/v7e-m+fp/hard\libgcc.a(_arm_fixdfsi.o)
                0x08000b58                __aeabi_d2iz
                0x08000b58                __fixdfsi
 .text          0x08000ba8       0x40 C:/ST/STM32CubeIDE_2.0.0/STM32CubeIDE/plugins/com.st.stm32cube.ide.mcu.externaltools.gnu-tools-for-stm32.13.3.rel1.win32_1.0.100.202509120712/tools/bin/../lib/gcc/arm-none-eabi/13.3.1/thumb/v7e-m+fp/hard\libgcc.a(_arm_fixunsdfsi.o)
                0x08000ba8                __aeabi_d2uiz
                0x08000ba8                __fixunsdfsi
 .text          0x08000be8       0x30 C:/ST/STM32CubeIDE_2.0.0/STM32CubeIDE/plugins/com.st.stm32cube.ide.mcu.externaltools.gnu-tools-for-stm32.13.3.rel1.win32_1.0.100.202509120712/tools/bin/../lib/gcc/arm-none-eabi/13.3.1/thumb/v7e-m+fp/hard\libgcc.a(_aeabi_uldivmod.o)
                0x08000be8                __aeabi_uldivmod
 .text          0x08000c18      0x2f8 C:/ST/STM32CubeIDE_2.0.0/STM32CubeIDE/plugins/com.st.stm32cube.ide.mcu.externaltools.gnu-tools-for-stm32.13.3.rel1.win32_1.0.100.202509120712/tools/bin/../lib/gcc/arm-none-eabi/13.3.1/thumb/v7e-m+fp/hard\libgcc.a(_udivmoddi4.o)
                0x08000c18                __udivmoddi4
 .text          0x08000f10        0x4 C:/ST/STM32CubeIDE_2.0.0/STM32CubeIDE/plugins/com.st.stm32cube.ide.mcu.externaltools.gnu-tools-for-stm32.13.3.rel1.win32_1.0.100.202509120712/tools/bin/../lib/gcc/arm-none-eabi/13.3.1/thumb/v7e-m+fp/hard\libgcc.a(_dvmd_tls.o)
                0x08000f10                __aeabi_idiv0
                0x08000f10                __aeabi_ldiv0
 *(.text*)
 .text.getRequestedAngle
                0x08000f14       0x78 ./Core/Src/main.o
                0x08000f14                getRequestedAngle
 .text.getRequestedVerticalDisplacement
                0x08000f8c       0x78 ./Core/Src/main.o
                0x08000f8c                getRequestedVerticalDisplacement
 .text.getRequestedMultiplier
                0x08001004       0x7c ./Core/Src/main.o
                0x08001004                getRequestedMultiplier
 .text.euclideanDis
                0x08001080       0xa0 ./Core/Src/main.o
                0x08001080                euclideanDis
 .text.sendPosOrienData
                0x08001120       0x90 ./Core/Src/main.o
                0x08001120                sendPosOrienData
 .text.sendDistanceFromObstacle
                0x080011b0       0x3c ./Core/Src/main.o
                0x080011b0                sendDistanceFromObstacle
 .text.main     0x080011ec      0x1f8 ./Core/Src/main.o
                0x080011ec                main
 .text.SystemClock_Config
                0x080013e4       0xbc ./Core/Src/main.o
                0x080013e4                SystemClock_Config
 .text.MX_I2C2_Init
                0x080014a0       0x5c ./Core/Src/main.o
 .text.MX_TIM1_Init
                0x080014fc      0x158 ./Core/Src/main.o
 .text.MX_TIM2_Init
                0x08001654       0xa8 ./Core/Src/main.o
 .text.MX_TIM3_Init
                0x080016fc       0xa8 ./Core/Src/main.o
 .text.MX_TIM4_Init
                0x080017a4      0x104 ./Core/Src/main.o
 .text.MX_TIM5_Init
                0x080018a8       0xa8 ./Core/Src/main.o
 .text.MX_TIM9_Init
                0x08001950       0xdc ./Core/Src/main.o
 .text.MX_TIM12_Init
                0x08001a2c       0xc4 ./Core/Src/main.o
 .text.MX_USART3_UART_Init
                0x08001af0       0x54 ./Core/Src/main.o
 .text.MX_DMA_Init
                0x08001b44       0x40 ./Core/Src/main.o
 .text.MX_GPIO_Init
                0x08001b84       0xf0 ./Core/Src/main.o
 .text.show     0x08001c74       0xb8 ./Core/Src/main.o
                0x08001c74                show
 *fill*         0x08001d2c        0x4 
 .text.servo_motor
                0x08001d30     0x20e0 ./Core/Src/main.o
                0x08001d30                servo_motor
 .text.motor    0x08003e10      0x82c ./Core/Src/main.o
                0x08003e10                motor
 .text.UART_comm_task
                0x0800463c       0x90 ./Core/Src/main.o
                0x0800463c                UART_comm_task
 *fill*         0x080046cc        0x4 
 .text.Caculate_Pos
                0x080046d0      0x188 ./Core/Src/main.o
                0x080046d0                Caculate_Pos
 .text.orientationCal
                0x08004858       0xc8 ./Core/Src/main.o
                0x08004858                orientationCal
 .text.Error_Handler
                0x08004920        0xc ./Core/Src/main.o
                0x08004920                Error_Handler
 .text.HAL_MspInit
                0x0800492c       0x58 ./Core/Src/stm32f4xx_hal_msp.o
                0x0800492c                HAL_MspInit
 .text.HAL_I2C_MspInit
                0x08004984       0x90 ./Core/Src/stm32f4xx_hal_msp.o
                0x08004984                HAL_I2C_MspInit
 .text.HAL_TIM_Base_MspInit
                0x08004a14       0xc8 ./Core/Src/stm32f4xx_hal_msp.o
                0x08004a14                HAL_TIM_Base_MspInit
 .text.HAL_TIM_Encoder_MspInit
                0x08004adc      0x1ac ./Core/Src/stm32f4xx_hal_msp.o
                0x08004adc                HAL_TIM_Encoder_MspInit
 .text.HAL_TIM_MspPostInit
                0x08004c88      0x160 ./Core/Src/stm32f4xx_hal_msp.o
                0x08004c88                HAL_TIM_MspPostInit
 .text.HAL_UART_MspInit
                0x08004de8      0x104 ./Core/Src/stm32f4xx_hal_msp.o
                0x08004de8                HAL_UART_MspInit
 .text.NMI_Handler
                0x08004eec        0x8 ./Core/Src/stm32f4xx_it.o
                0x08004eec                NMI_Handler
 .text.HardFault_Handler
                0x08004ef4        0x8 ./Core/Src/stm32f4xx_it.o
                0x08004ef4                HardFault_Handler
 .text.MemManage_Handler
                0x08004efc        0x8 ./Core/Src/stm32f4xx_it.o
                0x08004efc                MemManage_Handler
 .text.BusFault_Handler
                0x08004f04        0x8 ./Core/Src/stm32f4xx_it.o
                0x08004f04                BusFault_Handler
 .text.UsageFault_Handler
                0x08004f0c        0x8 ./Core/Src/stm32f4xx_it.o
                0x08004f0c                UsageFault_Handler
 .text.DebugMon_Handler
                0x08004f14        0xe ./Core/Src/stm32f4xx_it.o
                0x08004f14                DebugMon_Handler
 .text.SysTick_Handler
                0x08004f22       0x1a ./Core/Src/stm32f4xx_it.o
                0x08004f22                SysTick_Handler
 .text.DMA1_Stream1_IRQHandler
                0x08004f3c       0x14 ./Core/Src/stm32f4xx_it.o
                0x08004f3c                DMA1_Stream1_IRQHandler
 .text.TIM2_IRQHandler
                0x08004f50       0x14 ./Core/Src/stm32f4xx_it.o
                0x08004f50                TIM2_IRQHandler
 .text.USART3_IRQHandler
                0x08004f64       0x14 ./Core/Src/stm32f4xx_it.o
                0x08004f64                USART3_IRQHandler
 .text._sbrk    0x08004f78       0x6c ./Core/Src/sysmem.o
                0x08004f78                _sbrk
 .text.SystemInit
                0x08004fe4       0x24 ./Core/Src/system_stm32f4xx.o
                0x08004fe4                SystemInit
 .text.Reset_Handler
                0x08005008       0x50 ./Core/Startup/startup_stm32f407vetx.o
                0x08005008                Reset_Handler
 .text.Default_Handler
                0x08005058        0x2 ./Core/Startup/startup_stm32f407vetx.o
                0x08005058                RTC_Alarm_IRQHandler
                0x08005058                HASH_RNG_IRQHandler
                0x08005058                EXTI2_IRQHandler
                0x08005058                TIM8_CC_IRQHandler
                0x08005058                TIM1_CC_IRQHandler
                0x08005058                DMA2_Stream5_IRQHandler
                0x08005058                DMA1_Stream5_IRQHandler
                0x08005058                PVD_IRQHandler
                0x08005058                SDIO_IRQHandler
                0x08005058                TAMP_STAMP_IRQHandler
                0x08005058                CAN2_RX1_IRQHandler
                0x08005058                EXTI3_IRQHandler
                0x08005058                TIM8_TRG_COM_TIM14_IRQHandler
                0x08005058                TIM1_UP_TIM10_IRQHandler
                0x08005058                TIM8_UP_TIM13_IRQHandler
                0x08005058                I2C3_ER_IRQHandler
                0x08005058                EXTI0_IRQHandler
                0x08005058                I2C2_EV_IRQHandler
                0x08005058                DMA1_Stream2_IRQHandler
                0x08005058                CAN1_RX0_IRQHandler
                0x08005058                FPU_IRQHandler
                0x08005058                OTG_HS_WKUP_IRQHandler
                0x08005058                CAN2_SCE_IRQHandler
                0x08005058                DMA2_Stream2_IRQHandler
                0x08005058                SPI1_IRQHandler
                0x08005058                TIM6_DAC_IRQHandler
                0x08005058                TIM1_BRK_TIM9_IRQHandler
                0x08005058                DCMI_IRQHandler
                0x08005058                CAN2_RX0_IRQHandler
                0x08005058                DMA2_Stream3_IRQHandler
                0x08005058                USART6_IRQHandler
                0x08005058                CAN1_RX1_IRQHandler
                0x08005058                UART5_IRQHandler
                0x08005058                DMA2_Stream0_IRQHandler
                0x08005058                TIM4_IRQHandler
                0x08005058                I2C1_EV_IRQHandler
                0x08005058                DMA1_Stream6_IRQHandler
                0x08005058                UART4_IRQHandler
                0x08005058                TIM3_IRQHandler
                0x08005058                RCC_IRQHandler
                0x08005058                TIM8_BRK_TIM12_IRQHandler
                0x08005058                Default_Handler
                0x08005058                EXTI15_10_IRQHandler
                0x08005058                ADC_IRQHandler
                0x08005058                DMA1_Stream7_IRQHandler
                0x08005058                TIM7_IRQHandler
                0x08005058                CAN2_TX_IRQHandler
                0x08005058                TIM5_IRQHandler
                0x08005058                DMA2_Stream7_IRQHandler
                0x08005058                I2C3_EV_IRQHandler
                0x08005058                EXTI9_5_IRQHandler
                0x08005058                RTC_WKUP_IRQHandler
                0x08005058                ETH_WKUP_IRQHandler
                0x08005058                SPI2_IRQHandler
                0x08005058                OTG_HS_EP1_IN_IRQHandler
                0x08005058                DMA1_Stream0_IRQHandler
                0x08005058                CAN1_TX_IRQHandler
                0x08005058                EXTI4_IRQHandler
                0x08005058                FSMC_IRQHandler
                0x08005058                ETH_IRQHandler
                0x08005058                OTG_HS_EP1_OUT_IRQHandler
                0x08005058                WWDG_IRQHandler
                0x08005058                OTG_FS_WKUP_IRQHandler
                0x08005058                TIM1_TRG_COM_TIM11_IRQHandler
                0x08005058                OTG_HS_IRQHandler
                0x08005058                EXTI1_IRQHandler
                0x08005058                USART2_IRQHandler
                0x08005058                I2C2_ER_IRQHandler
                0x08005058                DMA2_Stream1_IRQHandler
                0x08005058                CAN1_SCE_IRQHandler
                0x08005058                FLASH_IRQHandler
                0x08005058                DMA2_Stream4_IRQHandler
                0x08005058                USART1_IRQHandler
                0x08005058                OTG_FS_IRQHandler
                0x08005058                SPI3_IRQHandler
                0x08005058                DMA1_Stream4_IRQHandler
                0x08005058                I2C1_ER_IRQHandler
                0x08005058                DMA2_Stream6_IRQHandler
                0x08005058                DMA1_Stream3_IRQHandler
 *fill*         0x0800505a        0x2 
 .text.HAL_Init
                0x0800505c       0x44 ./Drivers/STM32F4xx_HAL_Driver/Src/stm32f4xx_hal.o
                0x0800505c                HAL_Init
 .text.HAL_InitTick
                0x080050a0       0x60 ./Drivers/STM32F4xx_HAL_Driver/Src/stm32f4xx_hal.o
                0x080050a0                HAL_InitTick
 .text.HAL_IncTick
                0x08005100       0x28 ./Drivers/STM32F4xx_HAL_Driver/Src/stm32f4xx_hal.o
                0x08005100                HAL_IncTick
 .text.HAL_GetTick
                0x08005128       0x18 ./Drivers/STM32F4xx_HAL_Driver/Src/stm32f4xx_hal.o
                0x08005128                HAL_GetTick
 .text.HAL_Delay
                0x08005140       0x48 ./Drivers/STM32F4xx_HAL_Driver/Src/stm32f4xx_hal.o
                0x08005140                HAL_Delay
 .text.__NVIC_SetPriorityGrouping
                0x08005188       0x48 ./Drivers/STM32F4xx_HAL_Driver/Src/stm32f4xx_hal_cortex.o
 .text.__NVIC_GetPriorityGrouping
                0x080051d0       0x1c ./Drivers/STM32F4xx_HAL_Driver/Src/stm32f4xx_hal_cortex.o
 .text.__NVIC_EnableIRQ
                0x080051ec       0x3c ./Drivers/STM32F4xx_HAL_Driver/Src/stm32f4xx_hal_cortex.o
 .text.__NVIC_SetPriority
                0x08005228       0x54 ./Drivers/STM32F4xx_HAL_Driver/Src/stm32f4xx_hal_cortex.o
 .text.NVIC_EncodePriority
                0x0800527c       0x66 ./Drivers/STM32F4xx_HAL_Driver/Src/stm32f4xx_hal_cortex.o
 *fill*         0x080052e2        0x2 
 .text.SysTick_Config
                0x080052e4       0x44 ./Drivers/STM32F4xx_HAL_Driver/Src/stm32f4xx_hal_cortex.o
 .text.HAL_NVIC_SetPriorityGrouping
                0x08005328       0x16 ./Drivers/STM32F4xx_HAL_Driver/Src/stm32f4xx_hal_cortex.o
                0x08005328                HAL_NVIC_SetPriorityGrouping
 .text.HAL_NVIC_SetPriority
                0x0800533e       0x38 ./Drivers/STM32F4xx_HAL_Driver/Src/stm32f4xx_hal_cortex.o
                0x0800533e                HAL_NVIC_SetPriority
 .text.HAL_NVIC_EnableIRQ
                0x08005376       0x1c ./Drivers/STM32F4xx_HAL_Driver/Src/stm32f4xx_hal_cortex.o
                0x08005376                HAL_NVIC_EnableIRQ
 .text.HAL_SYSTICK_Config
                0x08005392       0x18 ./Drivers/STM32F4xx_HAL_Driver/Src/stm32f4xx_hal_cortex.o
                0x08005392                HAL_SYSTICK_Config
 *fill*         0x080053aa        0x2 
 .text.HAL_DMA_Init
                0x080053ac      0x15c ./Drivers/STM32F4xx_HAL_Driver/Src/stm32f4xx_hal_dma.o
                0x080053ac                HAL_DMA_Init
 .text.HAL_DMA_Start_IT
                0x08005508       0xb0 ./Drivers/STM32F4xx_HAL_Driver/Src/stm32f4xx_hal_dma.o
                0x08005508                HAL_DMA_Start_IT
 .text.HAL_DMA_Abort
                0x080055b8       0xe0 ./Drivers/STM32F4xx_HAL_Driver/Src/stm32f4xx_hal_dma.o
                0x080055b8                HAL_DMA_Abort
 .text.HAL_DMA_Abort_IT
                0x08005698       0x44 ./Drivers/STM32F4xx_HAL_Driver/Src/stm32f4xx_hal_dma.o
                0x08005698                HAL_DMA_Abort_IT
 .text.HAL_DMA_IRQHandler
                0x080056dc      0x314 ./Drivers/STM32F4xx_HAL_Driver/Src/stm32f4xx_hal_dma.o
                0x080056dc                HAL_DMA_IRQHandler
 .text.DMA_SetConfig
                0x080059f0       0x5c ./Drivers/STM32F4xx_HAL_Driver/Src/stm32f4xx_hal_dma.o
 .text.DMA_CalcBaseAndBitshift
                0x08005a4c       0x6c ./Drivers/STM32F4xx_HAL_Driver/Src/stm32f4xx_hal_dma.o
 .text.DMA_CheckFifoParam
                0x08005ab8       0xf8 ./Drivers/STM32F4xx_HAL_Driver/Src/stm32f4xx_hal_dma.o
 .text.HAL_GPIO_Init
                0x08005bb0      0x338 ./Drivers/STM32F4xx_HAL_Driver/Src/stm32f4xx_hal_gpio.o
                0x08005bb0                HAL_GPIO_Init
 .text.HAL_GPIO_WritePin
                0x08005ee8       0x32 ./Drivers/STM32F4xx_HAL_Driver/Src/stm32f4xx_hal_gpio.o
                0x08005ee8                HAL_GPIO_WritePin
 *fill*         0x08005f1a        0x2 
 .text.HAL_I2C_Init
                0x08005f1c      0x288 ./Drivers/STM32F4xx_HAL_Driver/Src/stm32f4xx_hal_i2c.o
                0x08005f1c                HAL_I2C_Init
 .text.HAL_I2C_Mem_Write
                0x080061a4      0x1f4 ./Drivers/STM32F4xx_HAL_Driver/Src/stm32f4xx_hal_i2c.o
                0x080061a4                HAL_I2C_Mem_Write
 .text.HAL_I2C_Mem_Read
                0x08006398      0x464 ./Drivers/STM32F4xx_HAL_Driver/Src/stm32f4xx_hal_i2c.o
                0x08006398                HAL_I2C_Mem_Read
 .text.I2C_RequestMemoryWrite
                0x080067fc      0x12c ./Drivers/STM32F4xx_HAL_Driver/Src/stm32f4xx_hal_i2c.o
 .text.I2C_RequestMemoryRead
                0x08006928      0x1d0 ./Drivers/STM32F4xx_HAL_Driver/Src/stm32f4xx_hal_i2c.o
 .text.I2C_WaitOnFlagUntilTimeout
                0x08006af8       0xf4 ./Drivers/STM32F4xx_HAL_Driver/Src/stm32f4xx_hal_i2c.o
 .text.I2C_WaitOnMasterAddressFlagUntilTimeout
                0x08006bec      0x140 ./Drivers/STM32F4xx_HAL_Driver/Src/stm32f4xx_hal_i2c.o
 .text.I2C_WaitOnTXEFlagUntilTimeout
                0x08006d2c       0x90 ./Drivers/STM32F4xx_HAL_Driver/Src/stm32f4xx_hal_i2c.o
 .text.I2C_WaitOnBTFFlagUntilTimeout
                0x08006dbc       0x90 ./Drivers/STM32F4xx_HAL_Driver/Src/stm32f4xx_hal_i2c.o
 .text.I2C_WaitOnRXNEFlagUntilTimeout
                0x08006e4c       0xba ./Drivers/STM32F4xx_HAL_Driver/Src/stm32f4xx_hal_i2c.o
 .text.I2C_IsAcknowledgeFailed
                0x08006f06       0x5e ./Drivers/STM32F4xx_HAL_Driver/Src/stm32f4xx_hal_i2c.o
 .text.HAL_PWR_EnableBkUpAccess
                0x08006f64       0x28 ./Drivers/STM32F4xx_HAL_Driver/Src/stm32f4xx_hal_pwr.o
                0x08006f64                HAL_PWR_EnableBkUpAccess
 .text.HAL_PWR_DisableBkUpAccess
                0x08006f8c       0x28 ./Drivers/STM32F4xx_HAL_Driver/Src/stm32f4xx_hal_pwr.o
                0x08006f8c                HAL_PWR_DisableBkUpAccess
 .text.HAL_RCC_OscConfig
                0x08006fb4      0x4f0 ./Drivers/STM32F4xx_HAL_Driver/Src/stm32f4xx_hal_rcc.o
                0x08006fb4                HAL_RCC_OscConfig
 .text.HAL_RCC_ClockConfig
                0x080074a4      0x1cc ./Drivers/STM32F4xx_HAL_Driver/Src/stm32f4xx_hal_rcc.o
                0x080074a4                HAL_RCC_ClockConfig
 .text.HAL_RCC_GetSysClockFreq
                0x08007670      0x18c ./Drivers/STM32F4xx_HAL_Driver/Src/stm32f4xx_hal_rcc.o
                0x08007670                HAL_RCC_GetSysClockFreq
 .text.HAL_RCC_GetHCLKFreq
                0x080077fc       0x18 ./Drivers/STM32F4xx_HAL_Driver/Src/stm32f4xx_hal_rcc.o
                0x080077fc                HAL_RCC_GetHCLKFreq
 .text.HAL_RCC_GetPCLK1Freq
                0x08007814       0x28 ./Drivers/STM32F4xx_HAL_Driver/Src/stm32f4xx_hal_rcc.o
                0x08007814                HAL_RCC_GetPCLK1Freq
 .text.HAL_RCC_GetPCLK2Freq
                0x0800783c       0x28 ./Drivers/STM32F4xx_HAL_Driver/Src/stm32f4xx_hal_rcc.o
                0x0800783c                HAL_RCC_GetPCLK2Freq
 .text.HAL_TIM_Base_Init
                0x08007864       0x9e ./Drivers/STM32F4xx_HAL_Driver/Src/stm32f4xx_hal_tim.o
                0x08007864                HAL_TIM_Base_Init
 .text.HAL_TIM_PWM_Init
                0x08007902       0x9e ./Drivers/STM32F4xx_HAL_Driver/Src/stm32f4xx_hal_tim.o
                0x08007902                HAL_TIM_PWM_Init
 .text.HAL_TIM_PWM_MspInit
                0x080079a0       0x14 ./Drivers/STM32F4xx_HAL_Driver/Src/stm32f4xx_hal_tim.o
                0x080079a0                HAL_TIM_PWM_MspInit
 .text.HAL_TIM_PWM_Start
                0x080079b4      0x190 ./Drivers/STM32F4xx_HAL_Driver/Src/stm32f4xx_hal_tim.o
                0x080079b4                HAL_TIM_PWM_Start
 .text.HAL_TIM_Encoder_Init
                0x08007b44      0x14c ./Drivers/STM32F4xx_HAL_Driver/Src/stm32f4xx_hal_tim.o
                0x08007b44                HAL_TIM_Encoder_Init
 .text.HAL_TIM_Encoder_Start
                0x08007c90      0x11c ./Drivers/STM32F4xx_HAL_Driver/Src/stm32f4xx_hal_tim.o
                0x08007c90                HAL_TIM_Encoder_Start
 .text.HAL_TIM_IRQHandler
                0x08007dac      0x1e0 ./Drivers/STM32F4xx_HAL_Driver/Src/stm32f4xx_hal_tim.o
                0x08007dac                HAL_TIM_IRQHandler
 .text.HAL_TIM_PWM_ConfigChannel
                0x08007f8c      0x184 ./Drivers/STM32F4xx_HAL_Driver/Src/stm32f4xx_hal_tim.o
                0x08007f8c                HAL_TIM_PWM_ConfigChannel
 .text.HAL_TIM_ConfigClockSource
                0x08008110      0x18e ./Drivers/STM32F4xx_HAL_Driver/Src/stm32f4xx_hal_tim.o
                0x08008110                HAL_TIM_ConfigClockSource
 *fill*         0x0800829e        0x2 
 .text.HAL_TIM_ReadCapturedValue
                0x080082a0       0x88 ./Drivers/STM32F4xx_HAL_Driver/Src/stm32f4xx_hal_tim.o
                0x080082a0                HAL_TIM_ReadCapturedValue
 .text.HAL_TIM_PeriodElapsedCallback
                0x08008328       0x14 ./Drivers/STM32F4xx_HAL_Driver/Src/stm32f4xx_hal_tim.o
                0x08008328                HAL_TIM_PeriodElapsedCallback
 .text.HAL_TIM_OC_DelayElapsedCallback
                0x0800833c       0x14 ./Drivers/STM32F4xx_HAL_Driver/Src/stm32f4xx_hal_tim.o
                0x0800833c                HAL_TIM_OC_DelayElapsedCallback
 .text.HAL_TIM_PWM_PulseFinishedCallback
                0x08008350       0x14 ./Drivers/STM32F4xx_HAL_Driver/Src/stm32f4xx_hal_tim.o
                0x08008350                HAL_TIM_PWM_PulseFinishedCallback
 .text.HAL_TIM_TriggerCallback
                0x08008364       0x14 ./Drivers/STM32F4xx_HAL_Driver/Src/stm32f4xx_hal_tim.o
                0x08008364                HAL_TIM_TriggerCallback
 .text.TIM_Base_SetConfig
                0x08008378      0x14c ./Drivers/STM32F4xx_HAL_Driver/Src/stm32f4xx_hal_tim.o
                0x08008378                TIM_Base_SetConfig
 .text.TIM_OC1_SetConfig
                0x080084c4       0xe0 ./Drivers/STM32F4xx_HAL_Driver/Src/stm32f4xx_hal_tim.o
 .text.TIM_OC2_SetConfig
                0x080085a4       0xec ./Drivers/STM32F4xx_HAL_Driver/Src/stm32f4xx_hal_tim.o
                0x080085a4                TIM_OC2_SetConfig
 .text.TIM_OC3_SetConfig
                0x08008690       0xe8 ./Drivers/STM32F4xx_HAL_Driver/Src/stm32f4xx_hal_tim.o
 .text.TIM_OC4_SetConfig
                0x08008778       0xac ./Drivers/STM32F4xx_HAL_Driver/Src/stm32f4xx_hal_tim.o
 .text.TIM_TI1_ConfigInputStage
                0x08008824       0x5e ./Drivers/STM32F4xx_HAL_Driver/Src/stm32f4xx_hal_tim.o
 .text.TIM_TI2_ConfigInputStage
                0x08008882       0x60 ./Drivers/STM32F4xx_HAL_Driver/Src/stm32f4xx_hal_tim.o
 .text.TIM_ITRx_SetConfig
                0x080088e2       0x36 ./Drivers/STM32F4xx_HAL_Driver/Src/stm32f4xx_hal_tim.o
 .text.TIM_ETR_SetConfig
                0x08008918       0x40 ./Drivers/STM32F4xx_HAL_Driver/Src/stm32f4xx_hal_tim.o
                0x08008918                TIM_ETR_SetConfig
 .text.TIM_CCxChannelCmd
                0x08008958       0x4a ./Drivers/STM32F4xx_HAL_Driver/Src/stm32f4xx_hal_tim.o
                0x08008958                TIM_CCxChannelCmd
 *fill*         0x080089a2        0x2 
 .text.HAL_TIMEx_MasterConfigSynchronization
                0x080089a4       0xf8 ./Drivers/STM32F4xx_HAL_Driver/Src/stm32f4xx_hal_tim_ex.o
                0x080089a4                HAL_TIMEx_MasterConfigSynchronization
 .text.HAL_TIMEx_ConfigBreakDeadTime
                0x08008a9c       0xa4 ./Drivers/STM32F4xx_HAL_Driver/Src/stm32f4xx_hal_tim_ex.o
                0x08008a9c                HAL_TIMEx_ConfigBreakDeadTime
 .text.HAL_TIMEx_CommutCallback
                0x08008b40       0x14 ./Drivers/STM32F4xx_HAL_Driver/Src/stm32f4xx_hal_tim_ex.o
                0x08008b40                HAL_TIMEx_CommutCallback
 .text.HAL_TIMEx_BreakCallback
                0x08008b54       0x14 ./Drivers/STM32F4xx_HAL_Driver/Src/stm32f4xx_hal_tim_ex.o
                0x08008b54                HAL_TIMEx_BreakCallback
 .text.HAL_UART_Init
                0x08008b68       0xa0 ./Drivers/STM32F4xx_HAL_Driver/Src/stm32f4xx_hal_uart.o
                0x08008b68                HAL_UART_Init
 .text.HAL_UART_Transmit
                0x08008c08      0x116 ./Drivers/STM32F4xx_HAL_Driver/Src/stm32f4xx_hal_uart.o
                0x08008c08                HAL_UART_Transmit
 .text.HAL_UARTEx_ReceiveToIdle_DMA
                0x08008d1e       0xb2 ./Drivers/STM32F4xx_HAL_Driver/Src/stm32f4xx_hal_uart.o
                0x08008d1e                HAL_UARTEx_ReceiveToIdle_DMA
 .text.HAL_UART_IRQHandler
                0x08008dd0      0x554 ./Drivers/STM32F4xx_HAL_Driver/Src/stm32f4xx_hal_uart.o
                0x08008dd0                HAL_UART_IRQHandler
 .text.HAL_UART_TxCpltCallback
                0x08009324       0x14 ./Drivers/STM32F4xx_HAL_Driver/Src/stm32f4xx_hal_uart.o
                0x08009324                HAL_UART_TxCpltCallback
 .text.HAL_UART_RxCpltCallback
                0x08009338       0x14 ./Drivers/STM32F4xx_HAL_Driver/Src/stm32f4xx_hal_uart.o
                0x08009338                HAL_UART_RxCpltCallback
 .text.HAL_UART_RxHalfCpltCallback
                0x0800934c       0x14 ./Drivers/STM32F4xx_HAL_Driver/Src/stm32f4xx_hal_uart.o
                0x0800934c                HAL_UART_RxHalfCpltCallback
 .text.HAL_UART_ErrorCallback
                0x08009360       0x14 ./Drivers/STM32F4xx_HAL_Driver/Src/stm32f4xx_hal_uart.o
                0x08009360                HAL_UART_ErrorCallback
 .text.UART_DMAReceiveCplt
                0x08009374      0x12c ./Drivers/STM32F4xx_HAL_Driver/Src/stm32f4xx_hal_uart.o
 .text.UART_DMARxHalfCplt
                0x080094a0       0x3c ./Drivers/STM32F4xx_HAL_Driver/Src/stm32f4xx_hal_uart.o
 .text.UART_DMAError
                0x080094dc       0x94 ./Drivers/STM32F4xx_HAL_Driver/Src/stm32f4xx_hal_uart.o
 .text.UART_WaitOnFlagUntilTimeout
                0x08009570       0xb2 ./Drivers/STM32F4xx_HAL_Driver/Src/stm32f4xx_hal_uart.o
 *fill*         0x08009622        0x2 
 .text.UART_Start_Receive_DMA
                0x08009624      0x14c ./Drivers/STM32F4xx_HAL_Driver/Src/stm32f4xx_hal_uart.o
                0x08009624                UART_Start_Receive_DMA
 .text.UART_EndTxTransfer
                0x08009770       0x50 ./Drivers/STM32F4xx_HAL_Driver/Src/stm32f4xx_hal_uart.o
 .text.UART_EndRxTransfer
                0x080097c0       0xc6 ./Drivers/STM32F4xx_HAL_Driver/Src/stm32f4xx_hal_uart.o
 .text.UART_DMAAbortOnError
                0x08009886       0x22 ./Drivers/STM32F4xx_HAL_Driver/Src/stm32f4xx_hal_uart.o
 .text.UART_Transmit_IT
                0x080098a8       0xa0 ./Drivers/STM32F4xx_HAL_Driver/Src/stm32f4xx_hal_uart.o
 .text.UART_EndTransmit_IT
                0x08009948       0x30 ./Drivers/STM32F4xx_HAL_Driver/Src/stm32f4xx_hal_uart.o
 .text.UART_Receive_IT
                0x08009978      0x17c ./Drivers/STM32F4xx_HAL_Driver/Src/stm32f4xx_hal_uart.o
 .text.UART_SetConfig
                0x08009af4      0x4e8 ./Drivers/STM32F4xx_HAL_Driver/Src/stm32f4xx_hal_uart.o
 .text.__NVIC_SetPriority
                0x08009fdc       0x54 ./Middlewares/Third_Party/FreeRTOS/Source/CMSIS_RTOS_V2/cmsis_os2.o
 .text.SVC_Setup
                0x0800a030       0x12 ./Middlewares/Third_Party/FreeRTOS/Source/CMSIS_RTOS_V2/cmsis_os2.o
 *fill*         0x0800a042        0x2 
 .text.osKernelInitialize
                0x0800a044       0x48 ./Middlewares/Third_Party/FreeRTOS/Source/CMSIS_RTOS_V2/cmsis_os2.o
                0x0800a044                osKernelInitialize
 .text.osKernelStart
                0x0800a08c       0x4c ./Middlewares/Third_Party/FreeRTOS/Source/CMSIS_RTOS_V2/cmsis_os2.o
                0x0800a08c                osKernelStart
 .text.osThreadNew
                0x0800a0d8      0x124 ./Middlewares/Third_Party/FreeRTOS/Source/CMSIS_RTOS_V2/cmsis_os2.o
                0x0800a0d8                osThreadNew
 .text.osDelay  0x0800a1fc       0x36 ./Middlewares/Third_Party/FreeRTOS/Source/CMSIS_RTOS_V2/cmsis_os2.o
                0x0800a1fc                osDelay
 .text.osSemaphoreNew
                0x0800a232      0x112 ./Middlewares/Third_Party/FreeRTOS/Source/CMSIS_RTOS_V2/cmsis_os2.o
                0x0800a232                osSemaphoreNew
 .text.osSemaphoreAcquire
                0x0800a344       0xa4 ./Middlewares/Third_Party/FreeRTOS/Source/CMSIS_RTOS_V2/cmsis_os2.o
                0x0800a344                osSemaphoreAcquire
 .text.osSemaphoreRelease
                0x0800a3e8       0x88 ./Middlewares/Third_Party/FreeRTOS/Source/CMSIS_RTOS_V2/cmsis_os2.o
                0x0800a3e8                osSemaphoreRelease
 .text.vApplicationGetIdleTaskMemory
                0x0800a470       0x34 ./Middlewares/Third_Party/FreeRTOS/Source/CMSIS_RTOS_V2/cmsis_os2.o
                0x0800a470                vApplicationGetIdleTaskMemory
 .text.vApplicationGetTimerTaskMemory
                0x0800a4a4       0x34 ./Middlewares/Third_Party/FreeRTOS/Source/CMSIS_RTOS_V2/cmsis_os2.o
                0x0800a4a4                vApplicationGetTimerTaskMemory
 .text.vListInitialise
                0x0800a4d8       0x40 ./Middlewares/Third_Party/FreeRTOS/Source/list.o
                0x0800a4d8                vListInitialise
 .text.vListInitialiseItem
                0x0800a518       0x1a ./Middlewares/Third_Party/FreeRTOS/Source/list.o
                0x0800a518                vListInitialiseItem
 .text.vListInsertEnd
                0x0800a532       0x48 ./Middlewares/Third_Party/FreeRTOS/Source/list.o
                0x0800a532                vListInsertEnd
 .text.vListInsert
                0x0800a57a       0x72 ./Middlewares/Third_Party/FreeRTOS/Source/list.o
                0x0800a57a                vListInsert
 .text.uxListRemove
                0x0800a5ec       0x54 ./Middlewares/Third_Party/FreeRTOS/Source/list.o
                0x0800a5ec                uxListRemove
 .text.xQueueGenericReset
                0x0800a640       0xd4 ./Middlewares/Third_Party/FreeRTOS/Source/queue.o
                0x0800a640                xQueueGenericReset
 .text.xQueueGenericCreateStatic
                0x0800a714       0xfa ./Middlewares/Third_Party/FreeRTOS/Source/queue.o
                0x0800a714                xQueueGenericCreateStatic
 .text.xQueueGenericCreate
                0x0800a80e       0x76 ./Middlewares/Third_Party/FreeRTOS/Source/queue.o
                0x0800a80e                xQueueGenericCreate
 .text.prvInitialiseNewQueue
                0x0800a884       0x46 ./Middlewares/Third_Party/FreeRTOS/Source/queue.o
 .text.xQueueCreateCountingSemaphoreStatic
                0x0800a8ca       0x72 ./Middlewares/Third_Party/FreeRTOS/Source/queue.o
                0x0800a8ca                xQueueCreateCountingSemaphoreStatic
 .text.xQueueCreateCountingSemaphore
                0x0800a93c       0x6a ./Middlewares/Third_Party/FreeRTOS/Source/queue.o
                0x0800a93c                xQueueCreateCountingSemaphore
 *fill*         0x0800a9a6        0x2 
 .text.xQueueGenericSend
                0x0800a9a8      0x204 ./Middlewares/Third_Party/FreeRTOS/Source/queue.o
                0x0800a9a8                xQueueGenericSend
 .text.xQueueGenericSendFromISR
                0x0800abac      0x13c ./Middlewares/Third_Party/FreeRTOS/Source/queue.o
                0x0800abac                xQueueGenericSendFromISR
 .text.xQueueGiveFromISR
                0x0800ace8      0x120 ./Middlewares/Third_Party/FreeRTOS/Source/queue.o
                0x0800ace8                xQueueGiveFromISR
 .text.xQueueReceive
                0x0800ae08      0x1c4 ./Middlewares/Third_Party/FreeRTOS/Source/queue.o
                0x0800ae08                xQueueReceive
 .text.xQueueSemaphoreTake
                0x0800afcc      0x220 ./Middlewares/Third_Party/FreeRTOS/Source/queue.o
                0x0800afcc                xQueueSemaphoreTake
 .text.xQueueReceiveFromISR
                0x0800b1ec      0x104 ./Middlewares/Third_Party/FreeRTOS/Source/queue.o
                0x0800b1ec                xQueueReceiveFromISR
 .text.vQueueDelete
                0x0800b2f0       0x48 ./Middlewares/Third_Party/FreeRTOS/Source/queue.o
                0x0800b2f0                vQueueDelete
 .text.prvGetDisinheritPriorityAfterTimeout
                0x0800b338       0x30 ./Middlewares/Third_Party/FreeRTOS/Source/queue.o
 .text.prvCopyDataToQueue
                0x0800b368       0xd4 ./Middlewares/Third_Party/FreeRTOS/Source/queue.o
 .text.prvCopyDataFromQueue
                0x0800b43c       0x4c ./Middlewares/Third_Party/FreeRTOS/Source/queue.o
 .text.prvUnlockQueue
                0x0800b488       0xa4 ./Middlewares/Third_Party/FreeRTOS/Source/queue.o
 .text.prvIsQueueEmpty
                0x0800b52c       0x2c ./Middlewares/Third_Party/FreeRTOS/Source/queue.o
 .text.prvIsQueueFull
                0x0800b558       0x30 ./Middlewares/Third_Party/FreeRTOS/Source/queue.o
 .text.vQueueAddToRegistry
                0x0800b588       0x54 ./Middlewares/Third_Party/FreeRTOS/Source/queue.o
                0x0800b588                vQueueAddToRegistry
 .text.vQueueUnregisterQueue
                0x0800b5dc       0x54 ./Middlewares/Third_Party/FreeRTOS/Source/queue.o
                0x0800b5dc                vQueueUnregisterQueue
 .text.vQueueWaitForMessageRestricted
                0x0800b630       0x68 ./Middlewares/Third_Party/FreeRTOS/Source/queue.o
                0x0800b630                vQueueWaitForMessageRestricted
 .text.xTaskCreateStatic
                0x0800b698       0xc0 ./Middlewares/Third_Party/FreeRTOS/Source/tasks.o
                0x0800b698                xTaskCreateStatic
 .text.xTaskCreate
                0x0800b758       0x8a ./Middlewares/Third_Party/FreeRTOS/Source/tasks.o
                0x0800b758                xTaskCreate
 .text.prvInitialiseNewTask
                0x0800b7e2      0x120 ./Middlewares/Third_Party/FreeRTOS/Source/tasks.o
 *fill*         0x0800b902        0x2 
 .text.prvAddNewTaskToReadyList
                0x0800b904       0xe0 ./Middlewares/Third_Party/FreeRTOS/Source/tasks.o
 .text.vTaskDelayUntil
                0x0800b9e4      0x100 ./Middlewares/Third_Party/FreeRTOS/Source/tasks.o
                0x0800b9e4                vTaskDelayUntil
 .text.vTaskDelay
                0x0800bae4       0x6c ./Middlewares/Third_Party/FreeRTOS/Source/tasks.o
                0x0800bae4                vTaskDelay
 .text.vTaskStartScheduler
                0x0800bb50       0xd0 ./Middlewares/Third_Party/FreeRTOS/Source/tasks.o
                0x0800bb50                vTaskStartScheduler
 .text.vTaskSuspendAll
                0x0800bc20       0x1c ./Middlewares/Third_Party/FreeRTOS/Source/tasks.o
                0x0800bc20                vTaskSuspendAll
 .text.xTaskResumeAll
                0x0800bc3c      0x13c ./Middlewares/Third_Party/FreeRTOS/Source/tasks.o
                0x0800bc3c                xTaskResumeAll
 .text.xTaskGetTickCount
                0x0800bd78       0x20 ./Middlewares/Third_Party/FreeRTOS/Source/tasks.o
                0x0800bd78                xTaskGetTickCount
 .text.xTaskIncrementTick
                0x0800bd98      0x174 ./Middlewares/Third_Party/FreeRTOS/Source/tasks.o
                0x0800bd98                xTaskIncrementTick
 .text.vTaskSwitchContext
                0x0800bf0c       0xbc ./Middlewares/Third_Party/FreeRTOS/Source/tasks.o
                0x0800bf0c                vTaskSwitchContext
 .text.vTaskPlaceOnEventList
                0x0800bfc8       0x4c ./Middlewares/Third_Party/FreeRTOS/Source/tasks.o
                0x0800bfc8                vTaskPlaceOnEventList
 .text.vTaskPlaceOnEventListRestricted
                0x0800c014       0x58 ./Middlewares/Third_Party/FreeRTOS/Source/tasks.o
                0x0800c014                vTaskPlaceOnEventListRestricted
 .text.xTaskRemoveFromEventList
                0x0800c06c       0xc8 ./Middlewares/Third_Party/FreeRTOS/Source/tasks.o
                0x0800c06c                xTaskRemoveFromEventList
 .text.vTaskInternalSetTimeOutState
                0x0800c134       0x2c ./Middlewares/Third_Party/FreeRTOS/Source/tasks.o
                0x0800c134                vTaskInternalSetTimeOutState
 .text.xTaskCheckForTimeOut
                0x0800c160       0xc8 ./Middlewares/Third_Party/FreeRTOS/Source/tasks.o
                0x0800c160                xTaskCheckForTimeOut
 .text.vTaskMissedYield
                0x0800c228       0x18 ./Middlewares/Third_Party/FreeRTOS/Source/tasks.o
                0x0800c228                vTaskMissedYield
 .text.prvIdleTask
                0x0800c240       0x30 ./Middlewares/Third_Party/FreeRTOS/Source/tasks.o
 .text.prvInitialiseTaskLists
                0x0800c270       0x80 ./Middlewares/Third_Party/FreeRTOS/Source/tasks.o
 .text.prvCheckTasksWaitingTermination
                0x0800c2f0       0x5c ./Middlewares/Third_Party/FreeRTOS/Source/tasks.o
 .text.prvDeleteTCB
                0x0800c34c       0x60 ./Middlewares/Third_Party/FreeRTOS/Source/tasks.o
 .text.prvResetNextTaskUnblockTime
                0x0800c3ac       0x40 ./Middlewares/Third_Party/FreeRTOS/Source/tasks.o
 .text.xTaskGetSchedulerState
                0x0800c3ec       0x3c ./Middlewares/Third_Party/FreeRTOS/Source/tasks.o
                0x0800c3ec                xTaskGetSchedulerState
 .text.xTaskPriorityInherit
                0x0800c428       0xd0 ./Middlewares/Third_Party/FreeRTOS/Source/tasks.o
                0x0800c428                xTaskPriorityInherit
 .text.xTaskPriorityDisinherit
                0x0800c4f8       0xe0 ./Middlewares/Third_Party/FreeRTOS/Source/tasks.o
                0x0800c4f8                xTaskPriorityDisinherit
 .text.vTaskPriorityDisinheritAfterTimeout
                0x0800c5d8      0x108 ./Middlewares/Third_Party/FreeRTOS/Source/tasks.o
                0x0800c5d8                vTaskPriorityDisinheritAfterTimeout
 .text.pvTaskIncrementMutexHeldCount
                0x0800c6e0       0x28 ./Middlewares/Third_Party/FreeRTOS/Source/tasks.o
                0x0800c6e0                pvTaskIncrementMutexHeldCount
 .text.prvAddCurrentTaskToDelayedList
                0x0800c708       0xa8 ./Middlewares/Third_Party/FreeRTOS/Source/tasks.o
 .text.xTimerCreateTimerTask
                0x0800c7b0       0x94 ./Middlewares/Third_Party/FreeRTOS/Source/timers.o
                0x0800c7b0                xTimerCreateTimerTask
 .text.xTimerGenericCommand
                0x0800c844       0x9c ./Middlewares/Third_Party/FreeRTOS/Source/timers.o
                0x0800c844                xTimerGenericCommand
 .text.prvProcessExpiredTimer
                0x0800c8e0       0x9c ./Middlewares/Third_Party/FreeRTOS/Source/timers.o
 .text.prvTimerTask
                0x0800c97c       0x26 ./Middlewares/Third_Party/FreeRTOS/Source/timers.o
 *fill*         0x0800c9a2        0x2 
 .text.prvProcessTimerOrBlockTask
                0x0800c9a4       0x9c ./Middlewares/Third_Party/FreeRTOS/Source/timers.o
 .text.prvGetNextExpireTime
                0x0800ca40       0x48 ./Middlewares/Third_Party/FreeRTOS/Source/timers.o
 .text.prvSampleTimeNow
                0x0800ca88       0x40 ./Middlewares/Third_Party/FreeRTOS/Source/timers.o
 .text.prvInsertTimerInActiveList
                0x0800cac8       0x84 ./Middlewares/Third_Party/FreeRTOS/Source/timers.o
 .text.prvProcessReceivedCommands
                0x0800cb4c      0x1cc ./Middlewares/Third_Party/FreeRTOS/Source/timers.o
 .text.prvSwitchTimerLists
                0x0800cd18       0xcc ./Middlewares/Third_Party/FreeRTOS/Source/timers.o
 .text.prvCheckForValidListAndQueue
                0x0800cde4       0x80 ./Middlewares/Third_Party/FreeRTOS/Source/timers.o
 .text.pxPortInitialiseStack
                0x0800ce64       0x68 ./Middlewares/Third_Party/FreeRTOS/Source/portable/GCC/ARM_CM4F/port.o
                0x0800ce64                pxPortInitialiseStack
 .text.prvTaskExitError
                0x0800cecc       0x5c ./Middlewares/Third_Party/FreeRTOS/Source/portable/GCC/ARM_CM4F/port.o
 *fill*         0x0800cf28        0x8 
 .text.SVC_Handler
                0x0800cf30       0x28 ./Middlewares/Third_Party/FreeRTOS/Source/portable/GCC/ARM_CM4F/port.o
                0x0800cf30                SVC_Handler
 .text.prvPortStartFirstTask
                0x0800cf58       0x28 ./Middlewares/Third_Party/FreeRTOS/Source/portable/GCC/ARM_CM4F/port.o
 .text.xPortStartScheduler
                0x0800cf80      0x148 ./Middlewares/Third_Party/FreeRTOS/Source/portable/GCC/ARM_CM4F/port.o
                0x0800cf80                xPortStartScheduler
 .text.vPortEnterCritical
                0x0800d0c8       0x64 ./Middlewares/Third_Party/FreeRTOS/Source/portable/GCC/ARM_CM4F/port.o
                0x0800d0c8                vPortEnterCritical
 .text.vPortExitCritical
                0x0800d12c       0x54 ./Middlewares/Third_Party/FreeRTOS/Source/portable/GCC/ARM_CM4F/port.o
                0x0800d12c                vPortExitCritical
 .text.PendSV_Handler
                0x0800d180       0x68 ./Middlewares/Third_Party/FreeRTOS/Source/portable/GCC/ARM_CM4F/port.o
                0x0800d180                PendSV_Handler
 .text.xPortSysTickHandler
                0x0800d1e8       0x44 ./Middlewares/Third_Party/FreeRTOS/Source/portable/GCC/ARM_CM4F/port.o
                0x0800d1e8                xPortSysTickHandler
 .text.vPortSetupTimerInterrupt
                0x0800d22c       0x48 ./Middlewares/Third_Party/FreeRTOS/Source/portable/GCC/ARM_CM4F/port.o
                0x0800d22c                vPortSetupTimerInterrupt
 .text.vPortEnableVFP
                0x0800d274       0x14 ./Middlewares/Third_Party/FreeRTOS/Source/portable/GCC/ARM_CM4F/port.o
 .text.vPortValidateInterruptPriority
                0x0800d288       0x84 ./Middlewares/Third_Party/FreeRTOS/Source/portable/GCC/ARM_CM4F/port.o
                0x0800d288                vPortValidateInterruptPriority
 .text.pvPortMalloc
                0x0800d30c      0x19c ./Middlewares/Third_Party/FreeRTOS/Source/portable/MemMang/heap_4.o
                0x0800d30c                pvPortMalloc
 .text.vPortFree
                0x0800d4a8       0xc8 ./Middlewares/Third_Party/FreeRTOS/Source/portable/MemMang/heap_4.o
                0x0800d4a8                vPortFree
 .text.prvHeapInit
                0x0800d570       0xc4 ./Middlewares/Third_Party/FreeRTOS/Source/portable/MemMang/heap_4.o
 .text.prvInsertBlockIntoFreeList
                0x0800d634       0xb4 ./Middlewares/Third_Party/FreeRTOS/Source/portable/MemMang/heap_4.o
 .text.HAL_TIM_IC_CaptureCallback
                0x0800d6e8      0x288 ./PeripheralDriver/Src/HCSR04.o
                0x0800d6e8                HAL_TIM_IC_CaptureCallback
 .text.UART_Comm_Init
                0x0800d970       0x4c ./PeripheralDriver/Src/UART_Comm.o
                0x0800d970                UART_Comm_Init
 .text.HAL_UARTEx_RxEventCallback
                0x0800d9bc       0x74 ./PeripheralDriver/Src/UART_Comm.o
                0x0800d9bc                HAL_UARTEx_RxEventCallback
 .text.UART_send_string
                0x0800da30       0x30 ./PeripheralDriver/Src/UART_Comm.o
                0x0800da30                UART_send_string
 .text.UART_send_char
                0x0800da60       0x28 ./PeripheralDriver/Src/UART_Comm.o
                0x0800da60                UART_send_char
 .text.Get_Buffer
                0x0800da88       0x34 ./PeripheralDriver/Src/UART_Comm.o
                0x0800da88                Get_Buffer
 .text.IMU_Init
                0x0800dabc      0x3a8 ./PeripheralDriver/Src/icm20948.o
                0x0800dabc                IMU_Init
 .text.IMU_Read
                0x0800de64      0x15c ./PeripheralDriver/Src/icm20948.o
                0x0800de64                IMU_Read
 .text.Motor_Init
                0x0800dfc0       0xc8 ./PeripheralDriver/Src/motor.o
                0x0800dfc0                Motor_Init
 .text.Motor_Forward
                0x0800e088       0x90 ./PeripheralDriver/Src/motor.o
                0x0800e088                Motor_Forward
 .text.Motor_Reverse
                0x0800e118       0x90 ./PeripheralDriver/Src/motor.o
                0x0800e118                Motor_Reverse
 .text.Get_Encoder
                0x0800e1a8      0x214 ./PeripheralDriver/Src/motor.o
                0x0800e1a8                Get_Encoder
 .text.OLED_Refresh_Gram
                0x0800e3bc       0x70 ./PeripheralDriver/Src/oled.o
                0x0800e3bc                OLED_Refresh_Gram
 .text.OLED_WR_Byte
                0x0800e42c       0x9c ./PeripheralDriver/Src/oled.o
                0x0800e42c                OLED_WR_Byte
 .text.OLED_Clear
                0x0800e4c8       0x50 ./PeripheralDriver/Src/oled.o
                0x0800e4c8                OLED_Clear
 .text.OLED_DrawPoint
                0x0800e518       0xb4 ./PeripheralDriver/Src/oled.o
                0x0800e518                OLED_DrawPoint
 .text.OLED_ShowChar
                0x0800e5cc       0xe4 ./PeripheralDriver/Src/oled.o
                0x0800e5cc                OLED_ShowChar
 .text.OLED_ShowString
                0x0800e6b0       0x64 ./PeripheralDriver/Src/oled.o
                0x0800e6b0                OLED_ShowString
 .text.OLED_Init
                0x0800e714      0x11c ./PeripheralDriver/Src/oled.o
                0x0800e714                OLED_Init
 .text.Servo_Init
                0x0800e830       0x30 ./PeripheralDriver/Src/servo.o
                0x0800e830                Servo_Init
 .text.Servo_turnRight
                0x0800e860       0x1c ./PeripheralDriver/Src/servo.o
                0x0800e860                Servo_turnRight
 .text.Servo_turnLeft
                0x0800e87c       0x1c ./PeripheralDriver/Src/servo.o
                0x0800e87c                Servo_turnLeft
 .text.Servo_fixLeft
                0x0800e898       0x1c ./PeripheralDriver/Src/servo.o
                0x0800e898                Servo_fixLeft
 .text.Servo_fixRight
                0x0800e8b4       0x1c ./PeripheralDriver/Src/servo.o
                0x0800e8b4                Servo_fixRight
 .text.Servo_Centre
                0x0800e8d0       0x1c ./PeripheralDriver/Src/servo.o
                0x0800e8d0                Servo_Centre
 .text.Servo_mildRight
                0x0800e8ec       0x1c ./PeripheralDriver/Src/servo.o
                0x0800e8ec                Servo_mildRight
 .text.Servo_mildLeft
                0x0800e908       0x1c ./PeripheralDriver/Src/servo.o
                0x0800e908                Servo_mildLeft
 .text.atoi     0x0800e924        0x8 C:/ST/STM32CubeIDE_2.0.0/STM32CubeIDE/plugins/com.st.stm32cube.ide.mcu.externaltools.gnu-tools-for-stm32.13.3.rel1.win32_1.0.100.202509120712/tools/bin/../lib/gcc/arm-none-eabi/13.3.1/../../../../arm-none-eabi/lib/thumb/v7e-m+fp/hard\libc_nano.a(libc_a-atoi.o)
                0x0800e924                atoi
 .text._strtol_l.isra.0
                0x0800e92c       0xf4 C:/ST/STM32CubeIDE_2.0.0/STM32CubeIDE/plugins/com.st.stm32cube.ide.mcu.externaltools.gnu-tools-for-stm32.13.3.rel1.win32_1.0.100.202509120712/tools/bin/../lib/gcc/arm-none-eabi/13.3.1/../../../../arm-none-eabi/lib/thumb/v7e-m+fp/hard\libc_nano.a(libc_a-strtol.o)
 .text.strtol   0x0800ea20       0x14 C:/ST/STM32CubeIDE_2.0.0/STM32CubeIDE/plugins/com.st.stm32cube.ide.mcu.externaltools.gnu-tools-for-stm32.13.3.rel1.win32_1.0.100.202509120712/tools/bin/../lib/gcc/arm-none-eabi/13.3.1/../../../../arm-none-eabi/lib/thumb/v7e-m+fp/hard\libc_nano.a(libc_a-strtol.o)
                0x0800ea20                strtol
 .text.sprintf  0x0800ea34       0x44 C:/ST/STM32CubeIDE_2.0.0/STM32CubeIDE/plugins/com.st.stm32cube.ide.mcu.externaltools.gnu-tools-for-stm32.13.3.rel1.win32_1.0.100.202509120712/tools/bin/../lib/gcc/arm-none-eabi/13.3.1/../../../../arm-none-eabi/lib/thumb/v7e-m+fp/hard\libc_nano.a(libc_a-sprintf.o)
                0x0800ea34                siprintf
                0x0800ea34                sprintf
 .text.memset   0x0800ea78       0x10 C:/ST/STM32CubeIDE_2.0.0/STM32CubeIDE/plugins/com.st.stm32cube.ide.mcu.externaltools.gnu-tools-for-stm32.13.3.rel1.win32_1.0.100.202509120712/tools/bin/../lib/gcc/arm-none-eabi/13.3.1/../../../../arm-none-eabi/lib/thumb/v7e-m+fp/hard\libc_nano.a(libc_a-memset.o)
                0x0800ea78                memset
 .text.strcat   0x0800ea88       0x1e C:/ST/STM32CubeIDE_2.0.0/STM32CubeIDE/plugins/com.st.stm32cube.ide.mcu.externaltools.gnu-tools-for-stm32.13.3.rel1.win32_1.0.100.202509120712/tools/bin/../lib/gcc/arm-none-eabi/13.3.1/../../../../arm-none-eabi/lib/thumb/v7e-m+fp/hard\libc_nano.a(libc_a-strcat.o)
                0x0800ea88                strcat
 .text.strncmp  0x0800eaa6       0x24 C:/ST/STM32CubeIDE_2.0.0/STM32CubeIDE/plugins/com.st.stm32cube.ide.mcu.externaltools.gnu-tools-for-stm32.13.3.rel1.win32_1.0.100.202509120712/tools/bin/../lib/gcc/arm-none-eabi/13.3.1/../../../../arm-none-eabi/lib/thumb/v7e-m+fp/hard\libc_nano.a(libc_a-strncmp.o)
                0x0800eaa6                strncmp
 .text.__strtok_r
                0x0800eaca       0x50 C:/ST/STM32CubeIDE_2.0.0/STM32CubeIDE/plugins/com.st.stm32cube.ide.mcu.externaltools.gnu-tools-for-stm32.13.3.rel1.win32_1.0.100.202509120712/tools/bin/../lib/gcc/arm-none-eabi/13.3.1/../../../../arm-none-eabi/lib/thumb/v7e-m+fp/hard\libc_nano.a(libc_a-strtok_r.o)
                0x0800eaca                __strtok_r
 .text.strtok_r
                0x0800eb1a        0x6 C:/ST/STM32CubeIDE_2.0.0/STM32CubeIDE/plugins/com.st.stm32cube.ide.mcu.externaltools.gnu-tools-for-stm32.13.3.rel1.win32_1.0.100.202509120712/tools/bin/../lib/gcc/arm-none-eabi/13.3.1/../../../../arm-none-eabi/lib/thumb/v7e-m+fp/hard\libc_nano.a(libc_a-strtok_r.o)
                0x0800eb1a                strtok_r
 .text.strstr   0x0800eb20       0x2c C:/ST/STM32CubeIDE_2.0.0/STM32CubeIDE/plugins/com.st.stm32cube.ide.mcu.externaltools.gnu-tools-for-stm32.13.3.rel1.win32_1.0.100.202509120712/tools/bin/../lib/gcc/arm-none-eabi/13.3.1/../../../../arm-none-eabi/lib/thumb/v7e-m+fp/hard\libc_nano.a(libc_a-strstr.o)
                0x0800eb20                strstr
 .text.__errno  0x0800eb4c        0xc C:/ST/STM32CubeIDE_2.0.0/STM32CubeIDE/plugins/com.st.stm32cube.ide.mcu.externaltools.gnu-tools-for-stm32.13.3.rel1.win32_1.0.100.202509120712/tools/bin/../lib/gcc/arm-none-eabi/13.3.1/../../../../arm-none-eabi/lib/thumb/v7e-m+fp/hard\libc_nano.a(libc_a-errno.o)
                0x0800eb4c                __errno
 .text.__libc_init_array
                0x0800eb58       0x48 C:/ST/STM32CubeIDE_2.0.0/STM32CubeIDE/plugins/com.st.stm32cube.ide.mcu.externaltools.gnu-tools-for-stm32.13.3.rel1.win32_1.0.100.202509120712/tools/bin/../lib/gcc/arm-none-eabi/13.3.1/../../../../arm-none-eabi/lib/thumb/v7e-m+fp/hard\libc_nano.a(libc_a-init.o)
                0x0800eb58                __libc_init_array
 .text.__retarget_lock_acquire_recursive
                0x0800eba0        0x2 C:/ST/STM32CubeIDE_2.0.0/STM32CubeIDE/plugins/com.st.stm32cube.ide.mcu.externaltools.gnu-tools-for-stm32.13.3.rel1.win32_1.0.100.202509120712/tools/bin/../lib/gcc/arm-none-eabi/13.3.1/../../../../arm-none-eabi/lib/thumb/v7e-m+fp/hard\libc_nano.a(libc_a-lock.o)
                0x0800eba0                __retarget_lock_acquire_recursive
 .text.__retarget_lock_release_recursive
                0x0800eba2        0x2 C:/ST/STM32CubeIDE_2.0.0/STM32CubeIDE/plugins/com.st.stm32cube.ide.mcu.externaltools.gnu-tools-for-stm32.13.3.rel1.win32_1.0.100.202509120712/tools/bin/../lib/gcc/arm-none-eabi/13.3.1/../../../../arm-none-eabi/lib/thumb/v7e-m+fp/hard\libc_nano.a(libc_a-lock.o)
                0x0800eba2                __retarget_lock_release_recursive
 .text.memcpy   0x0800eba4       0x1c C:/ST/STM32CubeIDE_2.0.0/STM32CubeIDE/plugins/com.st.stm32cube.ide.mcu.externaltools.gnu-tools-for-stm32.13.3.rel1.win32_1.0.100.202509120712/tools/bin/../lib/gcc/arm-none-eabi/13.3.1/../../../../arm-none-eabi/lib/thumb/v7e-m+fp/hard\libc_nano.a(libc_a-memcpy-stub.o)
                0x0800eba4                memcpy
 .text._free_r  0x0800ebc0       0x94 C:/ST/STM32CubeIDE_2.0.0/STM32CubeIDE/plugins/com.st.stm32cube.ide.mcu.externaltools.gnu-tools-for-stm32.13.3.rel1.win32_1.0.100.202509120712/tools/bin/../lib/gcc/arm-none-eabi/13.3.1/../../../../arm-none-eabi/lib/thumb/v7e-m+fp/hard\libc_nano.a(libc_a-freer.o)
                0x0800ebc0                _free_r
 .text.sbrk_aligned
                0x0800ec54       0x44 C:/ST/STM32CubeIDE_2.0.0/STM32CubeIDE/plugins/com.st.stm32cube.ide.mcu.externaltools.gnu-tools-for-stm32.13.3.rel1.win32_1.0.100.202509120712/tools/bin/../lib/gcc/arm-none-eabi/13.3.1/../../../../arm-none-eabi/lib/thumb/v7e-m+fp/hard\libc_nano.a(libc_a-mallocr.o)
 .text._malloc_r
                0x0800ec98      0x100 C:/ST/STM32CubeIDE_2.0.0/STM32CubeIDE/plugins/com.st.stm32cube.ide.mcu.externaltools.gnu-tools-for-stm32.13.3.rel1.win32_1.0.100.202509120712/tools/bin/../lib/gcc/arm-none-eabi/13.3.1/../../../../arm-none-eabi/lib/thumb/v7e-m+fp/hard\libc_nano.a(libc_a-mallocr.o)
                0x0800ec98                _malloc_r
 .text.__malloc_lock
                0x0800ed98        0xc C:/ST/STM32CubeIDE_2.0.0/STM32CubeIDE/plugins/com.st.stm32cube.ide.mcu.externaltools.gnu-tools-for-stm32.13.3.rel1.win32_1.0.100.202509120712/tools/bin/../lib/gcc/arm-none-eabi/13.3.1/../../../../arm-none-eabi/lib/thumb/v7e-m+fp/hard\libc_nano.a(libc_a-mlock.o)
                0x0800ed98                __malloc_lock
 .text.__malloc_unlock
                0x0800eda4        0xc C:/ST/STM32CubeIDE_2.0.0/STM32CubeIDE/plugins/com.st.stm32cube.ide.mcu.externaltools.gnu-tools-for-stm32.13.3.rel1.win32_1.0.100.202509120712/tools/bin/../lib/gcc/arm-none-eabi/13.3.1/../../../../arm-none-eabi/lib/thumb/v7e-m+fp/hard\libc_nano.a(libc_a-mlock.o)
                0x0800eda4                __malloc_unlock
 .text.__ssputs_r
                0x0800edb0       0xb6 C:/ST/STM32CubeIDE_2.0.0/STM32CubeIDE/plugins/com.st.stm32cube.ide.mcu.externaltools.gnu-tools-for-stm32.13.3.rel1.win32_1.0.100.202509120712/tools/bin/../lib/gcc/arm-none-eabi/13.3.1/../../../../arm-none-eabi/lib/thumb/v7e-m+fp/hard\libc_nano.a(libc_a-nano-svfprintf.o)
                0x0800edb0                __ssputs_r
 *fill*         0x0800ee66        0x2 
 .text._svfprintf_r
                0x0800ee68      0x1f8 C:/ST/STM32CubeIDE_2.0.0/STM32CubeIDE/plugins/com.st.stm32cube.ide.mcu.externaltools.gnu-tools-for-stm32.13.3.rel1.win32_1.0.100.202509120712/tools/bin/../lib/gcc/arm-none-eabi/13.3.1/../../../../arm-none-eabi/lib/thumb/v7e-m+fp/hard\libc_nano.a(libc_a-nano-svfprintf.o)
                0x0800ee68                _svfiprintf_r
                0x0800ee68                _svfprintf_r
 .text._printf_common
                0x0800f060       0xda C:/ST/STM32CubeIDE_2.0.0/STM32CubeIDE/plugins/com.st.stm32cube.ide.mcu.externaltools.gnu-tools-for-stm32.13.3.rel1.win32_1.0.100.202509120712/tools/bin/../lib/gcc/arm-none-eabi/13.3.1/../../../../arm-none-eabi/lib/thumb/v7e-m+fp/hard\libc_nano.a(libc_a-nano-vfprintf_i.o)
                0x0800f060                _printf_common
 *fill*         0x0800f13a        0x2 
 .text._printf_i
                0x0800f13c      0x23c C:/ST/STM32CubeIDE_2.0.0/STM32CubeIDE/plugins/com.st.stm32cube.ide.mcu.externaltools.gnu-tools-for-stm32.13.3.rel1.win32_1.0.100.202509120712/tools/bin/../lib/gcc/arm-none-eabi/13.3.1/../../../../arm-none-eabi/lib/thumb/v7e-m+fp/hard\libc_nano.a(libc_a-nano-vfprintf_i.o)
                0x0800f13c                _printf_i
 .text.memmove  0x0800f378       0x34 C:/ST/STM32CubeIDE_2.0.0/STM32CubeIDE/plugins/com.st.stm32cube.ide.mcu.externaltools.gnu-tools-for-stm32.13.3.rel1.win32_1.0.100.202509120712/tools/bin/../lib/gcc/arm-none-eabi/13.3.1/../../../../arm-none-eabi/lib/thumb/v7e-m+fp/hard\libc_nano.a(libc_a-memmove.o)
                0x0800f378                memmove
 .text._sbrk_r  0x0800f3ac       0x20 C:/ST/STM32CubeIDE_2.0.0/STM32CubeIDE/plugins/com.st.stm32cube.ide.mcu.externaltools.gnu-tools-for-stm32.13.3.rel1.win32_1.0.100.202509120712/tools/bin/../lib/gcc/arm-none-eabi/13.3.1/../../../../arm-none-eabi/lib/thumb/v7e-m+fp/hard\libc_nano.a(libc_a-sbrkr.o)
                0x0800f3ac                _sbrk_r
 .text._realloc_r
                0x0800f3cc       0x5c C:/ST/STM32CubeIDE_2.0.0/STM32CubeIDE/plugins/com.st.stm32cube.ide.mcu.externaltools.gnu-tools-for-stm32.13.3.rel1.win32_1.0.100.202509120712/tools/bin/../lib/gcc/arm-none-eabi/13.3.1/../../../../arm-none-eabi/lib/thumb/v7e-m+fp/hard\libc_nano.a(libc_a-reallocr.o)
                0x0800f3cc                _realloc_r
 .text._malloc_usable_size_r
                0x0800f428       0x10 C:/ST/STM32CubeIDE_2.0.0/STM32CubeIDE/plugins/com.st.stm32cube.ide.mcu.externaltools.gnu-tools-for-stm32.13.3.rel1.win32_1.0.100.202509120712/tools/bin/../lib/gcc/arm-none-eabi/13.3.1/../../../../arm-none-eabi/lib/thumb/v7e-m+fp/hard\libc_nano.a(libc_a-msizer.o)
                0x0800f428                _malloc_usable_size_r
 .text.pow      0x0800f438       0xe0 C:/ST/STM32CubeIDE_2.0.0/STM32CubeIDE/plugins/com.st.stm32cube.ide.mcu.externaltools.gnu-tools-for-stm32.13.3.rel1.win32_1.0.100.202509120712/tools/bin/../lib/gcc/arm-none-eabi/13.3.1/../../../../arm-none-eabi/lib/thumb/v7e-m+fp/hard\libm.a(libm_a-w_pow.o)
                0x0800f438                pow
 .text.sqrt     0x0800f518       0x58 C:/ST/STM32CubeIDE_2.0.0/STM32CubeIDE/plugins/com.st.stm32cube.ide.mcu.externaltools.gnu-tools-for-stm32.13.3.rel1.win32_1.0.100.202509120712/tools/bin/../lib/gcc/arm-none-eabi/13.3.1/../../../../arm-none-eabi/lib/thumb/v7e-m+fp/hard\libm.a(libm_a-w_sqrt.o)
                0x0800f518                sqrt
 .text.cos      0x0800f570       0xa8 C:/ST/STM32CubeIDE_2.0.0/STM32CubeIDE/plugins/com.st.stm32cube.ide.mcu.externaltools.gnu-tools-for-stm32.13.3.rel1.win32_1.0.100.202509120712/tools/bin/../lib/gcc/arm-none-eabi/13.3.1/../../../../arm-none-eabi/lib/thumb/v7e-m+fp/hard\libm.a(libm_a-s_cos.o)
                0x0800f570                cos
 .text.sin      0x0800f618       0xa8 C:/ST/STM32CubeIDE_2.0.0/STM32CubeIDE/plugins/com.st.stm32cube.ide.mcu.externaltools.gnu-tools-for-stm32.13.3.rel1.win32_1.0.100.202509120712/tools/bin/../lib/gcc/arm-none-eabi/13.3.1/../../../../arm-none-eabi/lib/thumb/v7e-m+fp/hard\libm.a(libm_a-s_sin.o)
                0x0800f618                sin
 .text.finite   0x0800f6c0       0x16 C:/ST/STM32CubeIDE_2.0.0/STM32CubeIDE/plugins/com.st.stm32cube.ide.mcu.externaltools.gnu-tools-for-stm32.13.3.rel1.win32_1.0.100.202509120712/tools/bin/../lib/gcc/arm-none-eabi/13.3.1/../../../../arm-none-eabi/lib/thumb/v7e-m+fp/hard\libm.a(libm_a-s_finite.o)
                0x0800f6c0                finite
 *fill*         0x0800f6d6        0x2 
 .text.__ieee754_sqrt
                0x0800f6d8      0x1ac C:/ST/STM32CubeIDE_2.0.0/STM32CubeIDE/plugins/com.st.stm32cube.ide.mcu.externaltools.gnu-tools-for-stm32.13.3.rel1.win32_1.0.100.202509120712/tools/bin/../lib/gcc/arm-none-eabi/13.3.1/../../../../arm-none-eabi/lib/thumb/v7e-m+fp/hard\libm.a(libm_a-e_sqrt.o)
                0x0800f6d8                __ieee754_sqrt
 *fill*         0x0800f884        0x4 
 .text.__kernel_cos
                0x0800f888      0x18c C:/ST/STM32CubeIDE_2.0.0/STM32CubeIDE/plugins/com.st.stm32cube.ide.mcu.externaltools.gnu-tools-for-stm32.13.3.rel1.win32_1.0.100.202509120712/tools/bin/../lib/gcc/arm-none-eabi/13.3.1/../../../../arm-none-eabi/lib/thumb/v7e-m+fp/hard\libm.a(libm_a-k_cos.o)
                0x0800f888                __kernel_cos
 *fill*         0x0800fa14        0x4 
 .text.__kernel_sin
                0x0800fa18      0x174 C:/ST/STM32CubeIDE_2.0.0/STM32CubeIDE/plugins/com.st.stm32cube.ide.mcu.externaltools.gnu-tools-for-stm32.13.3.rel1.win32_1.0.100.202509120712/tools/bin/../lib/gcc/arm-none-eabi/13.3.1/../../../../arm-none-eabi/lib/thumb/v7e-m+fp/hard\libm.a(libm_a-k_sin.o)
                0x0800fa18                __kernel_sin
 *fill*         0x0800fb8c        0x4 
 .text.__ieee754_pow
                0x0800fb90      0xa94 C:/ST/STM32CubeIDE_2.0.0/STM32CubeIDE/plugins/com.st.stm32cube.ide.mcu.externaltools.gnu-tools-for-stm32.13.3.rel1.win32_1.0.100.202509120712/tools/bin/../lib/gcc/arm-none-eabi/13.3.1/../../../../arm-none-eabi/lib/thumb/v7e-m+fp/hard\libm.a(libm_a-e_pow.o)
                0x0800fb90                __ieee754_pow
 *fill*         0x08010624        0x4 
 .text.__ieee754_rem_pio2
                0x08010628      0x3f8 C:/ST/STM32CubeIDE_2.0.0/STM32CubeIDE/plugins/com.st.stm32cube.ide.mcu.externaltools.gnu-tools-for-stm32.13.3.rel1.win32_1.0.100.202509120712/tools/bin/../lib/gcc/arm-none-eabi/13.3.1/../../../../arm-none-eabi/lib/thumb/v7e-m+fp/hard\libm.a(libm_a-e_rem_pio2.o)
                0x08010628                __ieee754_rem_pio2
 .text.fabs     0x08010a20       0x10 C:/ST/STM32CubeIDE_2.0.0/STM32CubeIDE/plugins/com.st.stm32cube.ide.mcu.externaltools.gnu-tools-for-stm32.13.3.rel1.win32_1.0.100.202509120712/tools/bin/../lib/gcc/arm-none-eabi/13.3.1/../../../../arm-none-eabi/lib/thumb/v7e-m+fp/hard\libm.a(libm_a-s_fabs.o)
                0x08010a20                fabs
 .text.scalbn   0x08010a30       0xf4 C:/ST/STM32CubeIDE_2.0.0/STM32CubeIDE/plugins/com.st.stm32cube.ide.mcu.externaltools.gnu-tools-for-stm32.13.3.rel1.win32_1.0.100.202509120712/tools/bin/../lib/gcc/arm-none-eabi/13.3.1/../../../../arm-none-eabi/lib/thumb/v7e-m+fp/hard\libm.a(libm_a-s_scalbn.o)
                0x08010a30                scalbn
 .text.with_errno
                0x08010b24       0x24 C:/ST/STM32CubeIDE_2.0.0/STM32CubeIDE/plugins/com.st.stm32cube.ide.mcu.externaltools.gnu-tools-for-stm32.13.3.rel1.win32_1.0.100.202509120712/tools/bin/../lib/gcc/arm-none-eabi/13.3.1/../../../../arm-none-eabi/lib/thumb/v7e-m+fp/hard\libm.a(libm_a-math_err.o)
 .text.xflow    0x08010b48       0x32 C:/ST/STM32CubeIDE_2.0.0/STM32CubeIDE/plugins/com.st.stm32cube.ide.mcu.externaltools.gnu-tools-for-stm32.13.3.rel1.win32_1.0.100.202509120712/tools/bin/../lib/gcc/arm-none-eabi/13.3.1/../../../../arm-none-eabi/lib/thumb/v7e-m+fp/hard\libm.a(libm_a-math_err.o)
 *fill*         0x08010b7a        0x6 
 .text.__math_uflow
                0x08010b80       0x10 C:/ST/STM32CubeIDE_2.0.0/STM32CubeIDE/plugins/com.st.stm32cube.ide.mcu.externaltools.gnu-tools-for-stm32.13.3.rel1.win32_1.0.100.202509120712/tools/bin/../lib/gcc/arm-none-eabi/13.3.1/../../../../arm-none-eabi/lib/thumb/v7e-m+fp/hard\libm.a(libm_a-math_err.o)
                0x08010b80                __math_uflow
 .text.__math_oflow
                0x08010b90       0x10 C:/ST/STM32CubeIDE_2.0.0/STM32CubeIDE/plugins/com.st.stm32cube.ide.mcu.externaltools.gnu-tools-for-stm32.13.3.rel1.win32_1.0.100.202509120712/tools/bin/../lib/gcc/arm-none-eabi/13.3.1/../../../../arm-none-eabi/lib/thumb/v7e-m+fp/hard\libm.a(libm_a-math_err.o)
                0x08010b90                __math_oflow
 .text.__kernel_rem_pio2
                0x08010ba0      0x6a0 C:/ST/STM32CubeIDE_2.0.0/STM32CubeIDE/plugins/com.st.stm32cube.ide.mcu.externaltools.gnu-tools-for-stm32.13.3.rel1.win32_1.0.100.202509120712/tools/bin/../lib/gcc/arm-none-eabi/13.3.1/../../../../arm-none-eabi/lib/thumb/v7e-m+fp/hard\libm.a(libm_a-k_rem_pio2.o)
                0x08010ba0                __kernel_rem_pio2
 .text.floor    0x08011240       0xf8 C:/ST/STM32CubeIDE_2.0.0/STM32CubeIDE/plugins/com.st.stm32cube.ide.mcu.externaltools.gnu-tools-for-stm32.13.3.rel1.win32_1.0.100.202509120712/tools/bin/../lib/gcc/arm-none-eabi/13.3.1/../../../../arm-none-eabi/lib/thumb/v7e-m+fp/hard\libm.a(libm_a-s_floor.o)
                0x08011240                floor
 *(.glue_7)
 .glue_7        0x08011338        0x0 linker stubs
 *(.glue_7t)
 .glue_7t       0x08011338        0x0 linker stubs
 *(.eh_frame)
 .eh_frame      0x08011338        0x0 C:/ST/STM32CubeIDE_2.0.0/STM32CubeIDE/plugins/com.st.stm32cube.ide.mcu.externaltools.gnu-tools-for-stm32.13.3.rel1.win32_1.0.100.202509120712/tools/bin/../lib/gcc/arm-none-eabi/13.3.1/thumb/v7e-m+fp/hard/crtbegin.o
 *(.init)
 .init          0x08011338        0x4 C:/ST/STM32CubeIDE_2.0.0/STM32CubeIDE/plugins/com.st.stm32cube.ide.mcu.externaltools.gnu-tools-for-stm32.13.3.rel1.win32_1.0.100.202509120712/tools/bin/../lib/gcc/arm-none-eabi/13.3.1/thumb/v7e-m+fp/hard/crti.o
                0x08011338                _init
 .init          0x0801133c        0x8 C:/ST/STM32CubeIDE_2.0.0/STM32CubeIDE/plugins/com.st.stm32cube.ide.mcu.externaltools.gnu-tools-for-stm32.13.3.rel1.win32_1.0.100.202509120712/tools/bin/../lib/gcc/arm-none-eabi/13.3.1/thumb/v7e-m+fp/hard/crtn.o
 *(.fini)
 .fini          0x08011344        0x4 C:/ST/STM32CubeIDE_2.0.0/STM32CubeIDE/plugins/com.st.stm32cube.ide.mcu.externaltools.gnu-tools-for-stm32.13.3.rel1.win32_1.0.100.202509120712/tools/bin/../lib/gcc/arm-none-eabi/13.3.1/thumb/v7e-m+fp/hard/crti.o
                0x08011344                _fini
 .fini          0x08011348        0x8 C:/ST/STM32CubeIDE_2.0.0/STM32CubeIDE/plugins/com.st.stm32cube.ide.mcu.externaltools.gnu-tools-for-stm32.13.3.rel1.win32_1.0.100.202509120712/tools/bin/../lib/gcc/arm-none-eabi/13.3.1/thumb/v7e-m+fp/hard/crtn.o
                0x08011350                        . = ALIGN (0x4)
                0x08011350                        _etext = .

.vfp11_veneer   0x08011350        0x0
 .vfp11_veneer  0x08011350        0x0 linker stubs

.v4_bx          0x08011350        0x0
 .v4_bx         0x08011350        0x0 linker stubs

.iplt           0x08011350        0x0
 .iplt          0x08011350        0x0 C:/ST/STM32CubeIDE_2.0.0/STM32CubeIDE/plugins/com.st.stm32cube.ide.mcu.externaltools.gnu-tools-for-stm32.13.3.rel1.win32_1.0.100.202509120712/tools/bin/../lib/gcc/arm-none-eabi/13.3.1/thumb/v7e-m+fp/hard/crtbegin.o

.rodata         0x08011350     0x10e0
                0x08011350                        . = ALIGN (0x4)
 *(.rodata)
 .rodata        0x08011350      0x1eb ./Core/Src/main.o
 *fill*         0x0801153b        0x1 
 .rodata        0x0801153c        0x5 ./Middlewares/Third_Party/FreeRTOS/Source/tasks.o
 *fill*         0x08011541        0x3 
 .rodata        0x08011544        0xd ./Middlewares/Third_Party/FreeRTOS/Source/timers.o
 *fill*         0x08011551        0x3 
 .rodata        0x08011554        0x3 ./PeripheralDriver/Src/UART_Comm.o
 *(.rodata*)
 *fill*         0x08011557        0x1 
 .rodata.Show_attributes
                0x08011558       0x24 ./Core/Src/main.o
                0x08011558                Show_attributes
 .rodata.ServoMotor_attributes
                0x0801157c       0x24 ./Core/Src/main.o
                0x0801157c                ServoMotor_attributes
 .rodata.MotorTask_attributes
                0x080115a0       0x24 ./Core/Src/main.o
                0x080115a0                MotorTask_attributes
 .rodata.UART_Comm_attributes
                0x080115c4       0x24 ./Core/Src/main.o
                0x080115c4                UART_Comm_attributes
 .rodata.CaculatePositio_attributes
                0x080115e8       0x24 ./Core/Src/main.o
                0x080115e8                CaculatePositio_attributes
 .rodata.orientationCal1_attributes
                0x0801160c       0x24 ./Core/Src/main.o
                0x0801160c                orientationCal1_attributes
 .rodata.EncoderSemaphore_attributes
                0x08011630       0x10 ./Core/Src/main.o
                0x08011630                EncoderSemaphore_attributes
 .rodata.IMUSemaphore_attributes
                0x08011640       0x10 ./Core/Src/main.o
                0x08011640                IMUSemaphore_attributes
 .rodata.C_BufferSemaphore_attributes
                0x08011650       0x10 ./Core/Src/main.o
                0x08011650                C_BufferSemaphore_attributes
 .rodata.AHBPrescTable
                0x08011660       0x10 ./Core/Src/system_stm32f4xx.o
                0x08011660                AHBPrescTable
 .rodata.APBPrescTable
                0x08011670        0x8 ./Core/Src/system_stm32f4xx.o
                0x08011670                APBPrescTable
 .rodata.flagBitshiftOffset.0
                0x08011678        0x8 ./Drivers/STM32F4xx_HAL_Driver/Src/stm32f4xx_hal_dma.o
 .rodata.oled_asc2_1206
                0x08011680      0x474 ./PeripheralDriver/Src/oled.o
                0x08011680                oled_asc2_1206
 .rodata.oled_asc2_1608
                0x08011af4      0x5f0 ./PeripheralDriver/Src/oled.o
                0x08011af4                oled_asc2_1608
 .rodata._ctype_
                0x080120e4      0x101 C:/ST/STM32CubeIDE_2.0.0/STM32CubeIDE/plugins/com.st.stm32cube.ide.mcu.externaltools.gnu-tools-for-stm32.13.3.rel1.win32_1.0.100.202509120712/tools/bin/../lib/gcc/arm-none-eabi/13.3.1/../../../../arm-none-eabi/lib/thumb/v7e-m+fp/hard\libc_nano.a(libc_a-ctype_.o)
                0x080120e4                _ctype_
 .rodata._svfprintf_r.str1.1
                0x080121e5       0x33 C:/ST/STM32CubeIDE_2.0.0/STM32CubeIDE/plugins/com.st.stm32cube.ide.mcu.externaltools.gnu-tools-for-stm32.13.3.rel1.win32_1.0.100.202509120712/tools/bin/../lib/gcc/arm-none-eabi/13.3.1/../../../../arm-none-eabi/lib/thumb/v7e-m+fp/hard\libc_nano.a(libc_a-nano-svfprintf.o)
                                 0x11 (size before relaxing)
 .rodata._printf_i.str1.1
                0x08012218        0x0 C:/ST/STM32CubeIDE_2.0.0/STM32CubeIDE/plugins/com.st.stm32cube.ide.mcu.externaltools.gnu-tools-for-stm32.13.3.rel1.win32_1.0.100.202509120712/tools/bin/../lib/gcc/arm-none-eabi/13.3.1/../../../../arm-none-eabi/lib/thumb/v7e-m+fp/hard\libc_nano.a(libc_a-nano-vfprintf_i.o)
                                 0x22 (size before relaxing)
 .rodata.tiny   0x08012218        0x8 C:/ST/STM32CubeIDE_2.0.0/STM32CubeIDE/plugins/com.st.stm32cube.ide.mcu.externaltools.gnu-tools-for-stm32.13.3.rel1.win32_1.0.100.202509120712/tools/bin/../lib/gcc/arm-none-eabi/13.3.1/../../../../arm-none-eabi/lib/thumb/v7e-m+fp/hard\libm.a(libm_a-e_sqrt.o)
 .rodata.one    0x08012220        0x8 C:/ST/STM32CubeIDE_2.0.0/STM32CubeIDE/plugins/com.st.stm32cube.ide.mcu.externaltools.gnu-tools-for-stm32.13.3.rel1.win32_1.0.100.202509120712/tools/bin/../lib/gcc/arm-none-eabi/13.3.1/../../../../arm-none-eabi/lib/thumb/v7e-m+fp/hard\libm.a(libm_a-e_sqrt.o)
 .rodata.dp_l   0x08012228       0x10 C:/ST/STM32CubeIDE_2.0.0/STM32CubeIDE/plugins/com.st.stm32cube.ide.mcu.externaltools.gnu-tools-for-stm32.13.3.rel1.win32_1.0.100.202509120712/tools/bin/../lib/gcc/arm-none-eabi/13.3.1/../../../../arm-none-eabi/lib/thumb/v7e-m+fp/hard\libm.a(libm_a-e_pow.o)
 .rodata.dp_h   0x08012238       0x10 C:/ST/STM32CubeIDE_2.0.0/STM32CubeIDE/plugins/com.st.stm32cube.ide.mcu.externaltools.gnu-tools-for-stm32.13.3.rel1.win32_1.0.100.202509120712/tools/bin/../lib/gcc/arm-none-eabi/13.3.1/../../../../arm-none-eabi/lib/thumb/v7e-m+fp/hard\libm.a(libm_a-e_pow.o)
 .rodata.bp     0x08012248       0x10 C:/ST/STM32CubeIDE_2.0.0/STM32CubeIDE/plugins/com.st.stm32cube.ide.mcu.externaltools.gnu-tools-for-stm32.13.3.rel1.win32_1.0.100.202509120712/tools/bin/../lib/gcc/arm-none-eabi/13.3.1/../../../../arm-none-eabi/lib/thumb/v7e-m+fp/hard\libm.a(libm_a-e_pow.o)
 .rodata.npio2_hw
                0x08012258       0x80 C:/ST/STM32CubeIDE_2.0.0/STM32CubeIDE/plugins/com.st.stm32cube.ide.mcu.externaltools.gnu-tools-for-stm32.13.3.rel1.win32_1.0.100.202509120712/tools/bin/../lib/gcc/arm-none-eabi/13.3.1/../../../../arm-none-eabi/lib/thumb/v7e-m+fp/hard\libm.a(libm_a-e_rem_pio2.o)
 .rodata.two_over_pi
                0x080122d8      0x108 C:/ST/STM32CubeIDE_2.0.0/STM32CubeIDE/plugins/com.st.stm32cube.ide.mcu.externaltools.gnu-tools-for-stm32.13.3.rel1.win32_1.0.100.202509120712/tools/bin/../lib/gcc/arm-none-eabi/13.3.1/../../../../arm-none-eabi/lib/thumb/v7e-m+fp/hard\libm.a(libm_a-e_rem_pio2.o)
 .rodata.PIo2   0x080123e0       0x40 C:/ST/STM32CubeIDE_2.0.0/STM32CubeIDE/plugins/com.st.stm32cube.ide.mcu.externaltools.gnu-tools-for-stm32.13.3.rel1.win32_1.0.100.202509120712/tools/bin/../lib/gcc/arm-none-eabi/13.3.1/../../../../arm-none-eabi/lib/thumb/v7e-m+fp/hard\libm.a(libm_a-k_rem_pio2.o)
 .rodata.init_jk
                0x08012420       0x10 C:/ST/STM32CubeIDE_2.0.0/STM32CubeIDE/plugins/com.st.stm32cube.ide.mcu.externaltools.gnu-tools-for-stm32.13.3.rel1.win32_1.0.100.202509120712/tools/bin/../lib/gcc/arm-none-eabi/13.3.1/../../../../arm-none-eabi/lib/thumb/v7e-m+fp/hard\libm.a(libm_a-k_rem_pio2.o)
                0x08012430                        . = ALIGN (0x4)

.ARM.extab      0x08012430        0x0
                0x08012430                        . = ALIGN (0x4)
 *(.ARM.extab* .gnu.linkonce.armextab.*)
                0x08012430                        . = ALIGN (0x4)

.ARM            0x08012430        0x8
                0x08012430                        . = ALIGN (0x4)
                0x08012430                        __exidx_start = .
 *(.ARM.exidx*)
 .ARM.exidx     0x08012430        0x8 C:/ST/STM32CubeIDE_2.0.0/STM32CubeIDE/plugins/com.st.stm32cube.ide.mcu.externaltools.gnu-tools-for-stm32.13.3.rel1.win32_1.0.100.202509120712/tools/bin/../lib/gcc/arm-none-eabi/13.3.1/../../../../arm-none-eabi/lib/thumb/v7e-m+fp/hard\libc_nano.a(libc_a-strlen.o)
 .ARM.exidx     0x08012438        0x0 C:/ST/STM32CubeIDE_2.0.0/STM32CubeIDE/plugins/com.st.stm32cube.ide.mcu.externaltools.gnu-tools-for-stm32.13.3.rel1.win32_1.0.100.202509120712/tools/bin/../lib/gcc/arm-none-eabi/13.3.1/../../../../arm-none-eabi/lib/thumb/v7e-m+fp/hard\libc_nano.a(libc_a-memchr.o)
                                  0x8 (size before relaxing)
 .ARM.exidx     0x08012438        0x0 C:/ST/STM32CubeIDE_2.0.0/STM32CubeIDE/plugins/com.st.stm32cube.ide.mcu.externaltools.gnu-tools-for-stm32.13.3.rel1.win32_1.0.100.202509120712/tools/bin/../lib/gcc/arm-none-eabi/13.3.1/thumb/v7e-m+fp/hard\libgcc.a(_udivmoddi4.o)
                                  0x8 (size before relaxing)
                0x08012438                        __exidx_end = .
                0x08012438                        . = ALIGN (0x4)

.rel.dyn        0x08012438        0x0
 .rel.iplt      0x08012438        0x0 C:/ST/STM32CubeIDE_2.0.0/STM32CubeIDE/plugins/com.st.stm32cube.ide.mcu.externaltools.gnu-tools-for-stm32.13.3.rel1.win32_1.0.100.202509120712/tools/bin/../lib/gcc/arm-none-eabi/13.3.1/thumb/v7e-m+fp/hard/crtbegin.o

.preinit_array  0x08012438        0x0
                0x08012438                        . = ALIGN (0x4)
                0x08012438                        PROVIDE (__preinit_array_start = .)
 *(.preinit_array*)
                0x08012438                        PROVIDE (__preinit_array_end = .)
                0x08012438                        . = ALIGN (0x4)

.init_array     0x08012438        0x4
                0x08012438                        . = ALIGN (0x4)
                0x08012438                        PROVIDE (__init_array_start = .)
 *(SORT_BY_NAME(.init_array.*))
 *(.init_array*)
 .init_array    0x08012438        0x4 C:/ST/STM32CubeIDE_2.0.0/STM32CubeIDE/plugins/com.st.stm32cube.ide.mcu.externaltools.gnu-tools-for-stm32.13.3.rel1.win32_1.0.100.202509120712/tools/bin/../lib/gcc/arm-none-eabi/13.3.1/thumb/v7e-m+fp/hard/crtbegin.o
                0x0801243c                        PROVIDE (__init_array_end = .)
                0x0801243c                        . = ALIGN (0x4)

.fini_array     0x0801243c        0x4
                0x0801243c                        . = ALIGN (0x4)
                [!provide]                        PROVIDE (__fini_array_start = .)
 *(SORT_BY_NAME(.fini_array.*))
 *(.fini_array*)
 .fini_array    0x0801243c        0x4 C:/ST/STM32CubeIDE_2.0.0/STM32CubeIDE/plugins/com.st.stm32cube.ide.mcu.externaltools.gnu-tools-for-stm32.13.3.rel1.win32_1.0.100.202509120712/tools/bin/../lib/gcc/arm-none-eabi/13.3.1/thumb/v7e-m+fp/hard/crtbegin.o
                [!provide]                        PROVIDE (__fini_array_end = .)
                0x08012440                        . = ALIGN (0x4)
                0x08012440                        _sidata = LOADADDR (.data)

.data           0x20000000      0x150 load address 0x08012440
                0x20000000                        . = ALIGN (0x4)
                0x20000000                        _sdata = .
 *(.data)
 *(.data*)
 .data.imu_init_debugValue
                0x20000000        0x4 ./Core/Src/main.o
 .data.imu_read_debugValue
                0x20000004        0x4 ./Core/Src/main.o
 .data.command_buffer
                0x20000008       0x1e ./Core/Src/main.o
                0x20000008                command_buffer
 *fill*         0x20000026        0x2 
 .data.temp_buffer
                0x20000028       0x1e ./Core/Src/main.o
                0x20000028                temp_buffer
 *fill*         0x20000046        0x2 
 .data.right    0x20000048        0xa ./Core/Src/main.o
                0x20000048                right
 *fill*         0x20000052        0x2 
 .data.left     0x20000054        0xa ./Core/Src/main.o
                0x20000054                left
 *fill*         0x2000005e        0x2 
 .data.forward  0x20000060        0xa ./Core/Src/main.o
                0x20000060                forward
 *fill*         0x2000006a        0x2 
 .data.reverse  0x2000006c        0xa ./Core/Src/main.o
                0x2000006c                reverse
 *fill*         0x20000076        0x2 
 .data.stop     0x20000078        0xa ./Core/Src/main.o
                0x20000078                stop
 *fill*         0x20000082        0x2 
 .data.reverse_left
                0x20000084        0xa ./Core/Src/main.o
                0x20000084                reverse_left
 *fill*         0x2000008e        0x2 
 .data.reverse_right
                0x20000090        0xa ./Core/Src/main.o
                0x20000090                reverse_right
 *fill*         0x2000009a        0x2 
 .data.motor_command
                0x2000009c       0x28 ./Core/Src/main.o
                0x2000009c                motor_command
 .data.dummy_command_stop
                0x200000c4       0x14 ./Core/Src/main.o
                0x200000c4                dummy_command_stop
 .data.gyro_bias.0
                0x200000d8        0x8 ./Core/Src/main.o
 .data.SystemCoreClock
                0x200000e0        0x4 ./Core/Src/system_stm32f4xx.o
                0x200000e0                SystemCoreClock
 .data.uwTickPrio
                0x200000e4        0x4 ./Drivers/STM32F4xx_HAL_Driver/Src/stm32f4xx_hal.o
                0x200000e4                uwTickPrio
 .data.uwTickFreq
                0x200000e8        0x1 ./Drivers/STM32F4xx_HAL_Driver/Src/stm32f4xx_hal.o
                0x200000e8                uwTickFreq
 *fill*         0x200000e9        0x3 
 .data.uxCriticalNesting
                0x200000ec        0x4 ./Middlewares/Third_Party/FreeRTOS/Source/portable/GCC/ARM_CM4F/port.o
 .data.gyro_error
                0x200000f0        0x2 ./PeripheralDriver/Src/icm20948.o
 *fill*         0x200000f2        0x6 
 .data.gyro_sensitivityScaleFactor
                0x200000f8        0x8 ./PeripheralDriver/Src/icm20948.o
 .data._impure_ptr
                0x20000100        0x4 C:/ST/STM32CubeIDE_2.0.0/STM32CubeIDE/plugins/com.st.stm32cube.ide.mcu.externaltools.gnu-tools-for-stm32.13.3.rel1.win32_1.0.100.202509120712/tools/bin/../lib/gcc/arm-none-eabi/13.3.1/../../../../arm-none-eabi/lib/thumb/v7e-m+fp/hard\libc_nano.a(libc_a-impure.o)
                0x20000100                _impure_ptr
 .data._impure_data
                0x20000104       0x4c C:/ST/STM32CubeIDE_2.0.0/STM32CubeIDE/plugins/com.st.stm32cube.ide.mcu.externaltools.gnu-tools-for-stm32.13.3.rel1.win32_1.0.100.202509120712/tools/bin/../lib/gcc/arm-none-eabi/13.3.1/../../../../arm-none-eabi/lib/thumb/v7e-m+fp/hard\libc_nano.a(libc_a-impure.o)
                0x20000104                _impure_data
 *(.RamFunc)
 *(.RamFunc*)
                0x20000150                        . = ALIGN (0x4)
                0x20000150                        _edata = .
                0x08012590                        _siccmram = LOADADDR (.ccmram)

.igot.plt       0x20000150        0x0 load address 0x08012590
 .igot.plt      0x20000150        0x0 C:/ST/STM32CubeIDE_2.0.0/STM32CubeIDE/plugins/com.st.stm32cube.ide.mcu.externaltools.gnu-tools-for-stm32.13.3.rel1.win32_1.0.100.202509120712/tools/bin/../lib/gcc/arm-none-eabi/13.3.1/thumb/v7e-m+fp/hard/crtbegin.o

.ccmram         0x10000000        0x0 load address 0x08012590
                0x10000000                        . = ALIGN (0x4)
                0x10000000                        _sccmram = .
 *(.ccmram)
 *(.ccmram*)
                0x10000000                        . = ALIGN (0x4)
                0x10000000                        _eccmram = .
                0x10000000                        . = ALIGN (0x4)

.bss            0x20000150     0x9cfc
                0x20000150                        _sbss = .
                0x20000150                        __bss_start__ = _sbss
 *(.bss)
 .bss           0x20000150       0x1c C:/ST/STM32CubeIDE_2.0.0/STM32CubeIDE/plugins/com.st.stm32cube.ide.mcu.externaltools.gnu-tools-for-stm32.13.3.rel1.win32_1.0.100.202509120712/tools/bin/../lib/gcc/arm-none-eabi/13.3.1/thumb/v7e-m+fp/hard/crtbegin.o
 *(.bss*)
 *fill*         0x2000016c        0x4 
 .bss.PWM_L     0x20000170        0x8 ./Core/Src/main.o
 .bss.PWM_R     0x20000178        0x8 ./Core/Src/main.o
 .bss.P_L       0x20000180        0x8 ./Core/Src/main.o
 .bss.I_L       0x20000188        0x8 ./Core/Src/main.o
 .bss.D_L       0x20000190        0x8 ./Core/Src/main.o
 .bss.P_R       0x20000198        0x8 ./Core/Src/main.o
 .bss.I_R       0x200001a0        0x8 ./Core/Src/main.o
 .bss.D_R       0x200001a8        0x8 ./Core/Src/main.o
 .bss.Encoder_Data
                0x200001b0       0x28 ./Core/Src/main.o
 .bss.IMU_Data  0x200001d8        0xe ./Core/Src/main.o
 *fill*         0x200001e6        0x2 
 .bss.orientation
                0x200001e8        0x8 ./Core/Src/main.o
                0x200001e8                orientation
 .bss.x_pos     0x200001f0        0x8 ./Core/Src/main.o
                0x200001f0                x_pos
 .bss.y_pos     0x200001f8        0x8 ./Core/Src/main.o
                0x200001f8                y_pos
 .bss.checkSemaphore
                0x20000200        0x4 ./Core/Src/main.o
                0x20000200                checkSemaphore
 .bss.uart_call_counter
                0x20000204        0x4 ./Core/Src/main.o
 .bss.uart_acquire_counter
                0x20000208        0x4 ./Core/Src/main.o
 .bss.buffer_data_counter
                0x2000020c        0x4 ./Core/Src/main.o
 .bss.hi2c2     0x20000210       0x54 ./Core/Src/main.o
                0x20000210                hi2c2
 .bss.htim1     0x20000264       0x48 ./Core/Src/main.o
                0x20000264                htim1
 .bss.htim2     0x200002ac       0x48 ./Core/Src/main.o
                0x200002ac                htim2
 .bss.htim3     0x200002f4       0x48 ./Core/Src/main.o
                0x200002f4                htim3
 .bss.htim4     0x2000033c       0x48 ./Core/Src/main.o
                0x2000033c                htim4
 .bss.htim5     0x20000384       0x48 ./Core/Src/main.o
                0x20000384                htim5
 .bss.htim9     0x200003cc       0x48 ./Core/Src/main.o
                0x200003cc                htim9
 .bss.htim12    0x20000414       0x48 ./Core/Src/main.o
                0x20000414                htim12
 .bss.huart3    0x2000045c       0x48 ./Core/Src/main.o
                0x2000045c                huart3
 .bss.hdma_usart3_rx
                0x200004a4       0x60 ./Core/Src/main.o
                0x200004a4                hdma_usart3_rx
 .bss.ShowHandle
                0x20000504        0x4 ./Core/Src/main.o
                0x20000504                ShowHandle
 .bss.ServoMotorHandle