Archive member included to satisfy reference by file (symbol)

/Applications/STM32CubeIDE.app/Contents/Eclipse/plugins/com.st.stm32cube.ide.mcu.externaltools.gnu-tools-for-stm32.14.3.rel1.macosaarch64_1.0.0.202602081740/tools/bin/../lib/gcc/arm-none-eabi/14.3.1/../../../../arm-none-eabi/lib/thumb/v7e-m+fp/hard/libc_nano.a(libc_a-atoi.o)
                              ./Core/Src/main.o (atoi)
/Applications/STM32CubeIDE.app/Contents/Eclipse/plugins/com.st.stm32cube.ide.mcu.externaltools.gnu-tools-for-stm32.14.3.rel1.macosaarch64_1.0.0.202602081740/tools/bin/../lib/gcc/arm-none-eabi/14.3.1/../../../../arm-none-eabi/lib/thumb/v7e-m+fp/hard/libc_nano.a(libc_a-exit.o)
                              /Applications/STM32CubeIDE.app/Contents/Eclipse/plugins/com.st.stm32cube.ide.mcu.externaltools.gnu-tools-for-stm32.14.3.rel1.macosaarch64_1.0.0.202602081740/tools/bin/../lib/gcc/arm-none-eabi/14.3.1/../../../../arm-none-eabi/lib/thumb/v7e-m+fp/hard/crt0.o (exit)
/Applications/STM32CubeIDE.app/Contents/Eclipse/plugins/com.st.stm32cube.ide.mcu.externaltools.gnu-tools-for-stm32.14.3.rel1.macosaarch64_1.0.0.202602081740/tools/bin/../lib/gcc/arm-none-eabi/14.3.1/../../../../arm-none-eabi/lib/thumb/v7e-m+fp/hard/libc_nano.a(libc_a-sprintf.o)
                              ./Core/Src/main.o (sprintf)
/Applications/STM32CubeIDE.app/Contents/Eclipse/plugins/com.st.stm32cube.ide.mcu.externaltools.gnu-tools-for-stm32.14.3.rel1.macosaarch64_1.0.0.202602081740/tools/bin/../lib/gcc/arm-none-eabi/14.3.1/../../../../arm-none-eabi/lib/thumb/v7e-m+fp/hard/libc_nano.a(libc_a-findfp.o)
                              /Applications/STM32CubeIDE.app/Contents/Eclipse/plugins/com.st.stm32cube.ide.mcu.externaltools.gnu-tools-for-stm32.14.3.rel1.macosaarch64_1.0.0.202602081740/tools/bin/../lib/gcc/arm-none-eabi/14.3.1/../../../../arm-none-eabi/lib/thumb/v7e-m+fp/hard/libc_nano.a(libc_a-exit.o) (__stdio_exit_handler)
/Applications/STM32CubeIDE.app/Contents/Eclipse/plugins/com.st.stm32cube.ide.mcu.externaltools.gnu-tools-for-stm32.14.3.rel1.macosaarch64_1.0.0.202602081740/tools/bin/../lib/gcc/arm-none-eabi/14.3.1/../../../../arm-none-eabi/lib/thumb/v7e-m+fp/hard/libc_nano.a(libc_a-strtol.o)
                              /Applications/STM32CubeIDE.app/Contents/Eclipse/plugins/com.st.stm32cube.ide.mcu.externaltools.gnu-tools-for-stm32.14.3.rel1.macosaarch64_1.0.0.202602081740/tools/bin/../lib/gcc/arm-none-eabi/14.3.1/../../../../arm-none-eabi/lib/thumb/v7e-m+fp/hard/libc_nano.a(libc_a-atoi.o) (_strtol_r)
/Applications/STM32CubeIDE.app/Contents/Eclipse/plugins/com.st.stm32cube.ide.mcu.externaltools.gnu-tools-for-stm32.14.3.rel1.macosaarch64_1.0.0.202602081740/tools/bin/../lib/gcc/arm-none-eabi/14.3.1/../../../../arm-none-eabi/lib/thumb/v7e-m+fp/hard/libc_nano.a(libc_a-fwalk.o)
                              /Applications/STM32CubeIDE.app/Contents/Eclipse/plugins/com.st.stm32cube.ide.mcu.externaltools.gnu-tools-for-stm32.14.3.rel1.macosaarch64_1.0.0.202602081740/tools/bin/../lib/gcc/arm-none-eabi/14.3.1/../../../../arm-none-eabi/lib/thumb/v7e-m+fp/hard/libc_nano.a(libc_a-findfp.o) (_fwalk_sglue)
/Applications/STM32CubeIDE.app/Contents/Eclipse/plugins/com.st.stm32cube.ide.mcu.externaltools.gnu-tools-for-stm32.14.3.rel1.macosaarch64_1.0.0.202602081740/tools/bin/../lib/gcc/arm-none-eabi/14.3.1/../../../../arm-none-eabi/lib/thumb/v7e-m+fp/hard/libc_nano.a(libc_a-memset.o)
                              /Applications/STM32CubeIDE.app/Contents/Eclipse/plugins/com.st.stm32cube.ide.mcu.externaltools.gnu-tools-for-stm32.14.3.rel1.macosaarch64_1.0.0.202602081740/tools/bin/../lib/gcc/arm-none-eabi/14.3.1/../../../../arm-none-eabi/lib/thumb/v7e-m+fp/hard/crt0.o (memset)
/Applications/STM32CubeIDE.app/Contents/Eclipse/plugins/com.st.stm32cube.ide.mcu.externaltools.gnu-tools-for-stm32.14.3.rel1.macosaarch64_1.0.0.202602081740/tools/bin/../lib/gcc/arm-none-eabi/14.3.1/../../../../arm-none-eabi/lib/thumb/v7e-m+fp/hard/libc_nano.a(libc_a-strcat.o)
                              ./Core/Src/main.o (strcat)
/Applications/STM32CubeIDE.app/Contents/Eclipse/plugins/com.st.stm32cube.ide.mcu.externaltools.gnu-tools-for-stm32.14.3.rel1.macosaarch64_1.0.0.202602081740/tools/bin/../lib/gcc/arm-none-eabi/14.3.1/../../../../arm-none-eabi/lib/thumb/v7e-m+fp/hard/libc_nano.a(libc_a-strncmp.o)
                              ./Core/Src/main.o (strncmp)
/Applications/STM32CubeIDE.app/Contents/Eclipse/plugins/com.st.stm32cube.ide.mcu.externaltools.gnu-tools-for-stm32.14.3.rel1.macosaarch64_1.0.0.202602081740/tools/bin/../lib/gcc/arm-none-eabi/14.3.1/../../../../arm-none-eabi/lib/thumb/v7e-m+fp/hard/libc_nano.a(libc_a-strtok_r.o)
                              ./Core/Src/main.o (strtok_r)
/Applications/STM32CubeIDE.app/Contents/Eclipse/plugins/com.st.stm32cube.ide.mcu.externaltools.gnu-tools-for-stm32.14.3.rel1.macosaarch64_1.0.0.202602081740/tools/bin/../lib/gcc/arm-none-eabi/14.3.1/../../../../arm-none-eabi/lib/thumb/v7e-m+fp/hard/libc_nano.a(libc_a-strstr.o)
[...]
Memory Configuration

Name             Origin             Length             Attributes
CCMRAM           0x10000000         0x00010000         xrw
RAM              0x20000000         0x00020000         xrw
FLASH            0x08000000         0x00080000         xr
*default*        0x00000000         0xffffffff

Linker script and memory map

LOAD /Applications/STM32CubeIDE.app/Contents/Eclipse/plugins/com.st.stm32cube.ide.mcu.externaltools.gnu-tools-for-stm32.14.3.rel1.macosaarch64_1.0.0.202602081740/tools/bin/../lib/gcc/arm-none-eabi/14.3.1/thumb/v7e-m+fp/hard/crti.o
LOAD /Applications/STM32CubeIDE.app/Contents/Eclipse/plugins/com.st.stm32cube.ide.mcu.externaltools.gnu-tools-for-stm32.14.3.rel1.macosaarch64_1.0.0.202602081740/tools/bin/../lib/gcc/arm-none-eabi/14.3.1/thumb/v7e-m+fp/hard/crtbegin.o
LOAD /Applications/STM32CubeIDE.app/Contents/Eclipse/plugins/com.st.stm32cube.ide.mcu.externaltools.gnu-tools-for-stm32.14.3.rel1.macosaarch64_1.0.0.202602081740/tools/bin/../lib/gcc/arm-none-eabi/14.3.1/../../../../arm-none-eabi/lib/thumb/v7e-m+fp/hard/crt0.o
LOAD ./Core/Src/freertos.o
LOAD ./Core/Src/main.o
LOAD ./Core/Src/stm32f4xx_hal_msp.o
LOAD ./Core/Src/stm32f4xx_it.o
LOAD ./Core/Src/syscalls.o
LOAD ./Core/Src/sysmem.o
LOAD ./Core/Src/system_stm32f4xx.o
LOAD ./Core/Startup/startup_stm32f407vetx.o
LOAD ./Drivers/STM32F4xx_HAL_Driver/Src/stm32f4xx_hal.o
LOAD ./Drivers/STM32F4xx_HAL_Driver/Src/stm32f4xx_hal_adc.o
LOAD ./Drivers/STM32F4xx_HAL_Driver/Src/stm32f4xx_hal_adc_ex.o
LOAD ./Drivers/STM32F4xx_HAL_Driver/Src/stm32f4xx_hal_cortex.o
LOAD ./Drivers/STM32F4xx_HAL_Driver/Src/stm32f4xx_hal_dma.o
LOAD ./Drivers/STM32F4xx_HAL_Driver/Src/stm32f4xx_hal_dma_ex.o
LOAD ./Drivers/STM32F4xx_HAL_Driver/Src/stm32f4xx_hal_exti.o
LOAD ./Drivers/STM32F4xx_HAL_Driver/Src/stm32f4xx_hal_flash.o
LOAD ./Drivers/STM32F4xx_HAL_Driver/Src/stm32f4xx_hal_flash_ex.o
LOAD ./Drivers/STM32F4xx_HAL_Driver/Src/stm32f4xx_hal_flash_ramfunc.o
LOAD ./Drivers/STM32F4xx_HAL_Driver/Src/stm32f4xx_hal_gpio.o
LOAD ./Drivers/STM32F4xx_HAL_Driver/Src/stm32f4xx_hal_i2c.o
LOAD ./Drivers/STM32F4xx_HAL_Driver/Src/stm32f4xx_hal_i2c_ex.o
LOAD ./Drivers/STM32F4xx_HAL_Driver/Src/stm32f4xx_hal_pwr.o
LOAD ./Drivers/STM32F4xx_HAL_Driver/Src/stm32f4xx_hal_pwr_ex.o
LOAD ./Drivers/STM32F4xx_HAL_Driver/Src/stm32f4xx_hal_rcc.o
LOAD ./Drivers/STM32F4xx_HAL_Driver/Src/stm32f4xx_hal_rcc_ex.o
LOAD ./Drivers/STM32F4xx_HAL_Driver/Src/stm32f4xx_hal_tim.o
LOAD ./Drivers/STM32F4xx_HAL_Driver/Src/stm32f4xx_hal_tim_ex.o
LOAD ./Drivers/STM32F4xx_HAL_Driver/Src/stm32f4xx_hal_uart.o
LOAD ./Drivers/STM32F4xx_HAL_Driver/Src/stm32f4xx_ll_adc.o
LOAD ./Middlewares/Third_Party/FreeRTOS/Source/CMSIS_RTOS_V2/cmsis_os2.o
LOAD ./Middlewares/Third_Party/FreeRTOS/Source/croutine.o
LOAD ./Middlewares/Third_Party/FreeRTOS/Source/event_groups.o
LOAD ./Middlewares/Third_Party/FreeRTOS/Source/list.o
LOAD ./Middlewares/Third_Party/FreeRTOS/Source/queue.o
LOAD ./Middlewares/Third_Party/FreeRTOS/Source/stream_buffer.o
LOAD ./Middlewares/Third_Party/FreeRTOS/Source/tasks.o
LOAD ./Middlewares/Third_Party/FreeRTOS/Source/timers.o
LOAD ./Middlewares/Third_Party/FreeRTOS/Source/portable/GCC/ARM_CM4F/port.o
LOAD ./Middlewares/Third_Party/FreeRTOS/Source/portable/MemMang/heap_4.o
LOAD ./PeripheralDriver/Src/HCSR04.o
LOAD ./PeripheralDriver/Src/UART_Comm.o
LOAD ./PeripheralDriver/Src/icm20948.o
LOAD ./PeripheralDriver/Src/motor.o
LOAD ./PeripheralDriver/Src/oled.o
LOAD ./PeripheralDriver/Src/servo.o
START GROUP
LOAD /Applications/STM32CubeIDE.app/Contents/Eclipse/plugins/com.st.stm32cube.ide.mcu.externaltools.gnu-tools-for-stm32.14.3.rel1.macosaarch64_1.0.0.202602081740/tools/bin/../lib/gcc/arm-none-eabi/14.3.1/../../../../arm-none-eabi/lib/thumb/v7e-m+fp/hard/libc_nano.a
LOAD /Applications/STM32CubeIDE.app/Contents/Eclipse/plugins/com.st.stm32cube.ide.mcu.externaltools.gnu-tools-for-stm32.14.3.rel1.macosaarch64_1.0.0.202602081740/tools/bin/../lib/gcc/arm-none-eabi/14.3.1/../../../../arm-none-eabi/lib/thumb/v7e-m+fp/hard/libm.a
END GROUP
START GROUP
LOAD /Applications/STM32CubeIDE.app/Contents/Eclipse/plugins/com.st.stm32cube.ide.mcu.externaltools.gnu-tools-for-stm32.14.3.rel1.macosaarch64_1.0.0.202602081740/tools/bin/../lib/gcc/arm-none-eabi/14.3.1/thumb/v7e-m+fp/hard/libgcc.a
LOAD /Applications/STM32CubeIDE.app/Contents/Eclipse/plugins/com.st.stm32cube.ide.mcu.externaltools.gnu-tools-for-stm32.14.3.rel1.macosaarch64_1.0.0.202602081740/tools/bin/../lib/gcc/arm-none-eabi/14.3.1/../../../../arm-none-eabi/lib/thumb/v7e-m+fp/hard/libc_nano.a
END GROUP
START GROUP
LOAD /Applications/STM32CubeIDE.app/Contents/Eclipse/plugins/com.st.stm32cube.ide.mcu.externaltools.gnu-tools-for-stm32.14.3.rel1.macosaarch64_1.0.0.202602081740/tools/bin/../lib/gcc/arm-none-eabi/14.3.1/thumb/v7e-m+fp/hard/libgcc.a
LOAD /Applications/STM32CubeIDE.app/Contents/Eclipse/plugins/com.st.stm32cube.ide.mcu.externaltools.gnu-tools-for-stm32.14.3.rel1.macosaarch64_1.0.0.202602081740/tools/bin/../lib/gcc/arm-none-eabi/14.3.1/../../../../arm-none-eabi/lib/thumb/v7e-m+fp/hard/libc_nano.a
LOAD /Applications/STM32CubeIDE.app/Contents/Eclipse/plugins/com.st.stm32cube.ide.mcu.externaltools.gnu-tools-for-stm32.14.3.rel1.macosaarch64_1.0.0.202602081740/tools/bin/../lib/gcc/arm-none-eabi/14.3.1/../../../../arm-none-eabi/lib/thumb/v7e-m+fp/hard/libnosys.a
END GROUP
START GROUP
LOAD /Applications/STM32CubeIDE.app/Contents/Eclipse/plugins/com.st.stm32cube.ide.mcu.externaltools.gnu-tools-for-stm32.14.3.rel1.macosaarch64_1.0.0.202602081740/tools/bin/../lib/gcc/arm-none-eabi/14.3.1/thumb/v7e-m+fp/hard/libgcc.a
LOAD /Applications/STM32CubeIDE.app/Contents/Eclipse/plugins/com.st.stm32cube.ide.mcu.externaltools.gnu-tools-for-stm32.14.3.rel1.macosaarch64_1.0.0.202602081740/tools/bin/../lib/gcc/arm-none-eabi/14.3.1/../../../../arm-none-eabi/lib/thumb/v7e-m+fp/hard/libc_nano.a
LOAD /Applications/STM32CubeIDE.app/Contents/Eclipse/plugins/com.st.stm32cube.ide.mcu.externaltools.gnu-tools-for-stm32.14.3.rel1.macosaarch64_1.0.0.202602081740/tools/bin/../lib/gcc/arm-none-eabi/14.3.1/../../../../arm-none-eabi/lib/thumb/v7e-m+fp/hard/libnosys.a
END GROUP
LOAD /Applications/STM32CubeIDE.app/Contents/Eclipse/plugins/com.st.stm32cube.ide.mcu.externaltools.gnu-tools-for-stm32.14.3.rel1.macosaarch64_1.0.0.202602081740/tools/bin/../lib/gcc/arm-none-eabi/14.3.1/thumb/v7e-m+fp/hard/crtend.o
LOAD /Applications/STM32CubeIDE.app/Contents/Eclipse/plugins/com.st.stm32cube.ide.mcu.externaltools.gnu-tools-for-stm32.14.3.rel1.macosaarch64_1.0.0.202602081740/tools/bin/../lib/gcc/arm-none-eabi/14.3.1/thumb/v7e-m+fp/hard/crtn.o
                0x20020000                        _estack = (ORIGIN (RAM) + LENGTH (RAM))
                0x00000200                        _Min_Heap_Size = 0x200
                0x00000400                        _Min_Stack_Size = 0x400

.isr_vector     0x08000000      0x188
                0x08000000                        . = ALIGN (0x4)
 *(.isr_vector)
 .isr_vector    0x08000000      0x188 ./Core/Startup/startup_stm32f407vetx.o
                0x08000000                g_pfnVectors
                0x08000188                        . = ALIGN (0x4)

.text           0x08000190    0x138a8
                0x08000190                        . = ALIGN (0x4)
 *(.text)
 .text          0x08000190       0x40 /Applications/STM32CubeIDE.app/Contents/Eclipse/plugins/com.st.stm32cube.ide.mcu.externaltools.gnu-tools-for-stm32.14.3.rel1.macosaarch64_1.0.0.202602081740/tools/bin/../lib/gcc/arm-none-eabi/14.3.1/thumb/v7e-m+fp/hard/crtbegin.o
 .text          0x080001d0       0x10 /Applications/STM32CubeIDE.app/Contents/Eclipse/plugins/com.st.stm32cube.ide.mcu.externaltools.gnu-tools-for-stm32.14.3.rel1.macosaarch64_1.0.0.202602081740/tools/bin/../lib/gcc/arm-none-eabi/14.3.1/../../../../arm-none-eabi/lib/thumb/v7e-m+fp/hard/libc_nano.a(libc_a-strlen.o)
                0x080001d0                strlen
 .text          0x080001e0       0xa0 /Applications/STM32CubeIDE.app/Contents/Eclipse/plugins/com.st.stm32cube.ide.mcu.externaltools.gnu-tools-for-stm32.14.3.rel1.macosaarch64_1.0.0.202602081740/tools/bin/../lib/gcc/arm-none-eabi/14.3.1/../../../../arm-none-eabi/lib/thumb/v7e-m+fp/hard/libc_nano.a(libc_a-memchr.o)
                0x080001e0                memchr
 .text          0x08000280      0x378 /Applications/STM32CubeIDE.app/Contents/Eclipse/plugins/com.st.stm32cube.ide.mcu.externaltools.gnu-tools-for-stm32.14.3.rel1.macosaarch64_1.0.0.202602081740/tools/bin/../lib/gcc/arm-none-eabi/14.3.1/thumb/v7e-m+fp/hard/libgcc.a(_arm_addsubdf3.o)
                0x08000280                __aeabi_drsub
                0x08000288                __subdf3
                0x08000288                __aeabi_dsub
                0x0800028c                __aeabi_dadd
                0x0800028c                __adddf3
                0x08000504                __aeabi_ui2d
                0x08000504                __floatunsidf
                0x08000524                __floatsidf
                0x08000524                __aeabi_i2d
                0x08000548                __extendsfdf2
                0x08000548                __aeabi_f2d
                0x0800058c                __aeabi_ul2d
                0x0800058c                __floatundidf
                0x0800059c                __aeabi_l2d
                0x0800059c                __floatdidf
 .text          0x080005f8      0x424 /Applications/STM32CubeIDE.app/Contents/Eclipse/plugins/com.st.stm32cube.ide.mcu.externaltools.gnu-tools-for-stm32.14.3.rel1.macosaarch64_1.0.0.202602081740/tools/bin/../lib/gcc/arm-none-eabi/14.3.1/thumb/v7e-m+fp/hard/libgcc.a(_arm_muldivdf3.o)
                0x080005f8                __aeabi_dmul
                0x080005f8                __muldf3
                0x0800084c                __aeabi_ddiv
                0x0800084c                __divdf3
 .text          0x08000a1c      0x110 /Applications/STM32CubeIDE.app/Contents/Eclipse/plugins/com.st.stm32cube.ide.mcu.externaltools.gnu-tools-for-stm32.14.3.rel1.macosaarch64_1.0.0.202602081740/tools/bin/../lib/gcc/arm-none-eabi/14.3.1/thumb/v7e-m+fp/hard/libgcc.a(_arm_cmpdf2.o)
                0x08000a1c                __gedf2
                0x08000a1c                __gtdf2
                0x08000a24                __ledf2
                0x08000a24                __ltdf2
                0x08000a2c                __cmpdf2
                0x08000a2c                __eqdf2
                0x08000a2c                __nedf2
                0x08000aa8                __aeabi_cdrcmple
                0x08000ab8                __aeabi_cdcmple
                0x08000ab8                __aeabi_cdcmpeq
                0x08000ac8                __aeabi_dcmpeq
                0x08000adc                __aeabi_dcmplt
                0x08000af0                __aeabi_dcmple
                0x08000b04                __aeabi_dcmpge
                0x08000b18                __aeabi_dcmpgt
 .text          0x08000b2c       0x2c /Applications/STM32CubeIDE.app/Contents/Eclipse/plugins/com.st.stm32cube.ide.mcu.externaltools.gnu-tools-for-stm32.14.3.rel1.macosaarch64_1.0.0.202602081740/tools/bin/../lib/gcc/arm-none-eabi/14.3.1/thumb/v7e-m+fp/hard/libgcc.a(_arm_unorddf2.o)
                0x08000b2c                __aeabi_dcmpun
                0x08000b2c                __unorddf2
 .text          0x08000b58       0x50 /Applications/STM32CubeIDE.app/Contents/Eclipse/plugins/com.st.stm32cube.ide.mcu.externaltools.gnu-tools-for-stm32.14.3.rel1.macosaarch64_1.0.0.202602081740/tools/bin/../lib/gcc/arm-none-eabi/14.3.1/thumb/v7e-m+fp/hard/libgcc.a(_arm_fixdfsi.o)
                0x08000b58                __fixdfsi
                0x08000b58                __aeabi_d2iz
 .text          0x08000ba8       0x40 /Applications/STM32CubeIDE.app/Contents/Eclipse/plugins/com.st.stm32cube.ide.mcu.externaltools.gnu-tools-for-stm32.14.3.rel1.macosaarch64_1.0.0.202602081740/tools/bin/../lib/gcc/arm-none-eabi/14.3.1/thumb/v7e-m+fp/hard/libgcc.a(_arm_fixunsdfsi.o)
                0x08000ba8                __fixunsdfsi
                0x08000ba8                __aeabi_d2uiz
 .text          0x08000be8       0x30 /Applications/STM32CubeIDE.app/Contents/Eclipse/plugins/com.st.stm32cube.ide.mcu.externaltools.gnu-tools-for-stm32.14.3.rel1.macosaarch64_1.0.0.202602081740/tools/bin/../lib/gcc/arm-none-eabi/14.3.1/thumb/v7e-m+fp/hard/libgcc.a(_aeabi_uldivmod.o)
                0x08000be8                __aeabi_uldivmod
 .text          0x08000c18      0x2f8 /Applications/STM32CubeIDE.app/Contents/Eclipse/plugins/com.st.stm32cube.ide.mcu.externaltools.gnu-tools-for-stm32.14.3.rel1.macosaarch64_1.0.0.202602081740/tools/bin/../lib/gcc/arm-none-eabi/14.3.1/thumb/v7e-m+fp/hard/libgcc.a(_udivmoddi4.o)
                0x08000c18                __udivmoddi4
 .text          0x08000f10        0x4 /Applications/STM32CubeIDE.app/Contents/Eclipse/plugins/com.st.stm32cube.ide.mcu.externaltools.gnu-tools-for-stm32.14.3.rel1.macosaarch64_1.0.0.202602081740/tools/bin/../lib/gcc/arm-none-eabi/14.3.1/thumb/v7e-m+fp/hard/libgcc.a(_dvmd_tls.o)
                0x08000f10                __aeabi_ldiv0
                0x08000f10                __aeabi_idiv0
 *(.text*)
 .text.ADC_Read_Channel
                0x08000f14       0x84 ./Core/Src/main.o
                0x08000f14                ADC_Read_Channel
 .text.getRequestedAngle
                0x08000f98       0x78 ./Core/Src/main.o
                0x08000f98                getRequestedAngle
 .text.getRequestedVerticalDisplacement
                0x08001010       0x78 ./Core/Src/main.o
                0x08001010                getRequestedVerticalDisplacement
 .text.getRequestedMultiplier
                0x08001088       0x7c ./Core/Src/main.o
                0x08001088                getRequestedMultiplier
 *fill*         0x08001104        0x4 
 .text.euclideanDis
                0x08001108       0xa0 ./Core/Src/main.o
                0x08001108                euclideanDis
 .text.sendPosOrienData
                0x080011a8       0x90 ./Core/Src/main.o
                0x080011a8                sendPosOrienData
 .text.sendEndData
                0x08001238       0x88 ./Core/Src/main.o
                0x08001238                sendEndData
 .text.sendDistanceFromObstacle
                0x080012c0       0x3c ./Core/Src/main.o
                0x080012c0                sendDistanceFromObstacle
 .text.main     0x080012fc      0x274 ./Core/Src/main.o
                0x080012fc                main
 .text.SystemClock_Config
                0x08001570       0xbc ./Core/Src/main.o
                0x08001570                SystemClock_Config
 .text.MX_ADC1_Init
                0x0800162c       0xa4 ./Core/Src/main.o
 .text.MX_I2C2_Init
                0x080016d0       0x5c ./Core/Src/main.o
 .text.MX_TIM1_Init
                0x0800172c      0x158 ./Core/Src/main.o
 .text.MX_TIM2_Init
                0x08001884       0xa8 ./Core/Src/main.o
 .text.MX_TIM4_Init
                0x0800192c      0x104 ./Core/Src/main.o
 .text.MX_TIM5_Init
                0x08001a30       0xa8 ./Core/Src/main.o
 .text.MX_TIM8_Init
                0x08001ad8       0xe8 ./Core/Src/main.o
 .text.MX_TIM12_Init
                0x08001bc0       0xc4 ./Core/Src/main.o
 .text.MX_USART3_UART_Init
                0x08001c84       0x54 ./Core/Src/main.o
 .text.MX_DMA_Init
                0x08001cd8       0x6c ./Core/Src/main.o
 .text.MX_GPIO_Init
                0x08001d44      0x138 ./Core/Src/main.o
 .text.show     0x08001e7c      0x130 ./Core/Src/main.o
                0x08001e7c                show
 *fill*         0x08001fac        0x4 
 .text.servo_motor
                0x08001fb0     0x2120 ./Core/Src/main.o
                0x08001fb0                servo_motor
 .text.motor    0x080040d0      0x920 ./Core/Src/main.o
                0x080040d0                motor
 .text.UltrasoundRea
                0x080049f0       0x24 ./Core/Src/main.o
                0x080049f0                UltrasoundRea
 .text.UART_comm_task
                0x08004a14       0x90 ./Core/Src/main.o
                0x08004a14                UART_comm_task
 *fill*         0x08004aa4        0x4 
 .text.Caculate_Pos
                0x08004aa8      0x188 ./Core/Src/main.o
                0x08004aa8                Caculate_Pos
 .text.orientationCal
                0x08004c30       0xd4 ./Core/Src/main.o
                0x08004c30                orientationCal
 *fill*         0x08004d04        0x4 
 .text.MovementTask
                0x08004d08      0xad8 ./Core/Src/main.o
                0x08004d08                MovementTask
 .text.IRread   0x080057e0      0x118 ./Core/Src/main.o
                0x080057e0                IRread
 .text.Error_Handler
                0x080058f8        0xc ./Core/Src/main.o
                0x080058f8                Error_Handler
 .text.HAL_MspInit
                0x08005904       0x58 ./Core/Src/stm32f4xx_hal_msp.o
                0x08005904                HAL_MspInit
 .text.HAL_ADC_MspInit
                0x0800595c       0xf0 ./Core/Src/stm32f4xx_hal_msp.o
                0x0800595c                HAL_ADC_MspInit
 .text.HAL_I2C_MspInit
                0x08005a4c       0x90 ./Core/Src/stm32f4xx_hal_msp.o
                0x08005a4c                HAL_I2C_MspInit
 .text.HAL_TIM_Base_MspInit
                0x08005adc      0x124 ./Core/Src/stm32f4xx_hal_msp.o
                0x08005adc                HAL_TIM_Base_MspInit
 .text.HAL_TIM_Encoder_MspInit
                0x08005c00      0x144 ./Core/Src/stm32f4xx_hal_msp.o
                0x08005c00                HAL_TIM_Encoder_MspInit
 .text.HAL_TIM_MspPostInit
                0x08005d44      0x114 ./Core/Src/stm32f4xx_hal_msp.o
                0x08005d44                HAL_TIM_MspPostInit
 .text.HAL_UART_MspInit
                0x08005e58      0x104 ./Core/Src/stm32f4xx_hal_msp.o
                0x08005e58                HAL_UART_MspInit
 .text.NMI_Handler
                0x08005f5c        0x8 ./Core/Src/stm32f4xx_it.o
                0x08005f5c                NMI_Handler
 .text.HardFault_Handler
                0x08005f64        0x8 ./Core/Src/stm32f4xx_it.o
                0x08005f64                HardFault_Handler
 .text.MemManage_Handler
                0x08005f6c        0x8 ./Core/Src/stm32f4xx_it.o
                0x08005f6c                MemManage_Handler
 .text.BusFault_Handler
                0x08005f74        0x8 ./Core/Src/stm32f4xx_it.o
                0x08005f74                BusFault_Handler
 .text.UsageFault_Handler
                0x08005f7c        0x8 ./Core/Src/stm32f4xx_it.o
                0x08005f7c                UsageFault_Handler
 .text.DebugMon_Handler
                0x08005f84        0xe ./Core/Src/stm32f4xx_it.o
                0x08005f84                DebugMon_Handler
 .text.SysTick_Handler
                0x08005f92       0x1a ./Core/Src/stm32f4xx_it.o
                0x08005f92                SysTick_Handler
 .text.DMA1_Stream1_IRQHandler
                0x08005fac       0x14 ./Core/Src/stm32f4xx_it.o
                0x08005fac                DMA1_Stream1_IRQHandler
 .text.TIM2_IRQHandler
                0x08005fc0       0x14 ./Core/Src/stm32f4xx_it.o
                0x08005fc0                TIM2_IRQHandler
 .text.USART3_IRQHandler
                0x08005fd4       0x14 ./Core/Src/stm32f4xx_it.o
                0x08005fd4                USART3_IRQHandler
 .text.TIM8_CC_IRQHandler
                0x08005fe8       0x14 ./Core/Src/stm32f4xx_it.o
                0x08005fe8                TIM8_CC_IRQHandler
 .text.DMA2_Stream0_IRQHandler
                0x08005ffc       0x14 ./Core/Src/stm32f4xx_it.o
                0x08005ffc                DMA2_Stream0_IRQHandler
 .text._sbrk    0x08006010       0x6c ./Core/Src/sysmem.o
                0x08006010                _sbrk
 .text.SystemInit
                0x0800607c       0x24 ./Core/Src/system_stm32f4xx.o
                0x0800607c                SystemInit
 .text.Reset_Handler
                0x080060a0       0x50 ./Core/Startup/startup_stm32f407vetx.o
                0x080060a0                Reset_Handler
 .text.Default_Handler
                0x080060f0        0x2 ./Core/Startup/startup_stm32f407vetx.o
                0x080060f0                DMA1_Stream3_IRQHandler
                0x080060f0                HASH_RNG_IRQHandler
                0x080060f0                EXTI2_IRQHandler
                0x080060f0                TIM1_CC_IRQHandler
                0x080060f0                DMA2_Stream5_IRQHandler
                0x080060f0                DMA1_Stream5_IRQHandler
                0x080060f0                PVD_IRQHandler
                0x080060f0                SDIO_IRQHandler
                0x080060f0                TAMP_STAMP_IRQHandler
                0x080060f0                CAN2_RX1_IRQHandler
                0x080060f0                EXTI3_IRQHandler
                0x080060f0                TIM8_TRG_COM_TIM14_IRQHandler
                0x080060f0                TIM1_UP_TIM10_IRQHandler
                0x080060f0                TIM8_UP_TIM13_IRQHandler
                0x080060f0                I2C3_ER_IRQHandler
                0x080060f0                EXTI0_IRQHandler
                0x080060f0                I2C2_EV_IRQHandler
                0x080060f0                DMA1_Stream2_IRQHandler
                0x080060f0                CAN1_RX0_IRQHandler
                0x080060f0                FPU_IRQHandler
                0x080060f0                OTG_HS_WKUP_IRQHandler
                0x080060f0                CAN2_SCE_IRQHandler
                0x080060f0                DMA2_Stream2_IRQHandler
                0x080060f0                SPI1_IRQHandler
                0x080060f0                TIM6_DAC_IRQHandler
                0x080060f0                TIM1_BRK_TIM9_IRQHandler
                0x080060f0                DCMI_IRQHandler
                0x080060f0                CAN2_RX0_IRQHandler
                0x080060f0                DMA2_Stream3_IRQHandler
                0x080060f0                USART6_IRQHandler
                0x080060f0                CAN1_RX1_IRQHandler
                0x080060f0                UART5_IRQHandler
                0x080060f0                TIM4_IRQHandler
                0x080060f0                I2C1_EV_IRQHandler
                0x080060f0                DMA1_Stream6_IRQHandler
                0x080060f0                UART4_IRQHandler
                0x080060f0                TIM3_IRQHandler
                0x080060f0                RCC_IRQHandler
                0x080060f0                TIM8_BRK_TIM12_IRQHandler
                0x080060f0                Default_Handler
                0x080060f0                EXTI15_10_IRQHandler
                0x080060f0                ADC_IRQHandler
                0x080060f0                DMA1_Stream7_IRQHandler
                0x080060f0                TIM7_IRQHandler
                0x080060f0                CAN2_TX_IRQHandler
                0x080060f0                TIM5_IRQHandler
                0x080060f0                DMA2_Stream7_IRQHandler
                0x080060f0                I2C3_EV_IRQHandler
                0x080060f0                EXTI9_5_IRQHandler
                0x080060f0                RTC_WKUP_IRQHandler
                0x080060f0                ETH_WKUP_IRQHandler
                0x080060f0                SPI2_IRQHandler
                0x080060f0                OTG_HS_EP1_IN_IRQHandler
                0x080060f0                DMA1_Stream0_IRQHandler
                0x080060f0                CAN1_TX_IRQHandler
                0x080060f0                EXTI4_IRQHandler
                0x080060f0                FSMC_IRQHandler
                0x080060f0                ETH_IRQHandler
                0x080060f0                OTG_HS_EP1_OUT_IRQHandler
                0x080060f0                WWDG_IRQHandler
                0x080060f0                OTG_FS_WKUP_IRQHandler
                0x080060f0                TIM1_TRG_COM_TIM11_IRQHandler
                0x080060f0                OTG_HS_IRQHandler
                0x080060f0                EXTI1_IRQHandler
                0x080060f0                USART2_IRQHandler
                0x080060f0                I2C2_ER_IRQHandler
                0x080060f0                DMA2_Stream1_IRQHandler
                0x080060f0                CAN1_SCE_IRQHandler
                0x080060f0                FLASH_IRQHandler
                0x080060f0                DMA2_Stream4_IRQHandler
                0x080060f0                USART1_IRQHandler
                0x080060f0                OTG_FS_IRQHandler
                0x080060f0                SPI3_IRQHandler
                0x080060f0                DMA1_Stream4_IRQHandler
                0x080060f0                I2C1_ER_IRQHandler
                0x080060f0                DMA2_Stream6_IRQHandler
                0x080060f0                RTC_Alarm_IRQHandler
 *fill*         0x080060f2        0x2 
 .text.HAL_Init
                0x080060f4       0x44 ./Drivers/STM32F4xx_HAL_Driver/Src/stm32f4xx_hal.o
                0x080060f4                HAL_Init
 .text.HAL_InitTick
                0x08006138       0x60 ./Drivers/STM32F4xx_HAL_Driver/Src/stm32f4xx_hal.o
                0x08006138                HAL_InitTick
 .text.HAL_IncTick
                0x08006198       0x28 ./Drivers/STM32F4xx_HAL_Driver/Src/stm32f4xx_hal.o
                0x08006198                HAL_IncTick
 .text.HAL_GetTick
                0x080061c0       0x18 ./Drivers/STM32F4xx_HAL_Driver/Src/stm32f4xx_hal.o
                0x080061c0                HAL_GetTick
 .text.HAL_Delay
                0x080061d8       0x48 ./Drivers/STM32F4xx_HAL_Driver/Src/stm32f4xx_hal.o
                0x080061d8                HAL_Delay
 .text.HAL_ADC_Init
                0x08006220       0x86 ./Drivers/STM32F4xx_HAL_Driver/Src/stm32f4xx_hal_adc.o
                0x08006220                HAL_ADC_Init
 *fill*         0x080062a6        0x2 
 .text.HAL_ADC_Start
                0x080062a8      0x1a4 ./Drivers/STM32F4xx_HAL_Driver/Src/stm32f4xx_hal_adc.o
                0x080062a8                HAL_ADC_Start
 .text.HAL_ADC_Stop
                0x0800644c       0x66 ./Drivers/STM32F4xx_HAL_Driver/Src/stm32f4xx_hal_adc.o
                0x0800644c                HAL_ADC_Stop
 .text.HAL_ADC_PollForConversion
                0x080064b2      0x116 ./Drivers/STM32F4xx_HAL_Driver/Src/stm32f4xx_hal_adc.o
                0x080064b2                HAL_ADC_PollForConversion
 .text.HAL_ADC_Start_IT
                0x080065c8      0x1bc ./Drivers/STM32F4xx_HAL_Driver/Src/stm32f4xx_hal_adc.o
                0x080065c8                HAL_ADC_Start_IT
 .text.HAL_ADC_GetValue
                0x08006784       0x1a ./Drivers/STM32F4xx_HAL_Driver/Src/stm32f4xx_hal_adc.o
                0x08006784                HAL_ADC_GetValue
 *fill*         0x0800679e        0x2 
 .text.HAL_ADC_ConfigChannel
                0x080067a0      0x244 ./Drivers/STM32F4xx_HAL_Driver/Src/stm32f4xx_hal_adc.o
                0x080067a0                HAL_ADC_ConfigChannel
 .text.ADC_Init
                0x080069e4      0x1f8 ./Drivers/STM32F4xx_HAL_Driver/Src/stm32f4xx_hal_adc.o
 .text.__NVIC_SetPriorityGrouping
                0x08006bdc       0x48 ./Drivers/STM32F4xx_HAL_Driver/Src/stm32f4xx_hal_cortex.o
 .text.__NVIC_GetPriorityGrouping
                0x08006c24       0x1c ./Drivers/STM32F4xx_HAL_Driver/Src/stm32f4xx_hal_cortex.o
 .text.__NVIC_EnableIRQ
                0x08006c40       0x3c ./Drivers/STM32F4xx_HAL_Driver/Src/stm32f4xx_hal_cortex.o
 .text.__NVIC_SetPriority
                0x08006c7c       0x54 ./Drivers/STM32F4xx_HAL_Driver/Src/stm32f4xx_hal_cortex.o
 .text.NVIC_EncodePriority
                0x08006cd0       0x66 ./Drivers/STM32F4xx_HAL_Driver/Src/stm32f4xx_hal_cortex.o
 *fill*         0x08006d36        0x2 
 .text.SysTick_Config
                0x08006d38       0x44 ./Drivers/STM32F4xx_HAL_Driver/Src/stm32f4xx_hal_cortex.o
 .text.HAL_NVIC_SetPriorityGrouping
                0x08006d7c       0x16 ./Drivers/STM32F4xx_HAL_Driver/Src/stm32f4xx_hal_cortex.o
                0x08006d7c                HAL_NVIC_SetPriorityGrouping
 .text.HAL_NVIC_SetPriority
                0x08006d92       0x38 ./Drivers/STM32F4xx_HAL_Driver/Src/stm32f4xx_hal_cortex.o
                0x08006d92                HAL_NVIC_SetPriority
 .text.HAL_NVIC_EnableIRQ
                0x08006dca       0x1c ./Drivers/STM32F4xx_HAL_Driver/Src/stm32f4xx_hal_cortex.o
                0x08006dca                HAL_NVIC_EnableIRQ
 .text.HAL_SYSTICK_Config
                0x08006de6       0x18 ./Drivers/STM32F4xx_HAL_Driver/Src/stm32f4xx_hal_cortex.o
                0x08006de6                HAL_SYSTICK_Config
 *fill*         0x08006dfe        0x2 
 .text.HAL_DMA_Init
                0x08006e00      0x15c ./Drivers/STM32F4xx_HAL_Driver/Src/stm32f4xx_hal_dma.o
                0x08006e00                HAL_DMA_Init
 .text.HAL_DMA_Start_IT
                0x08006f5c       0xb0 ./Drivers/STM32F4xx_HAL_Driver/Src/stm32f4xx_hal_dma.o
                0x08006f5c                HAL_DMA_Start_IT
 .text.HAL_DMA_Abort
                0x0800700c       0xe0 ./Drivers/STM32F4xx_HAL_Driver/Src/stm32f4xx_hal_dma.o
                0x0800700c                HAL_DMA_Abort
 .text.HAL_DMA_Abort_IT
                0x080070ec       0x44 ./Drivers/STM32F4xx_HAL_Driver/Src/stm32f4xx_hal_dma.o
                0x080070ec                HAL_DMA_Abort_IT
 .text.HAL_DMA_IRQHandler
                0x08007130      0x314 ./Drivers/STM32F4xx_HAL_Driver/Src/stm32f4xx_hal_dma.o
                0x08007130                HAL_DMA_IRQHandler
 .text.DMA_SetConfig
                0x08007444       0x5c ./Drivers/STM32F4xx_HAL_Driver/Src/stm32f4xx_hal_dma.o
 .text.DMA_CalcBaseAndBitshift
                0x080074a0       0x6c ./Drivers/STM32F4xx_HAL_Driver/Src/stm32f4xx_hal_dma.o
 .text.DMA_CheckFifoParam
                0x0800750c       0xf8 ./Drivers/STM32F4xx_HAL_Driver/Src/stm32f4xx_hal_dma.o
 .text.HAL_GPIO_Init
                0x08007604      0x338 ./Drivers/STM32F4xx_HAL_Driver/Src/stm32f4xx_hal_gpio.o
                0x08007604                HAL_GPIO_Init
 .text.HAL_GPIO_WritePin
                0x0800793c       0x32 ./Drivers/STM32F4xx_HAL_Driver/Src/stm32f4xx_hal_gpio.o
                0x0800793c                HAL_GPIO_WritePin
 *fill*         0x0800796e        0x2 
 .text.HAL_I2C_Init
                0x08007970      0x288 ./Drivers/STM32F4xx_HAL_Driver/Src/stm32f4xx_hal_i2c.o
                0x08007970                HAL_I2C_Init
 .text.HAL_I2C_Mem_Write
                0x08007bf8      0x1f4 ./Drivers/STM32F4xx_HAL_Driver/Src/stm32f4xx_hal_i2c.o
                0x08007bf8                HAL_I2C_Mem_Write
 .text.HAL_I2C_Mem_Read
                0x08007dec      0x464 ./Drivers/STM32F4xx_HAL_Driver/Src/stm32f4xx_hal_i2c.o
                0x08007dec                HAL_I2C_Mem_Read
 .text.I2C_RequestMemoryWrite
                0x08008250      0x12c ./Drivers/STM32F4xx_HAL_Driver/Src/stm32f4xx_hal_i2c.o
 .text.I2C_RequestMemoryRead
                0x0800837c      0x1d0 ./Drivers/STM32F4xx_HAL_Driver/Src/stm32f4xx_hal_i2c.o
 .text.I2C_WaitOnFlagUntilTimeout
                0x0800854c       0xf4 ./Drivers/STM32F4xx_HAL_Driver/Src/stm32f4xx_hal_i2c.o
 .text.I2C_WaitOnMasterAddressFlagUntilTimeout
                0x08008640      0x140 ./Drivers/STM32F4xx_HAL_Driver/Src/stm32f4xx_hal_i2c.o
 .text.I2C_WaitOnTXEFlagUntilTimeout
                0x08008780       0x90 ./Drivers/STM32F4xx_HAL_Driver/Src/stm32f4xx_hal_i2c.o
 .text.I2C_WaitOnBTFFlagUntilTimeout
                0x08008810       0x90 ./Drivers/STM32F4xx_HAL_Driver/Src/stm32f4xx_hal_i2c.o
 .text.I2C_WaitOnRXNEFlagUntilTimeout
                0x080088a0       0xba ./Drivers/STM32F4xx_HAL_Driver/Src/stm32f4xx_hal_i2c.o
 .text.I2C_IsAcknowledgeFailed
                0x0800895a       0x5e ./Drivers/STM32F4xx_HAL_Driver/Src/stm32f4xx_hal_i2c.o
 .text.HAL_PWR_EnableBkUpAccess
                0x080089b8       0x28 ./Drivers/STM32F4xx_HAL_Driver/Src/stm32f4xx_hal_pwr.o
                0x080089b8                HAL_PWR_EnableBkUpAccess
 .text.HAL_PWR_DisableBkUpAccess
                0x080089e0       0x28 ./Drivers/STM32F4xx_HAL_Driver/Src/stm32f4xx_hal_pwr.o
                0x080089e0                HAL_PWR_DisableBkUpAccess
 .text.HAL_RCC_OscConfig
                0x08008a08      0x4f0 ./Drivers/STM32F4xx_HAL_Driver/Src/stm32f4xx_hal_rcc.o
                0x08008a08                HAL_RCC_OscConfig
 .text.HAL_RCC_ClockConfig
                0x08008ef8      0x1cc ./Drivers/STM32F4xx_HAL_Driver/Src/stm32f4xx_hal_rcc.o
                0x08008ef8                HAL_RCC_ClockConfig
 .text.HAL_RCC_GetSysClockFreq
                0x080090c4      0x188 ./Drivers/STM32F4xx_HAL_Driver/Src/stm32f4xx_hal_rcc.o
                0x080090c4                HAL_RCC_GetSysClockFreq
 .text.HAL_RCC_GetHCLKFreq
                0x0800924c       0x18 ./Drivers/STM32F4xx_HAL_Driver/Src/stm32f4xx_hal_rcc.o
                0x0800924c                HAL_RCC_GetHCLKFreq
 .text.HAL_RCC_GetPCLK1Freq
                0x08009264       0x28 ./Drivers/STM32F4xx_HAL_Driver/Src/stm32f4xx_hal_rcc.o
                0x08009264                HAL_RCC_GetPCLK1Freq
 .text.HAL_RCC_GetPCLK2Freq
                0x0800928c       0x28 ./Drivers/STM32F4xx_HAL_Driver/Src/stm32f4xx_hal_rcc.o
                0x0800928c                HAL_RCC_GetPCLK2Freq
 .text.HAL_TIM_Base_Init
                0x080092b4       0x9e ./Drivers/STM32F4xx_HAL_Driver/Src/stm32f4xx_hal_tim.o
                0x080092b4                HAL_TIM_Base_Init
 .text.HAL_TIM_PWM_Init
                0x08009352       0x9e ./Drivers/STM32F4xx_HAL_Driver/Src/stm32f4xx_hal_tim.o
                0x08009352                HAL_TIM_PWM_Init
 .text.HAL_TIM_PWM_MspInit
                0x080093f0       0x14 ./Drivers/STM32F4xx_HAL_Driver/Src/stm32f4xx_hal_tim.o
                0x080093f0                HAL_TIM_PWM_MspInit
 .text.HAL_TIM_PWM_Start
                0x08009404      0x190 ./Drivers/STM32F4xx_HAL_Driver/Src/stm32f4xx_hal_tim.o
                0x08009404                HAL_TIM_PWM_Start
 .text.HAL_TIM_IC_Init
                0x08009594       0x9e ./Drivers/STM32F4xx_HAL_Driver/Src/stm32f4xx_hal_tim.o
                0x08009594                HAL_TIM_IC_Init
 .text.HAL_TIM_IC_MspInit
                0x08009632       0x14 ./Drivers/STM32F4xx_HAL_Driver/Src/stm32f4xx_hal_tim.o
                0x08009632                HAL_TIM_IC_MspInit
 *fill*         0x08009646        0x2 
 .text.HAL_TIM_IC_Start_IT
                0x08009648      0x250 ./Drivers/STM32F4xx_HAL_Driver/Src/stm32f4xx_hal_tim.o
                0x08009648                HAL_TIM_IC_Start_IT
 .text.HAL_TIM_Encoder_Init
                0x08009898      0x14c ./Drivers/STM32F4xx_HAL_Driver/Src/stm32f4xx_hal_tim.o
                0x08009898                HAL_TIM_Encoder_Init
 .text.HAL_TIM_Encoder_Start
                0x080099e4      0x11c ./Drivers/STM32F4xx_HAL_Driver/Src/stm32f4xx_hal_tim.o
                0x080099e4                HAL_TIM_Encoder_Start
 .text.HAL_TIM_IRQHandler
                0x08009b00      0x1e0 ./Drivers/STM32F4xx_HAL_Driver/Src/stm32f4xx_hal_tim.o
                0x08009b00                HAL_TIM_IRQHandler
 .text.HAL_TIM_IC_ConfigChannel
                0x08009ce0      0x138 ./Drivers/STM32F4xx_HAL_Driver/Src/stm32f4xx_hal_tim.o
                0x08009ce0                HAL_TIM_IC_ConfigChannel
 .text.HAL_TIM_PWM_ConfigChannel
                0x08009e18      0x184 ./Drivers/STM32F4xx_HAL_Driver/Src/stm32f4xx_hal_tim.o
                0x08009e18                HAL_TIM_PWM_ConfigChannel
 .text.HAL_TIM_ConfigClockSource
                0x08009f9c      0x18e ./Drivers/STM32F4xx_HAL_Driver/Src/stm32f4xx_hal_tim.o
                0x08009f9c                HAL_TIM_ConfigClockSource
 *fill*         0x0800a12a        0x2 
 .text.HAL_TIM_ReadCapturedValue
                0x0800a12c       0x88 ./Drivers/STM32F4xx_HAL_Driver/Src/stm32f4xx_hal_tim.o
                0x0800a12c                HAL_TIM_ReadCapturedValue
 .text.HAL_TIM_PeriodElapsedCallback
                0x0800a1b4       0x14 ./Drivers/STM32F4xx_HAL_Driver/Src/stm32f4xx_hal_tim.o
                0x0800a1b4                HAL_TIM_PeriodElapsedCallback
 .text.HAL_TIM_OC_DelayElapsedCallback
                0x0800a1c8       0x14 ./Drivers/STM32F4xx_HAL_Driver/Src/stm32f4xx_hal_tim.o
                0x0800a1c8                HAL_TIM_OC_DelayElapsedCallback
 .text.HAL_TIM_PWM_PulseFinishedCallback
                0x0800a1dc       0x14 ./Drivers/STM32F4xx_HAL_Driver/Src/stm32f4xx_hal_tim.o
                0x0800a1dc                HAL_TIM_PWM_PulseFinishedCallback
 .text.HAL_TIM_TriggerCallback
                0x0800a1f0       0x14 ./Drivers/STM32F4xx_HAL_Driver/Src/stm32f4xx_hal_tim.o
                0x0800a1f0                HAL_TIM_TriggerCallback
 .text.TIM_Base_SetConfig
                0x0800a204      0x14c ./Drivers/STM32F4xx_HAL_Driver/Src/stm32f4xx_hal_tim.o
                0x0800a204                TIM_Base_SetConfig
 .text.TIM_OC1_SetConfig
                0x0800a350       0xe0 ./Drivers/STM32F4xx_HAL_Driver/Src/stm32f4xx_hal_tim.o
 .text.TIM_OC2_SetConfig
                0x0800a430       0xec ./Drivers/STM32F4xx_HAL_Driver/Src/stm32f4xx_hal_tim.o
                0x0800a430                TIM_OC2_SetConfig
 .text.TIM_OC3_SetConfig
                0x0800a51c       0xe8 ./Drivers/STM32F4xx_HAL_Driver/Src/stm32f4xx_hal_tim.o
 .text.TIM_OC4_SetConfig
                0x0800a604       0xac ./Drivers/STM32F4xx_HAL_Driver/Src/stm32f4xx_hal_tim.o
 .text.TIM_TI1_SetConfig
                0x0800a6b0       0xe8 ./Drivers/STM32F4xx_HAL_Driver/Src/stm32f4xx_hal_tim.o
                0x0800a6b0                TIM_TI1_SetConfig
 .text.TIM_TI1_ConfigInputStage
                0x0800a798       0x5e ./Drivers/STM32F4xx_HAL_Driver/Src/stm32f4xx_hal_tim.o
 .text.TIM_TI2_SetConfig
                0x0800a7f6       0x7a ./Drivers/STM32F4xx_HAL_Driver/Src/stm32f4xx_hal_tim.o
 .text.TIM_TI2_ConfigInputStage
                0x0800a870       0x60 ./Drivers/STM32F4xx_HAL_Driver/Src/stm32f4xx_hal_tim.o
 .text.TIM_TI3_SetConfig
                0x0800a8d0       0x78 ./Drivers/STM32F4xx_HAL_Driver/Src/stm32f4xx_hal_tim.o
 .text.TIM_TI4_SetConfig
                0x0800a948       0x7a ./Drivers/STM32F4xx_HAL_Driver/Src/stm32f4xx_hal_tim.o
 .text.TIM_ITRx_SetConfig
                0x0800a9c2       0x36 ./Drivers/STM32F4xx_HAL_Driver/Src/stm32f4xx_hal_tim.o
 .text.TIM_ETR_SetConfig
                0x0800a9f8       0x40 ./Drivers/STM32F4xx_HAL_Driver/Src/stm32f4xx_hal_tim.o
                0x0800a9f8                TIM_ETR_SetConfig
 .text.TIM_CCxChannelCmd
                0x0800aa38       0x4a ./Drivers/STM32F4xx_HAL_Driver/Src/stm32f4xx_hal_tim.o
                0x0800aa38                TIM_CCxChannelCmd
 *fill*         0x0800aa82        0x2 
 .text.HAL_TIMEx_MasterConfigSynchronization
                0x0800aa84       0xf8 ./Drivers/STM32F4xx_HAL_Driver/Src/stm32f4xx_hal_tim_ex.o
                0x0800aa84                HAL_TIMEx_MasterConfigSynchronization
 .text.HAL_TIMEx_ConfigBreakDeadTime
                0x0800ab7c       0xa4 ./Drivers/STM32F4xx_HAL_Driver/Src/stm32f4xx_hal_tim_ex.o
                0x0800ab7c                HAL_TIMEx_ConfigBreakDeadTime
 .text.HAL_TIMEx_CommutCallback
                0x0800ac20       0x14 ./Drivers/STM32F4xx_HAL_Driver/Src/stm32f4xx_hal_tim_ex.o
                0x0800ac20                HAL_TIMEx_CommutCallback
 .text.HAL_TIMEx_BreakCallback
                0x0800ac34       0x14 ./Drivers/STM32F4xx_HAL_Driver/Src/stm32f4xx_hal_tim_ex.o
                0x0800ac34                HAL_TIMEx_BreakCallback
 .text.HAL_UART_Init
                0x0800ac48       0xa0 ./Drivers/STM32F4xx_HAL_Driver/Src/stm32f4xx_hal_uart.o
                0x0800ac48                HAL_UART_Init
 .text.HAL_UART_Transmit
                0x0800ace8      0x116 ./Drivers/STM32F4xx_HAL_Driver/Src/stm32f4xx_hal_uart.o
                0x0800ace8                HAL_UART_Transmit
 .text.HAL_UARTEx_ReceiveToIdle_DMA
                0x0800adfe       0xb2 ./Drivers/STM32F4xx_HAL_Driver/Src/stm32f4xx_hal_uart.o
                0x0800adfe                HAL_UARTEx_ReceiveToIdle_DMA
 .text.HAL_UART_IRQHandler
                0x0800aeb0      0x554 ./Drivers/STM32F4xx_HAL_Driver/Src/stm32f4xx_hal_uart.o
                0x0800aeb0                HAL_UART_IRQHandler
 .text.HAL_UART_TxCpltCallback
                0x0800b404       0x14 ./Drivers/STM32F4xx_HAL_Driver/Src/stm32f4xx_hal_uart.o
                0x0800b404                HAL_UART_TxCpltCallback
 .text.HAL_UART_RxCpltCallback
                0x0800b418       0x14 ./Drivers/STM32F4xx_HAL_Driver/Src/stm32f4xx_hal_uart.o
                0x0800b418                HAL_UART_RxCpltCallback
 .text.HAL_UART_RxHalfCpltCallback
                0x0800b42c       0x14 ./Drivers/STM32F4xx_HAL_Driver/Src/stm32f4xx_hal_uart.o
                0x0800b42c                HAL_UART_RxHalfCpltCallback
 .text.HAL_UART_ErrorCallback
                0x0800b440       0x14 ./Drivers/STM32F4xx_HAL_Driver/Src/stm32f4xx_hal_uart.o
                0x0800b440                HAL_UART_ErrorCallback
 .text.UART_DMAReceiveCplt
                0x0800b454      0x12c ./Drivers/STM32F4xx_HAL_Driver/Src/stm32f4xx_hal_uart.o
 .text.UART_DMARxHalfCplt
                0x0800b580       0x3c ./Drivers/STM32F4xx_HAL_Driver/Src/stm32f4xx_hal_uart.o
 .text.UART_DMAError
                0x0800b5bc       0x94 ./Drivers/STM32F4xx_HAL_Driver/Src/stm32f4xx_hal_uart.o
 .text.UART_WaitOnFlagUntilTimeout
                0x0800b650       0xb2 ./Drivers/STM32F4xx_HAL_Driver/Src/stm32f4xx_hal_uart.o
 *fill*         0x0800b702        0x2 
 .text.UART_Start_Receive_DMA
                0x0800b704      0x14c ./Drivers/STM32F4xx_HAL_Driver/Src/stm32f4xx_hal_uart.o
                0x0800b704                UART_Start_Receive_DMA
 .text.UART_EndTxTransfer
                0x0800b850       0x50 ./Drivers/STM32F4xx_HAL_Driver/Src/stm32f4xx_hal_uart.o
 .text.UART_EndRxTransfer
                0x0800b8a0       0xc6 ./Drivers/STM32F4xx_HAL_Driver/Src/stm32f4xx_hal_uart.o
 .text.UART_DMAAbortOnError
                0x0800b966       0x22 ./Drivers/STM32F4xx_HAL_Driver/Src/stm32f4xx_hal_uart.o
 .text.UART_Transmit_IT
                0x0800b988       0xa0 ./Drivers/STM32F4xx_HAL_Driver/Src/stm32f4xx_hal_uart.o
 .text.UART_EndTransmit_IT
                0x0800ba28       0x30 ./Drivers/STM32F4xx_HAL_Driver/Src/stm32f4xx_hal_uart.o
 .text.UART_Receive_IT
                0x0800ba58      0x17c ./Drivers/STM32F4xx_HAL_Driver/Src/stm32f4xx_hal_uart.o
 .text.UART_SetConfig
                0x0800bbd4      0x4e8 ./Drivers/STM32F4xx_HAL_Driver/Src/stm32f4xx_hal_uart.o
 .text.__NVIC_SetPriority
                0x0800c0bc       0x54 ./Middlewares/Third_Party/FreeRTOS/Source/CMSIS_RTOS_V2/cmsis_os2.o
 .text.SVC_Setup
                0x0800c110       0x12 ./Middlewares/Third_Party/FreeRTOS/Source/CMSIS_RTOS_V2/cmsis_os2.o
 *fill*         0x0800c122        0x2 
 .text.osKernelInitialize
                0x0800c124       0x48 ./Middlewares/Third_Party/FreeRTOS/Source/CMSIS_RTOS_V2/cmsis_os2.o
                0x0800c124                osKernelInitialize
 .text.osKernelStart
                0x0800c16c       0x4c ./Middlewares/Third_Party/FreeRTOS/Source/CMSIS_RTOS_V2/cmsis_os2.o
                0x0800c16c                osKernelStart
 .text.osThreadNew
                0x0800c1b8      0x124 ./Middlewares/Third_Party/FreeRTOS/Source/CMSIS_RTOS_V2/cmsis_os2.o
                0x0800c1b8                osThreadNew
 .text.osDelay  0x0800c2dc       0x36 ./Middlewares/Third_Party/FreeRTOS/Source/CMSIS_RTOS_V2/cmsis_os2.o
                0x0800c2dc                osDelay
 .text.osSemaphoreNew
                0x0800c312      0x112 ./Middlewares/Third_Party/FreeRTOS/Source/CMSIS_RTOS_V2/cmsis_os2.o
                0x0800c312                osSemaphoreNew
 .text.osSemaphoreAcquire
                0x0800c424       0xa4 ./Middlewares/Third_Party/FreeRTOS/Source/CMSIS_RTOS_V2/cmsis_os2.o
                0x0800c424                osSemaphoreAcquire
 .text.osSemaphoreRelease
                0x0800c4c8       0x88 ./Middlewares/Third_Party/FreeRTOS/Source/CMSIS_RTOS_V2/cmsis_os2.o
                0x0800c4c8                osSemaphoreRelease
 .text.vApplicationGetIdleTaskMemory
                0x0800c550       0x34 ./Middlewares/Third_Party/FreeRTOS/Source/CMSIS_RTOS_V2/cmsis_os2.o
                0x0800c550                vApplicationGetIdleTaskMemory
 .text.vApplicationGetTimerTaskMemory
                0x0800c584       0x34 ./Middlewares/Third_Party/FreeRTOS/Source/CMSIS_RTOS_V2/cmsis_os2.o
                0x0800c584                vApplicationGetTimerTaskMemory
 .text.vListInitialise
                0x0800c5b8       0x40 ./Middlewares/Third_Party/FreeRTOS/Source/list.o
                0x0800c5b8                vListInitialise
 .text.vListInitialiseItem
                0x0800c5f8       0x1a ./Middlewares/Third_Party/FreeRTOS/Source/list.o
                0x0800c5f8                vListInitialiseItem
 .text.vListInsertEnd
                0x0800c612       0x48 ./Middlewares/Third_Party/FreeRTOS/Source/list.o
                0x0800c612                vListInsertEnd
 .text.vListInsert
                0x0800c65a       0x72 ./Middlewares/Third_Party/FreeRTOS/Source/list.o
                0x0800c65a                vListInsert
 .text.uxListRemove
                0x0800c6cc       0x54 ./Middlewares/Third_Party/FreeRTOS/Source/list.o
                0x0800c6cc                uxListRemove
 .text.xQueueGenericReset
                0x0800c720       0xd4 ./Middlewares/Third_Party/FreeRTOS/Source/queue.o
                0x0800c720                xQueueGenericReset
 .text.xQueueGenericCreateStatic
                0x0800c7f4       0xfa ./Middlewares/Third_Party/FreeRTOS/Source/queue.o
                0x0800c7f4                xQueueGenericCreateStatic
 .text.xQueueGenericCreate
                0x0800c8ee       0x76 ./Middlewares/Third_Party/FreeRTOS/Source/queue.o
                0x0800c8ee                xQueueGenericCreate
 .text.prvInitialiseNewQueue
                0x0800c964       0x46 ./Middlewares/Third_Party/FreeRTOS/Source/queue.o
 .text.xQueueCreateCountingSemaphoreStatic
                0x0800c9aa       0x72 ./Middlewares/Third_Party/FreeRTOS/Source/queue.o
                0x0800c9aa                xQueueCreateCountingSemaphoreStatic
 .text.xQueueCreateCountingSemaphore
                0x0800ca1c       0x6a ./Middlewares/Third_Party/FreeRTOS/Source/queue.o
                0x0800ca1c                xQueueCreateCountingSemaphore
 *fill*         0x0800ca86        0x2 
 .text.xQueueGenericSend
                0x0800ca88      0x204 ./Middlewares/Third_Party/FreeRTOS/Source/queue.o
                0x0800ca88                xQueueGenericSend
 .text.xQueueGenericSendFromISR
                0x0800cc8c      0x13c ./Middlewares/Third_Party/FreeRTOS/Source/queue.o
                0x0800cc8c                xQueueGenericSendFromISR
 .text.xQueueGiveFromISR
                0x0800cdc8      0x120 ./Middlewares/Third_Party/FreeRTOS/Source/queue.o
                0x0800cdc8                xQueueGiveFromISR
 .text.xQueueReceive
                0x0800cee8      0x1c4 ./Middlewares/Third_Party/FreeRTOS/Source/queue.o
                0x0800cee8                xQueueReceive
 .text.xQueueSemaphoreTake
                0x0800d0ac      0x220 ./Middlewares/Third_Party/FreeRTOS/Source/queue.o
                0x0800d0ac                xQueueSemaphoreTake
 .text.xQueueReceiveFromISR
                0x0800d2cc      0x104 ./Middlewares/Third_Party/FreeRTOS/Source/queue.o
                0x0800d2cc                xQueueReceiveFromISR
 .text.vQueueDelete
                0x0800d3d0       0x48 ./Middlewares/Third_Party/FreeRTOS/Source/queue.o
                0x0800d3d0                vQueueDelete
 .text.prvGetDisinheritPriorityAfterTimeout
                0x0800d418       0x30 ./Middlewares/Third_Party/FreeRTOS/Source/queue.o
 .text.prvCopyDataToQueue
                0x0800d448       0xd4 ./Middlewares/Third_Party/FreeRTOS/Source/queue.o
 .text.prvCopyDataFromQueue
                0x0800d51c       0x4c ./Middlewares/Third_Party/FreeRTOS/Source/queue.o
 .text.prvUnlockQueue
                0x0800d568       0xa4 ./Middlewares/Third_Party/FreeRTOS/Source/queue.o
 .text.prvIsQueueEmpty
                0x0800d60c       0x2c ./Middlewares/Third_Party/FreeRTOS/Source/queue.o
 .text.prvIsQueueFull
                0x0800d638       0x30 ./Middlewares/Third_Party/FreeRTOS/Source/queue.o
 .text.vQueueAddToRegistry
                0x0800d668       0x54 ./Middlewares/Third_Party/FreeRTOS/Source/queue.o
                0x0800d668                vQueueAddToRegistry
 .text.vQueueUnregisterQueue
                0x0800d6bc       0x54 ./Middlewares/Third_Party/FreeRTOS/Source/queue.o
                0x0800d6bc                vQueueUnregisterQueue
 .text.vQueueWaitForMessageRestricted
                0x0800d710       0x68 ./Middlewares/Third_Party/FreeRTOS/Source/queue.o
                0x0800d710                vQueueWaitForMessageRestricted
 .text.xTaskCreateStatic
                0x0800d778       0xc0 ./Middlewares/Third_Party/FreeRTOS/Source/tasks.o
                0x0800d778                xTaskCreateStatic
 .text.xTaskCreate
                0x0800d838       0x8a ./Middlewares/Third_Party/FreeRTOS/Source/tasks.o
                0x0800d838                xTaskCreate
 .text.prvInitialiseNewTask
                0x0800d8c2      0x120 ./Middlewares/Third_Party/FreeRTOS/Source/tasks.o
 *fill*         0x0800d9e2        0x2 
 .text.prvAddNewTaskToReadyList
                0x0800d9e4       0xe0 ./Middlewares/Third_Party/FreeRTOS/Source/tasks.o
 .text.vTaskDelayUntil
                0x0800dac4      0x100 ./Middlewares/Third_Party/FreeRTOS/Source/tasks.o
                0x0800dac4                vTaskDelayUntil
 .text.vTaskDelay
                0x0800dbc4       0x6c ./Middlewares/Third_Party/FreeRTOS/Source/tasks.o
                0x0800dbc4                vTaskDelay
 .text.vTaskStartScheduler
                0x0800dc30       0xd0 ./Middlewares/Third_Party/FreeRTOS/Source/tasks.o
                0x0800dc30                vTaskStartScheduler
 .text.vTaskSuspendAll
                0x0800dd00       0x1c ./Middlewares/Third_Party/FreeRTOS/Source/tasks.o
                0x0800dd00                vTaskSuspendAll
 .text.xTaskResumeAll
                0x0800dd1c      0x13c ./Middlewares/Third_Party/FreeRTOS/Source/tasks.o
                0x0800dd1c                xTaskResumeAll
 .text.xTaskGetTickCount
                0x0800de58       0x20 ./Middlewares/Third_Party/FreeRTOS/Source/tasks.o
                0x0800de58                xTaskGetTickCount
 .text.xTaskIncrementTick
                0x0800de78      0x174 ./Middlewares/Third_Party/FreeRTOS/Source/tasks.o
                0x0800de78                xTaskIncrementTick
 .text.vTaskSwitchContext
                0x0800dfec       0xbc ./Middlewares/Third_Party/FreeRTOS/Source/tasks.o
                0x0800dfec                vTaskSwitchContext
 .text.vTaskPlaceOnEventList
                0x0800e0a8       0x4c ./Middlewares/Third_Party/FreeRTOS/Source/tasks.o
                0x0800e0a8                vTaskPlaceOnEventList
 .text.vTaskPlaceOnEventListRestricted
                0x0800e0f4       0x58 ./Middlewares/Third_Party/FreeRTOS/Source/tasks.o
                0x0800e0f4                vTaskPlaceOnEventListRestricted
 .text.xTaskRemoveFromEventList
                0x0800e14c       0xc8 ./Middlewares/Third_Party/FreeRTOS/Source/tasks.o
                0x0800e14c                xTaskRemoveFromEventList
 .text.vTaskInternalSetTimeOutState
                0x0800e214       0x2c ./Middlewares/Third_Party/FreeRTOS/Source/tasks.o
                0x0800e214                vTaskInternalSetTimeOutState
 .text.xTaskCheckForTimeOut
                0x0800e240       0xc8 ./Middlewares/Third_Party/FreeRTOS/Source/tasks.o
                0x0800e240                xTaskCheckForTimeOut
 .text.vTaskMissedYield
                0x0800e308       0x18 ./Middlewares/Third_Party/FreeRTOS/Source/tasks.o
                0x0800e308                vTaskMissedYield
 .text.prvIdleTask
                0x0800e320       0x30 ./Middlewares/Third_Party/FreeRTOS/Source/tasks.o
 .text.prvInitialiseTaskLists
                0x0800e350       0x80 ./Middlewares/Third_Party/FreeRTOS/Source/tasks.o
 .text.prvCheckTasksWaitingTermination
                0x0800e3d0       0x5c ./Middlewares/Third_Party/FreeRTOS/Source/tasks.o
 .text.prvDeleteTCB
                0x0800e42c       0x60 ./Middlewares/Third_Party/FreeRTOS/Source/tasks.o
 .text.prvResetNextTaskUnblockTime
                0x0800e48c       0x40 ./Middlewares/Third_Party/FreeRTOS/Source/tasks.o
 .text.xTaskGetSchedulerState
                0x0800e4cc       0x3c ./Middlewares/Third_Party/FreeRTOS/Source/tasks.o
                0x0800e4cc                xTaskGetSchedulerState
 .text.xTaskPriorityInherit
                0x0800e508       0xd0 ./Middlewares/Third_Party/FreeRTOS/Source/tasks.o
                0x0800e508                xTaskPriorityInherit
 .text.xTaskPriorityDisinherit
                0x0800e5d8       0xe0 ./Middlewares/Third_Party/FreeRTOS/Source/tasks.o
                0x0800e5d8                xTaskPriorityDisinherit
 .text.vTaskPriorityDisinheritAfterTimeout
                0x0800e6b8      0x108 ./Middlewares/Third_Party/FreeRTOS/Source/tasks.o
                0x0800e6b8                vTaskPriorityDisinheritAfterTimeout
 .text.pvTaskIncrementMutexHeldCount
                0x0800e7c0       0x28 ./Middlewares/Third_Party/FreeRTOS/Source/tasks.o
                0x0800e7c0                pvTaskIncrementMutexHeldCount
 .text.prvAddCurrentTaskToDelayedList
                0x0800e7e8       0xa8 ./Middlewares/Third_Party/FreeRTOS/Source/tasks.o
 .text.xTimerCreateTimerTask
                0x0800e890       0x94 ./Middlewares/Third_Party/FreeRTOS/Source/timers.o
                0x0800e890                xTimerCreateTimerTask
 .text.xTimerGenericCommand
                0x0800e924       0x9c ./Middlewares/Third_Party/FreeRTOS/Source/timers.o
                0x0800e924                xTimerGenericCommand
 .text.prvProcessExpiredTimer
                0x0800e9c0       0x9c ./Middlewares/Third_Party/FreeRTOS/Source/timers.o
 .text.prvTimerTask
                0x0800ea5c       0x26 ./Middlewares/Third_Party/FreeRTOS/Source/timers.o
 *fill*         0x0800ea82        0x2 
 .text.prvProcessTimerOrBlockTask
                0x0800ea84       0x9c ./Middlewares/Third_Party/FreeRTOS/Source/timers.o
 .text.prvGetNextExpireTime
                0x0800eb20       0x48 ./Middlewares/Third_Party/FreeRTOS/Source/timers.o
 .text.prvSampleTimeNow
                0x0800eb68       0x40 ./Middlewares/Third_Party/FreeRTOS/Source/timers.o
 .text.prvInsertTimerInActiveList
                0x0800eba8       0x84 ./Middlewares/Third_Party/FreeRTOS/Source/timers.o
 .text.prvProcessReceivedCommands
                0x0800ec2c      0x1cc ./Middlewares/Third_Party/FreeRTOS/Source/timers.o
 .text.prvSwitchTimerLists
                0x0800edf8       0xcc ./Middlewares/Third_Party/FreeRTOS/Source/timers.o
 .text.prvCheckForValidListAndQueue
                0x0800eec4       0x80 ./Middlewares/Third_Party/FreeRTOS/Source/timers.o
 .text.pxPortInitialiseStack
                0x0800ef44       0x68 ./Middlewares/Third_Party/FreeRTOS/Source/portable/GCC/ARM_CM4F/port.o
                0x0800ef44                pxPortInitialiseStack
 .text.prvTaskExitError
                0x0800efac       0x5c ./Middlewares/Third_Party/FreeRTOS/Source/portable/GCC/ARM_CM4F/port.o
 *fill*         0x0800f008        0x8 
 .text.SVC_Handler
                0x0800f010       0x28 ./Middlewares/Third_Party/FreeRTOS/Source/portable/GCC/ARM_CM4F/port.o
                0x0800f010                SVC_Handler
 .text.prvPortStartFirstTask
                0x0800f038       0x28 ./Middlewares/Third_Party/FreeRTOS/Source/portable/GCC/ARM_CM4F/port.o
 .text.xPortStartScheduler
                0x0800f060      0x148 ./Middlewares/Third_Party/FreeRTOS/Source/portable/GCC/ARM_CM4F/port.o
                0x0800f060                xPortStartScheduler
 .text.vPortEnterCritical
                0x0800f1a8       0x64 ./Middlewares/Third_Party/FreeRTOS/Source/portable/GCC/ARM_CM4F/port.o
                0x0800f1a8                vPortEnterCritical
 .text.vPortExitCritical
                0x0800f20c       0x54 ./Middlewares/Third_Party/FreeRTOS/Source/portable/GCC/ARM_CM4F/port.o
                0x0800f20c                vPortExitCritical
 .text.PendSV_Handler
                0x0800f260       0x68 ./Middlewares/Third_Party/FreeRTOS/Source/portable/GCC/ARM_CM4F/port.o
                0x0800f260                PendSV_Handler
 .text.xPortSysTickHandler
                0x0800f2c8       0x44 ./Middlewares/Third_Party/FreeRTOS/Source/portable/GCC/ARM_CM4F/port.o
                0x0800f2c8                xPortSysTickHandler
 .text.vPortSetupTimerInterrupt
                0x0800f30c       0x48 ./Middlewares/Third_Party/FreeRTOS/Source/portable/GCC/ARM_CM4F/port.o
                0x0800f30c                vPortSetupTimerInterrupt
 .text.vPortEnableVFP
                0x0800f354       0x14 ./Middlewares/Third_Party/FreeRTOS/Source/portable/GCC/ARM_CM4F/port.o
 .text.vPortValidateInterruptPriority
                0x0800f368       0x84 ./Middlewares/Third_Party/FreeRTOS/Source/portable/GCC/ARM_CM4F/port.o
                0x0800f368                vPortValidateInterruptPriority
 .text.pvPortMalloc
                0x0800f3ec      0x19c ./Middlewares/Third_Party/FreeRTOS/Source/portable/MemMang/heap_4.o
                0x0800f3ec                pvPortMalloc
 .text.vPortFree
                0x0800f588       0xc8 ./Middlewares/Third_Party/FreeRTOS/Source/portable/MemMang/heap_4.o
                0x0800f588                vPortFree
 .text.prvHeapInit
                0x0800f650       0xc4 ./Middlewares/Third_Party/FreeRTOS/Source/portable/MemMang/heap_4.o
 .text.prvInsertBlockIntoFreeList
                0x0800f714       0xb4 ./Middlewares/Third_Party/FreeRTOS/Source/portable/MemMang/heap_4.o
 .text.HCSR04_Init
                0x0800f7c8       0x64 ./PeripheralDriver/Src/HCSR04.o
                0x0800f7c8                HCSR04_Init
 .text.delay    0x0800f82c       0x38 ./PeripheralDriver/Src/HCSR04.o
                0x0800f82c                delay
 *fill*         0x0800f864        0x4 
 .text.HAL_TIM_IC_CaptureCallback
                0x0800f868      0x288 ./PeripheralDriver/Src/HCSR04.o
                0x0800f868                HAL_TIM_IC_CaptureCallback
 .text.HCSR04_Read
                0x0800faf0       0x50 ./PeripheralDriver/Src/HCSR04.o
                0x0800faf0                HCSR04_Read
 .text.HCSR04_getDistance
                0x0800fb40       0x18 ./PeripheralDriver/Src/HCSR04.o
                0x0800fb40                HCSR04_getDistance
 .text.UART_Comm_Init
                0x0800fb58       0x4c ./PeripheralDriver/Src/UART_Comm.o
                0x0800fb58                UART_Comm_Init
 .text.HAL_UARTEx_RxEventCallback
                0x0800fba4       0x74 ./PeripheralDriver/Src/UART_Comm.o
                0x0800fba4                HAL_UARTEx_RxEventCallback
 .text.UART_send_string
                0x0800fc18       0x30 ./PeripheralDriver/Src/UART_Comm.o
                0x0800fc18                UART_send_string
 .text.UART_send_char
                0x0800fc48       0x28 ./PeripheralDriver/Src/UART_Comm.o
                0x0800fc48                UART_send_char
 .text.Get_Buffer
                0x0800fc70       0x34 ./PeripheralDriver/Src/UART_Comm.o
                0x0800fc70                Get_Buffer
 .text.IMU_Init
                0x0800fca4      0x3a8 ./PeripheralDriver/Src/icm20948.o
                0x0800fca4                IMU_Init
 .text.IMU_Read
                0x0801004c      0x15c ./PeripheralDriver/Src/icm20948.o
                0x0801004c                IMU_Read
 .text.Motor_Init
                0x080101a8       0xc8 ./PeripheralDriver/Src/motor.o
                0x080101a8                Motor_Init
 .text.Motor_Forward
                0x08010270       0x84 ./PeripheralDriver/Src/motor.o
                0x08010270                Motor_Forward
 .text.Motor_Reverse
                0x080102f4       0x84 ./PeripheralDriver/Src/motor.o
                0x080102f4                Motor_Reverse
 .text.Get_Encoder
                0x08010378      0x214 ./PeripheralDriver/Src/motor.o
                0x08010378                Get_Encoder
 .text.OLED_Refresh_Gram
                0x0801058c       0x70 ./PeripheralDriver/Src/oled.o
                0x0801058c                OLED_Refresh_Gram
 .text.OLED_WR_Byte
                0x080105fc       0x9c ./PeripheralDriver/Src/oled.o
                0x080105fc                OLED_WR_Byte
 .text.OLED_Clear
                0x08010698       0x50 ./PeripheralDriver/Src/oled.o
                0x08010698                OLED_Clear
 .text.OLED_DrawPoint
                0x080106e8       0xb4 ./PeripheralDriver/Src/oled.o
                0x080106e8                OLED_DrawPoint
 .text.OLED_ShowChar
                0x0801079c       0xe4 ./PeripheralDriver/Src/oled.o
                0x0801079c                OLED_ShowChar
 .text.OLED_ShowString
                0x08010880       0x64 ./PeripheralDriver/Src/oled.o
                0x08010880                OLED_ShowString
 .text.OLED_Init
                0x080108e4      0x11c ./PeripheralDriver/Src/oled.o
                0x080108e4                OLED_Init
 .text.Servo_Init
                0x08010a00       0x30 ./PeripheralDriver/Src/servo.o
                0x08010a00                Servo_Init
 .text.Servo_turnRight
                0x08010a30       0x1c ./PeripheralDriver/Src/servo.o
                0x08010a30                Servo_turnRight
 .text.Servo_turnLeft
                0x08010a4c       0x1c ./PeripheralDriver/Src/servo.o
                0x08010a4c                Servo_turnLeft
 .text.Servo_Centre
                0x08010a68       0x1c ./PeripheralDriver/Src/servo.o
                0x08010a68                Servo_Centre
 .text.Servo_mildRight
                0x08010a84       0x1c ./PeripheralDriver/Src/servo.o
                0x08010a84                Servo_mildRight
 .text.Servo_mildLeft
                0x08010aa0       0x1c ./PeripheralDriver/Src/servo.o
                0x08010aa0                Servo_mildLeft
 .text.atoi     0x08010abc        0x8 /Applications/STM32CubeIDE.app/Contents/Eclipse/plugins/com.st.stm32cube.ide.mcu.externaltools.gnu-tools-for-stm32.14.3.rel1.macosaarch64_1.0.0.202602081740/tools/bin/../lib/gcc/arm-none-eabi/14.3.1/../../../../arm-none-eabi/lib/thumb/v7e-m+fp/hard/libc_nano.a(libc_a-atoi.o)
                0x08010abc                atoi
 .text.sprintf  0x08010ac4       0x44 /Applications/STM32CubeIDE.app/Contents/Eclipse/plugins/com.st.stm32cube.ide.mcu.externaltools.gnu-tools-for-stm32.14.3.rel1.macosaarch64_1.0.0.202602081740/tools/bin/../lib/gcc/arm-none-eabi/14.3.1/../../../../arm-none-eabi/lib/thumb/v7e-m+fp/hard/libc_nano.a(libc_a-sprintf.o)
                0x08010ac4                sprintf
                0x08010ac4                siprintf
 .text._strtol_l.isra.0
                0x08010b08       0xf4 /Applications/STM32CubeIDE.app/Contents/Eclipse/plugins/com.st.stm32cube.ide.mcu.externaltools.gnu-tools-for-stm32.14.3.rel1.macosaarch64_1.0.0.202602081740/tools/bin/../lib/gcc/arm-none-eabi/14.3.1/../../../../arm-none-eabi/lib/thumb/v7e-m+fp/hard/libc_nano.a(libc_a-strtol.o)
 .text.strtol   0x08010bfc       0x14 /Applications/STM32CubeIDE.app/Contents/Eclipse/plugins/com.st.stm32cube.ide.mcu.externaltools.gnu-tools-for-stm32.14.3.rel1.macosaarch64_1.0.0.202602081740/tools/bin/../lib/gcc/arm-none-eabi/14.3.1/../../../../arm-none-eabi/lib/thumb/v7e-m+fp/hard/libc_nano.a(libc_a-strtol.o)
                0x08010bfc                strtol
 .text.memset   0x08010c10       0x10 /Applications/STM32CubeIDE.app/Contents/Eclipse/plugins/com.st.stm32cube.ide.mcu.externaltools.gnu-tools-for-stm32.14.3.rel1.macosaarch64_1.0.0.202602081740/tools/bin/../lib/gcc/arm-none-eabi/14.3.1/../../../../arm-none-eabi/lib/thumb/v7e-m+fp/hard/libc_nano.a(libc_a-memset.o)
                0x08010c10                memset
 .text.strcat   0x08010c20       0x1e /Applications/STM32CubeIDE.app/Contents/Eclipse/plugins/com.st.stm32cube.ide.mcu.externaltools.gnu-tools-for-stm32.14.3.rel1.macosaarch64_1.0.0.202602081740/tools/bin/../lib/gcc/arm-none-eabi/14.3.1/../../../../arm-none-eabi/lib/thumb/v7e-m+fp/hard/libc_nano.a(libc_a-strcat.o)
                0x08010c20                strcat
 .text.strncmp  0x08010c3e       0x24 /Applications/STM32CubeIDE.app/Contents/Eclipse/plugins/com.st.stm32cube.ide.mcu.externaltools.gnu-tools-for-stm32.14.3.rel1.macosaarch64_1.0.0.202602081740/tools/bin/../lib/gcc/arm-none-eabi/14.3.1/../../../../arm-none-eabi/lib/thumb/v7e-m+fp/hard/libc_nano.a(libc_a-strncmp.o)
                0x08010c3e                strncmp
 .text.__strtok_r
                0x08010c62       0x50 /Applications/STM32CubeIDE.app/Contents/Eclipse/plugins/com.st.stm32cube.ide.mcu.externaltools.gnu-tools-for-stm32.14.3.rel1.macosaarch64_1.0.0.202602081740/tools/bin/../lib/gcc/arm-none-eabi/14.3.1/../../../../arm-none-eabi/lib/thumb/v7e-m+fp/hard/libc_nano.a(libc_a-strtok_r.o)
                0x08010c62                __strtok_r
 .text.strtok_r
                0x08010cb2        0x6 /Applications/STM32CubeIDE.app/Contents/Eclipse/plugins/com.st.stm32cube.ide.mcu.externaltools.gnu-tools-for-stm32.14.3.rel1.macosaarch64_1.0.0.202602081740/tools/bin/../lib/gcc/arm-none-eabi/14.3.1/../../../../arm-none-eabi/lib/thumb/v7e-m+fp/hard/libc_nano.a(libc_a-strtok_r.o)
                0x08010cb2                strtok_r
 .text.strstr   0x08010cb8       0x2c /Applications/STM32CubeIDE.app/Contents/Eclipse/plugins/com.st.stm32cube.ide.mcu.externaltools.gnu-tools-for-stm32.14.3.rel1.macosaarch64_1.0.0.202602081740/tools/bin/../lib/gcc/arm-none-eabi/14.3.1/../../../../arm-none-eabi/lib/thumb/v7e-m+fp/hard/libc_nano.a(libc_a-strstr.o)
                0x08010cb8                strstr
 .text.__errno  0x08010ce4        0xc /Applications/STM32CubeIDE.app/Contents/Eclipse/plugins/com.st.stm32cube.ide.mcu.externaltools.gnu-tools-for-stm32.14.3.rel1.macosaarch64_1.0.0.202602081740/tools/bin/../lib/gcc/arm-none-eabi/14.3.1/../../../../arm-none-eabi/lib/thumb/v7e-m+fp/hard/libc_nano.a(libc_a-errno.o)
                0x08010ce4                __errno
 .text.__libc_init_array
                0x08010cf0       0x48 /Applications/STM32CubeIDE.app/Contents/Eclipse/plugins/com.st.stm32cube.ide.mcu.externaltools.gnu-tools-for-stm32.14.3.rel1.macosaarch64_1.0.0.202602081740/tools/bin/../lib/gcc/arm-none-eabi/14.3.1/../../../../arm-none-eabi/lib/thumb/v7e-m+fp/hard/libc_nano.a(libc_a-init.o)
                0x08010cf0                __libc_init_array
 .text.__retarget_lock_acquire_recursive
                0x08010d38        0x2 /Applications/STM32CubeIDE.app/Contents/Eclipse/plugins/com.st.stm32cube.ide.mcu.externaltools.gnu-tools-for-stm32.14.3.rel1.macosaarch64_1.0.0.202602081740/tools/bin/../lib/gcc/arm-none-eabi/14.3.1/../../../../arm-none-eabi/lib/thumb/v7e-m+fp/hard/libc_nano.a(libc_a-lock.o)
                0x08010d38                __retarget_lock_acquire_recursive
 .text.__retarget_lock_release_recursive
                0x08010d3a        0x2 /Applications/STM32CubeIDE.app/Contents/Eclipse/plugins/com.st.stm32cube.ide.mcu.externaltools.gnu-tools-for-stm32.14.3.rel1.macosaarch64_1.0.0.202602081740/tools/bin/../lib/gcc/arm-none-eabi/14.3.1/../../../../arm-none-eabi/lib/thumb/v7e-m+fp/hard/libc_nano.a(libc_a-lock.o)
                0x08010d3a                __retarget_lock_release_recursive
 .text.memcpy   0x08010d3c       0x1c /Applications/STM32CubeIDE.app/Contents/Eclipse/plugins/com.st.stm32cube.ide.mcu.externaltools.gnu-tools-for-stm32.14.3.rel1.macosaarch64_1.0.0.202602081740/tools/bin/../lib/gcc/arm-none-eabi/14.3.1/../../../../arm-none-eabi/lib/thumb/v7e-m+fp/hard/libc_nano.a(libc_a-memcpy-stub.o)
                0x08010d3c                memcpy
 .text.__ssputs_r
                0x08010d58       0xc0 /Applications/STM32CubeIDE.app/Contents/Eclipse/plugins/com.st.stm32cube.ide.mcu.externaltools.gnu-tools-for-stm32.14.3.rel1.macosaarch64_1.0.0.202602081740/tools/bin/../lib/gcc/arm-none-eabi/14.3.1/../../../../arm-none-eabi/lib/thumb/v7e-m+fp/hard/libc_nano.a(libc_a-nano-svfprintf.o)
                0x08010d58                __ssputs_r
 .text._svfprintf_r
                0x08010e18      0x1f0 /Applications/STM32CubeIDE.app/Contents/Eclipse/plugins/com.st.stm32cube.ide.mcu.externaltools.gnu-tools-for-stm32.14.3.rel1.macosaarch64_1.0.0.202602081740/tools/bin/../lib/gcc/arm-none-eabi/14.3.1/../../../../arm-none-eabi/lib/thumb/v7e-m+fp/hard/libc_nano.a(libc_a-nano-svfprintf.o)
                0x08010e18                _svfprintf_r
                0x08010e18                _svfiprintf_r
 .text.sbrk_aligned
                0x08011008       0x44 /Applications/STM32CubeIDE.app/Contents/Eclipse/plugins/com.st.stm32cube.ide.mcu.externaltools.gnu-tools-for-stm32.14.3.rel1.macosaarch64_1.0.0.202602081740/tools/bin/../lib/gcc/arm-none-eabi/14.3.1/../../../../arm-none-eabi/lib/thumb/v7e-m+fp/hard/libc_nano.a(libc_a-mallocr.o)
 .text._malloc_r
                0x0801104c      0x100 /Applications/STM32CubeIDE.app/Contents/Eclipse/plugins/com.st.stm32cube.ide.mcu.externaltools.gnu-tools-for-stm32.14.3.rel1.macosaarch64_1.0.0.202602081740/tools/bin/../lib/gcc/arm-none-eabi/14.3.1/../../../../arm-none-eabi/lib/thumb/v7e-m+fp/hard/libc_nano.a(libc_a-mallocr.o)
                0x0801104c                _malloc_r
 .text._printf_common
                0x0801114c       0xda /Applications/STM32CubeIDE.app/Contents/Eclipse/plugins/com.st.stm32cube.ide.mcu.externaltools.gnu-tools-for-stm32.14.3.rel1.macosaarch64_1.0.0.202602081740/tools/bin/../lib/gcc/arm-none-eabi/14.3.1/../../../../arm-none-eabi/lib/thumb/v7e-m+fp/hard/libc_nano.a(libc_a-nano-vfprintf_i.o)
                0x0801114c                _printf_common
 *fill*         0x08011226        0x2 
 .text._printf_i
                0x08011228      0x24c /Applications/STM32CubeIDE.app/Contents/Eclipse/plugins/com.st.stm32cube.ide.mcu.externaltools.gnu-tools-for-stm32.14.3.rel1.macosaarch64_1.0.0.202602081740/tools/bin/../lib/gcc/arm-none-eabi/14.3.1/../../../../arm-none-eabi/lib/thumb/v7e-m+fp/hard/libc_nano.a(libc_a-nano-vfprintf_i.o)
                0x08011228                _printf_i
 .text.__malloc_lock
                0x08011474        0xc /Applications/STM32CubeIDE.app/Contents/Eclipse/plugins/com.st.stm32cube.ide.mcu.externaltools.gnu-tools-for-stm32.14.3.rel1.macosaarch64_1.0.0.202602081740/tools/bin/../lib/gcc/arm-none-eabi/14.3.1/../../../../arm-none-eabi/lib/thumb/v7e-m+fp/hard/libc_nano.a(libc_a-mlock.o)
                0x08011474                __malloc_lock
 .text.__malloc_unlock
                0x08011480        0xc /Applications/STM32CubeIDE.app/Contents/Eclipse/plugins/com.st.stm32cube.ide.mcu.externaltools.gnu-tools-for-stm32.14.3.rel1.macosaarch64_1.0.0.202602081740/tools/bin/../lib/gcc/arm-none-eabi/14.3.1/../../../../arm-none-eabi/lib/thumb/v7e-m+fp/hard/libc_nano.a(libc_a-mlock.o)
                0x08011480                __malloc_unlock
 .text._realloc_r
                0x0801148c       0x5c /Applications/STM32CubeIDE.app/Contents/Eclipse/plugins/com.st.stm32cube.ide.mcu.externaltools.gnu-tools-for-stm32.14.3.rel1.macosaarch64_1.0.0.202602081740/tools/bin/../lib/gcc/arm-none-eabi/14.3.1/../../../../arm-none-eabi/lib/thumb/v7e-m+fp/hard/libc_nano.a(libc_a-reallocr.o)
                0x0801148c                _realloc_r
 .text.memmove  0x080114e8       0x32 /Applications/STM32CubeIDE.app/Contents/Eclipse/plugins/com.st.stm32cube.ide.mcu.externaltools.gnu-tools-for-stm32.14.3.rel1.macosaarch64_1.0.0.202602081740/tools/bin/../lib/gcc/arm-none-eabi/14.3.1/../../../../arm-none-eabi/lib/thumb/v7e-m+fp/hard/libc_nano.a(libc_a-memmove.o)
                0x080114e8                memmove
 *fill*         0x0801151a        0x2 
 .text._sbrk_r  0x0801151c       0x20 /Applications/STM32CubeIDE.app/Contents/Eclipse/plugins/com.st.stm32cube.ide.mcu.externaltools.gnu-tools-for-stm32.14.3.rel1.macosaarch64_1.0.0.202602081740/tools/bin/../lib/gcc/arm-none-eabi/14.3.1/../../../../arm-none-eabi/lib/thumb/v7e-m+fp/hard/libc_nano.a(libc_a-sbrkr.o)
                0x0801151c                _sbrk_r
 .text._free_r  0x0801153c       0x94 /Applications/STM32CubeIDE.app/Contents/Eclipse/plugins/com.st.stm32cube.ide.mcu.externaltools.gnu-tools-for-stm32.14.3.rel1.macosaarch64_1.0.0.202602081740/tools/bin/../lib/gcc/arm-none-eabi/14.3.1/../../../../arm-none-eabi/lib/thumb/v7e-m+fp/hard/libc_nano.a(libc_a-freer.o)
                0x0801153c                _free_r
 .text._malloc_usable_size_r
                0x080115d0       0x10 /Applications/STM32CubeIDE.app/Contents/Eclipse/plugins/com.st.stm32cube.ide.mcu.externaltools.gnu-tools-for-stm32.14.3.rel1.macosaarch64_1.0.0.202602081740/tools/bin/../lib/gcc/arm-none-eabi/14.3.1/../../../../arm-none-eabi/lib/thumb/v7e-m+fp/hard/libc_nano.a(libc_a-msizer.o)
                0x080115d0                _malloc_usable_size_r
 .text.pow      0x080115e0       0xf0 /Applications/STM32CubeIDE.app/Contents/Eclipse/plugins/com.st.stm32cube.ide.mcu.externaltools.gnu-tools-for-stm32.14.3.rel1.macosaarch64_1.0.0.202602081740/tools/bin/../lib/gcc/arm-none-eabi/14.3.1/../../../../arm-none-eabi/lib/thumb/v7e-m+fp/hard/libm.a(libm_a-w_pow.o)
                0x080115e0                pow
 .text.sqrt     0x080116d0       0x68 /Applications/STM32CubeIDE.app/Contents/Eclipse/plugins/com.st.stm32cube.ide.mcu.externaltools.gnu-tools-for-stm32.14.3.rel1.macosaarch64_1.0.0.202602081740/tools/bin/../lib/gcc/arm-none-eabi/14.3.1/../../../../arm-none-eabi/lib/thumb/v7e-m+fp/hard/libm.a(libm_a-w_sqrt.o)
                0x080116d0                sqrt
 .text.cos      0x08011738       0x88 /Applications/STM32CubeIDE.app/Contents/Eclipse/plugins/com.st.stm32cube.ide.mcu.externaltools.gnu-tools-for-stm32.14.3.rel1.macosaarch64_1.0.0.202602081740/tools/bin/../lib/gcc/arm-none-eabi/14.3.1/../../../../arm-none-eabi/lib/thumb/v7e-m+fp/hard/libm.a(libm_a-s_cos.o)
                0x08011738                cos
 .text.finite   0x080117c0       0x18 /Applications/STM32CubeIDE.app/Contents/Eclipse/plugins/com.st.stm32cube.ide.mcu.externaltools.gnu-tools-for-stm32.14.3.rel1.macosaarch64_1.0.0.202602081740/tools/bin/../lib/gcc/arm-none-eabi/14.3.1/../../../../arm-none-eabi/lib/thumb/v7e-m+fp/hard/libm.a(libm_a-s_finite.o)
                0x080117c0                finite
 .text.sin      0x080117d8       0x88 /Applications/STM32CubeIDE.app/Contents/Eclipse/plugins/com.st.stm32cube.ide.mcu.externaltools.gnu-tools-for-stm32.14.3.rel1.macosaarch64_1.0.0.202602081740/tools/bin/../lib/gcc/arm-none-eabi/14.3.1/../../../../arm-none-eabi/lib/thumb/v7e-m+fp/hard/libm.a(libm_a-s_sin.o)
                0x080117d8                sin
 .text.__ieee754_sqrt
                0x08011860      0x1f0 /Applications/STM32CubeIDE.app/Contents/Eclipse/plugins/com.st.stm32cube.ide.mcu.externaltools.gnu-tools-for-stm32.14.3.rel1.macosaarch64_1.0.0.202602081740/tools/bin/../lib/gcc/arm-none-eabi/14.3.1/../../../../arm-none-eabi/lib/thumb/v7e-m+fp/hard/libm.a(libm_a-e_sqrt.o)
                0x08011860                __ieee754_sqrt
 .text.__ieee754_pow
                0x08011a50      0xc7c /Applications/STM32CubeIDE.app/Contents/Eclipse/plugins/com.st.stm32cube.ide.mcu.externaltools.gnu-tools-for-stm32.14.3.rel1.macosaarch64_1.0.0.202602081740/tools/bin/../lib/gcc/arm-none-eabi/14.3.1/../../../../arm-none-eabi/lib/thumb/v7e-m+fp/hard/libm.a(libm_a-e_pow.o)
                0x08011a50                __ieee754_pow
 *fill*         0x080126cc        0x4 
 .text.__ieee754_rem_pio2
                0x080126d0      0x424 /Applications/STM32CubeIDE.app/Contents/Eclipse/plugins/com.st.stm32cube.ide.mcu.externaltools.gnu-tools-for-stm32.14.3.rel1.macosaarch64_1.0.0.202602081740/tools/bin/../lib/gcc/arm-none-eabi/14.3.1/../../../../arm-none-eabi/lib/thumb/v7e-m+fp/hard/libm.a(libm_a-e_rem_pio2.o)
                0x080126d0                __ieee754_rem_pio2
 .text.with_errno
                0x08012af4       0x24 /Applications/STM32CubeIDE.app/Contents/Eclipse/plugins/com.st.stm32cube.ide.mcu.externaltools.gnu-tools-for-stm32.14.3.rel1.macosaarch64_1.0.0.202602081740/tools/bin/../lib/gcc/arm-none-eabi/14.3.1/../../../../arm-none-eabi/lib/thumb/v7e-m+fp/hard/libm.a(libm_a-math_err.o)
 .text.xflow    0x08012b18       0x34 /Applications/STM32CubeIDE.app/Contents/Eclipse/plugins/com.st.stm32cube.ide.mcu.externaltools.gnu-tools-for-stm32.14.3.rel1.macosaarch64_1.0.0.202602081740/tools/bin/../lib/gcc/arm-none-eabi/14.3.1/../../../../arm-none-eabi/lib/thumb/v7e-m+fp/hard/libm.a(libm_a-math_err.o)
 *fill*         0x08012b4c        0x4 
 .text.__math_uflow
                0x08012b50       0x10 /Applications/STM32CubeIDE.app/Contents/Eclipse/plugins/com.st.stm32cube.ide.mcu.externaltools.gnu-tools-for-stm32.14.3.rel1.macosaarch64_1.0.0.202602081740/tools/bin/../lib/gcc/arm-none-eabi/14.3.1/../../../../arm-none-eabi/lib/thumb/v7e-m+fp/hard/libm.a(libm_a-math_err.o)
                0x08012b50                __math_uflow
 .text.__math_oflow
                0x08012b60       0x10 /Applications/STM32CubeIDE.app/Contents/Eclipse/plugins/com.st.stm32cube.ide.mcu.externaltools.gnu-tools-for-stm32.14.3.rel1.macosaarch64_1.0.0.202602081740/tools/bin/../lib/gcc/arm-none-eabi/14.3.1/../../../../arm-none-eabi/lib/thumb/v7e-m+fp/hard/libm.a(libm_a-math_err.o)
                0x08012b60                __math_oflow
 .text.__kernel_rem_pio2
                0x08012b70      0x888 /Applications/STM32CubeIDE.app/Contents/Eclipse/plugins/com.st.stm32cube.ide.mcu.externaltools.gnu-tools-for-stm32.14.3.rel1.macosaarch64_1.0.0.202602081740/tools/bin/../lib/gcc/arm-none-eabi/14.3.1/../../../../arm-none-eabi/lib/thumb/v7e-m+fp/hard/libm.a(libm_a-k_rem_pio2.o)
                0x08012b70                __kernel_rem_pio2
 .text.__kernel_cos
                0x080133f8      0x26c /Applications/STM32CubeIDE.app/Contents/Eclipse/plugins/com.st.stm32cube.ide.mcu.externaltools.gnu-tools-for-stm32.14.3.rel1.macosaarch64_1.0.0.202602081740/tools/bin/../lib/gcc/arm-none-eabi/14.3.1/../../../../arm-none-eabi/lib/thumb/v7e-m+fp/hard/libm.a(libm_a-k_cos.o)
                0x080133f8                __kernel_cos
 *fill*         0x08013664        0x4 
 .text.__kernel_sin
                0x08013668      0x184 /Applications/STM32CubeIDE.app/Contents/Eclipse/plugins/com.st.stm32cube.ide.mcu.externaltools.gnu-tools-for-stm32.14.3.rel1.macosaarch64_1.0.0.202602081740/tools/bin/../lib/gcc/arm-none-eabi/14.3.1/../../../../arm-none-eabi/lib/thumb/v7e-m+fp/hard/libm.a(libm_a-k_sin.o)
                0x08013668                __kernel_sin
 .text.fabs     0x080137ec       0x10 /Applications/STM32CubeIDE.app/Contents/Eclipse/plugins/com.st.stm32cube.ide.mcu.externaltools.gnu-tools-for-stm32.14.3.rel1.macosaarch64_1.0.0.202602081740/tools/bin/../lib/gcc/arm-none-eabi/14.3.1/../../../../arm-none-eabi/lib/thumb/v7e-m+fp/hard/libm.a(libm_a-s_fabs.o)
                0x080137ec                fabs
 *fill*         0x080137fc        0x4 
 .text.scalbn   0x08013800      0x114 /Applications/STM32CubeIDE.app/Contents/Eclipse/plugins/com.st.stm32cube.ide.mcu.externaltools.gnu-tools-for-stm32.14.3.rel1.macosaarch64_1.0.0.202602081740/tools/bin/../lib/gcc/arm-none-eabi/14.3.1/../../../../arm-none-eabi/lib/thumb/v7e-m+fp/hard/libm.a(libm_a-s_scalbn.o)
                0x08013800                scalbn
 *fill*         0x08013914        0x4 
 .text.floor    0x08013918      0x108 /Applications/STM32CubeIDE.app/Contents/Eclipse/plugins/com.st.stm32cube.ide.mcu.externaltools.gnu-tools-for-stm32.14.3.rel1.macosaarch64_1.0.0.202602081740/tools/bin/../lib/gcc/arm-none-eabi/14.3.1/../../../../arm-none-eabi/lib/thumb/v7e-m+fp/hard/libm.a(libm_a-s_floor.o)
                0x08013918                floor
 *(.glue_7)
 .glue_7        0x08013a20        0x0 linker stubs
 *(.glue_7t)
 .glue_7t       0x08013a20        0x0 linker stubs
 *(.eh_frame)
 .eh_frame      0x08013a20        0x0 /Applications/STM32CubeIDE.app/Contents/Eclipse/plugins/com.st.stm32cube.ide.mcu.externaltools.gnu-tools-for-stm32.14.3.rel1.macosaarch64_1.0.0.202602081740/tools/bin/../lib/gcc/arm-none-eabi/14.3.1/thumb/v7e-m+fp/hard/crtbegin.o
 *(.init)
 .init          0x08013a20        0x4 /Applications/STM32CubeIDE.app/Contents/Eclipse/plugins/com.st.stm32cube.ide.mcu.externaltools.gnu-tools-for-stm32.14.3.rel1.macosaarch64_1.0.0.202602081740/tools/bin/../lib/gcc/arm-none-eabi/14.3.1/thumb/v7e-m+fp/hard/crti.o
                0x08013a20                _init
 .init          0x08013a24        0x8 /Applications/STM32CubeIDE.app/Contents/Eclipse/plugins/com.st.stm32cube.ide.mcu.externaltools.gnu-tools-for-stm32.14.3.rel1.macosaarch64_1.0.0.202602081740/tools/bin/../lib/gcc/arm-none-eabi/14.3.1/thumb/v7e-m+fp/hard/crtn.o
 *(.fini)
 .fini          0x08013a2c        0x4 /Applications/STM32CubeIDE.app/Contents/Eclipse/plugins/com.st.stm32cube.ide.mcu.externaltools.gnu-tools-for-stm32.14.3.rel1.macosaarch64_1.0.0.202602081740/tools/bin/../lib/gcc/arm-none-eabi/14.3.1/thumb/v7e-m+fp/hard/crti.o
                0x08013a2c                _fini
 .fini          0x08013a30        0x8 /Applications/STM32CubeIDE.app/Contents/Eclipse/plugins/com.st.stm32cube.ide.mcu.externaltools.gnu-tools-for-stm32.14.3.rel1.macosaarch64_1.0.0.202602081740/tools/bin/../lib/gcc/arm-none-eabi/14.3.1/thumb/v7e-m+fp/hard/crtn.o
                0x08013a38                        . = ALIGN (0x4)
                0x08013a38                        _etext = .

.vfp11_veneer   0x08013a38        0x0
 .vfp11_veneer  0x08013a38        0x0 linker stubs

.v4_bx          0x08013a38        0x0
 .v4_bx         0x08013a38        0x0 linker stubs

.iplt           0x08013a38        0x0
 .iplt          0x08013a38        0x0 /Applications/STM32CubeIDE.app/Contents/Eclipse/plugins/com.st.stm32cube.ide.mcu.externaltools.gnu-tools-for-stm32.14.3.rel1.macosaarch64_1.0.0.202602081740/tools/bin/../lib/gcc/arm-none-eabi/14.3.1/thumb/v7e-m+fp/hard/crtbegin.o

.rodata         0x08013a38     0x12f0
                0x08013a38                        . = ALIGN (0x4)
 *(.rodata)
 .rodata        0x08013a38      0x3bf ./Core/Src/main.o
 *fill*         0x08013df7        0x1 
 .rodata        0x08013df8        0x5 ./Middlewares/Third_Party/FreeRTOS/Source/tasks.o
 *fill*         0x08013dfd        0x3 
 .rodata        0x08013e00        0xd ./Middlewares/Third_Party/FreeRTOS/Source/timers.o
 *fill*         0x08013e0d        0x3 
 .rodata        0x08013e10        0x3 ./PeripheralDriver/Src/UART_Comm.o
 *(.rodata*)
 *fill*         0x08013e13        0x1 
 .rodata.Show_attributes
                0x08013e14       0x24 ./Core/Src/main.o
                0x08013e14                Show_attributes
 .rodata.ServoMotor_attributes
                0x08013e38       0x24 ./Core/Src/main.o
                0x08013e38                ServoMotor_attributes
 .rodata.MotorTask_attributes
                0x08013e5c       0x24 ./Core/Src/main.o
                0x08013e5c                MotorTask_attributes
 .rodata.UltrasoundRead_attributes
                0x08013e80       0x24 ./Core/Src/main.o
                0x08013e80                UltrasoundRead_attributes
 .rodata.UART_Comm_attributes
                0x08013ea4       0x24 ./Core/Src/main.o
                0x08013ea4                UART_Comm_attributes
 .rodata.CaculatePositio_attributes
                0x08013ec8       0x24 ./Core/Src/main.o
                0x08013ec8                CaculatePositio_attributes
 .rodata.orientationCal1_attributes
                0x08013eec       0x24 ./Core/Src/main.o
                0x08013eec                orientationCal1_attributes
 .rodata.Task2_attributes
                0x08013f10       0x24 ./Core/Src/main.o
                0x08013f10                Task2_attributes
 .rodata.InfraredTask_attributes
                0x08013f34       0x24 ./Core/Src/main.o
                0x08013f34                InfraredTask_attributes
 .rodata.EncoderSemaphore_attributes
                0x08013f58       0x10 ./Core/Src/main.o
                0x08013f58                EncoderSemaphore_attributes
 .rodata.IMUSemaphore_attributes
                0x08013f68       0x10 ./Core/Src/main.o
                0x08013f68                IMUSemaphore_attributes
 .rodata.C_BufferSemaphore_attributes
                0x08013f78       0x10 ./Core/Src/main.o
                0x08013f78                C_BufferSemaphore_attributes
 .rodata.AHBPrescTable
                0x08013f88       0x10 ./Core/Src/system_stm32f4xx.o
                0x08013f88                AHBPrescTable
 .rodata.APBPrescTable
                0x08013f98        0x8 ./Core/Src/system_stm32f4xx.o
                0x08013f98                APBPrescTable
 .rodata.flagBitshiftOffset.0
                0x08013fa0        0x8 ./Drivers/STM32F4xx_HAL_Driver/Src/stm32f4xx_hal_dma.o
 .rodata.oled_asc2_1206
                0x08013fa8      0x474 ./PeripheralDriver/Src/oled.o
                0x08013fa8                oled_asc2_1206
 .rodata.oled_asc2_1608
                0x0801441c      0x5f0 ./PeripheralDriver/Src/oled.o
                0x0801441c                oled_asc2_1608
 .rodata._ctype_
                0x08014a0c      0x101 /Applications/STM32CubeIDE.app/Contents/Eclipse/plugins/com.st.stm32cube.ide.mcu.externaltools.gnu-tools-for-stm32.14.3.rel1.macosaarch64_1.0.0.202602081740/tools/bin/../lib/gcc/arm-none-eabi/14.3.1/../../../../arm-none-eabi/lib/thumb/v7e-m+fp/hard/libc_nano.a(libc_a-ctype_.o)
                0x08014a0c                _ctype_
 .rodata._svfprintf_r.str1.1
                0x08014b0d       0x33 /Applications/STM32CubeIDE.app/Contents/Eclipse/plugins/com.st.stm32cube.ide.mcu.externaltools.gnu-tools-for-stm32.14.3.rel1.macosaarch64_1.0.0.202602081740/tools/bin/../lib/gcc/arm-none-eabi/14.3.1/../../../../arm-none-eabi/lib/thumb/v7e-m+fp/hard/libc_nano.a(libc_a-nano-svfprintf.o)
                                 0x11 (size before relaxing)
 .rodata._printf_i.str1.1
                0x08014b40       0x22 /Applications/STM32CubeIDE.app/Contents/Eclipse/plugins/com.st.stm32cube.ide.mcu.externaltools.gnu-tools-for-stm32.14.3.rel1.macosaarch64_1.0.0.202602081740/tools/bin/../lib/gcc/arm-none-eabi/14.3.1/../../../../arm-none-eabi/lib/thumb/v7e-m+fp/hard/libc_nano.a(libc_a-nano-vfprintf_i.o)
 .rodata.tiny   0x08014b40        0x8 /Applications/STM32CubeIDE.app/Contents/Eclipse/plugins/com.st.stm32cube.ide.mcu.externaltools.gnu-tools-for-stm32.14.3.rel1.macosaarch64_1.0.0.202602081740/tools/bin/../lib/gcc/arm-none-eabi/14.3.1/../../../../arm-none-eabi/lib/thumb/v7e-m+fp/hard/libm.a(libm_a-e_sqrt.o)
 .rodata.one    0x08014b48        0x8 /Applications/STM32CubeIDE.app/Contents/Eclipse/plugins/com.st.stm32cube.ide.mcu.externaltools.gnu-tools-for-stm32.14.3.rel1.macosaarch64_1.0.0.202602081740/tools/bin/../lib/gcc/arm-none-eabi/14.3.1/../../../../arm-none-eabi/lib/thumb/v7e-m+fp/hard/libm.a(libm_a-e_sqrt.o)
 .rodata.npio2_hw
                0x08014b50       0x80 /Applications/STM32CubeIDE.app/Contents/Eclipse/plugins/com.st.stm32cube.ide.mcu.externaltools.gnu-tools-for-stm32.14.3.rel1.macosaarch64_1.0.0.202602081740/tools/bin/../lib/gcc/arm-none-eabi/14.3.1/../../../../arm-none-eabi/lib/thumb/v7e-m+fp/hard/libm.a(libm_a-e_rem_pio2.o)
 .rodata.two_over_pi
                0x08014bd0      0x108 /Applications/STM32CubeIDE.app/Contents/Eclipse/plugins/com.st.stm32cube.ide.mcu.externaltools.gnu-tools-for-stm32.14.3.rel1.macosaarch64_1.0.0.202602081740/tools/bin/../lib/gcc/arm-none-eabi/14.3.1/../../../../arm-none-eabi/lib/thumb/v7e-m+fp/hard/libm.a(libm_a-e_rem_pio2.o)
 .rodata.PIo2   0x08014cd8       0x40 /Applications/STM32CubeIDE.app/Contents/Eclipse/plugins/com.st.stm32cube.ide.mcu.externaltools.gnu-tools-for-stm32.14.3.rel1.macosaarch64_1.0.0.202602081740/tools/bin/../lib/gcc/arm-none-eabi/14.3.1/../../../../arm-none-eabi/lib/thumb/v7e-m+fp/hard/libm.a(libm_a-k_rem_pio2.o)
 .rodata.init_jk
                0x08014d18       0x10 /Applications/STM32CubeIDE.app/Contents/Eclipse/plugins/com.st.stm32cube.ide.mcu.externaltools.gnu-tools-for-stm32.14.3.rel1.macosaarch64_1.0.0.202602081740/tools/bin/../lib/gcc/arm-none-eabi/14.3.1/../../../../arm-none-eabi/lib/thumb/v7e-m+fp/hard/libm.a(libm_a-k_rem_pio2.o)
                0x08014d28                        . = ALIGN (0x4)

.ARM.extab      0x08014d28        0x0
                0x08014d28                        . = ALIGN (0x4)
 *(.ARM.extab* .gnu.linkonce.armextab.*)
                0x08014d28                        . = ALIGN (0x4)

.ARM            0x08014d28        0x8
                0x08014d28                        . = ALIGN (0x4)
                0x08014d28                        __exidx_start = .
 *(.ARM.exidx*)
 .ARM.exidx     0x08014d28        0x8 /Applications/STM32CubeIDE.app/Contents/Eclipse/plugins/com.st.stm32cube.ide.mcu.externaltools.gnu-tools-for-stm32.14.3.rel1.macosaarch64_1.0.0.202602081740/tools/bin/../lib/gcc/arm-none-eabi/14.3.1/../../../../arm-none-eabi/lib/thumb/v7e-m+fp/hard/libc_nano.a(libc_a-strlen.o)
 .ARM.exidx     0x08014d30        0x0 /Applications/STM32CubeIDE.app/Contents/Eclipse/plugins/com.st.stm32cube.ide.mcu.externaltools.gnu-tools-for-stm32.14.3.rel1.macosaarch64_1.0.0.202602081740/tools/bin/../lib/gcc/arm-none-eabi/14.3.1/../../../../arm-none-eabi/lib/thumb/v7e-m+fp/hard/libc_nano.a(libc_a-memchr.o)
                                  0x8 (size before relaxing)
 .ARM.exidx     0x08014d30        0x0 /Applications/STM32CubeIDE.app/Contents/Eclipse/plugins/com.st.stm32cube.ide.mcu.externaltools.gnu-tools-for-stm32.14.3.rel1.macosaarch64_1.0.0.202602081740/tools/bin/../lib/gcc/arm-none-eabi/14.3.1/thumb/v7e-m+fp/hard/libgcc.a(_udivmoddi4.o)
                                  0x8 (size before relaxing)
                0x08014d30                        __exidx_end = .
                0x08014d30                        . = ALIGN (0x4)

.rel.dyn        0x08014d30        0x0
 .rel.iplt      0x08014d30        0x0 /Applications/STM32CubeIDE.app/Contents/Eclipse/plugins/com.st.stm32cube.ide.mcu.externaltools.gnu-tools-for-stm32.14.3.rel1.macosaarch64_1.0.0.202602081740/tools/bin/../lib/gcc/arm-none-eabi/14.3.1/thumb/v7e-m+fp/hard/crtbegin.o

.preinit_array  0x08014d30        0x0
                0x08014d30                        . = ALIGN (0x4)
                0x08014d30                        PROVIDE (__preinit_array_start = .)
 *(.preinit_array*)
                0x08014d30                        PROVIDE (__preinit_array_end = .)
                0x08014d30                        . = ALIGN (0x4)

.init_array     0x08014d30        0x4
                0x08014d30                        . = ALIGN (0x4)
                0x08014d30                        PROVIDE (__init_array_start = .)
 *(SORT_BY_NAME(.init_array.*))
 *(.init_array*)
 .init_array    0x08014d30        0x4 /Applications/STM32CubeIDE.app/Contents/Eclipse/plugins/com.st.stm32cube.ide.mcu.externaltools.gnu-tools-for-stm32.14.3.rel1.macosaarch64_1.0.0.202602081740/tools/bin/../lib/gcc/arm-none-eabi/14.3.1/thumb/v7e-m+fp/hard/crtbegin.o
                0x08014d34                        PROVIDE (__init_array_end = .)
                0x08014d34                        . = ALIGN (0x4)

.fini_array     0x08014d34        0x4
                0x08014d34                        . = ALIGN (0x4)
                [!provide]                        PROVIDE (__fini_array_start = .)
 *(SORT_BY_NAME(.fini_array.*))
 *(.fini_array*)
 .fini_array    0x08014d34        0x4 /Applications/STM32CubeIDE.app/Contents/Eclipse/plugins/com.st.stm32cube.ide.mcu.externaltools.gnu-tools-for-stm32.14.3.rel1.macosaarch64_1.0.0.202602081740/tools/bin/../lib/gcc/arm-none-eabi/14.3.1/thumb/v7e-m+fp/hard/crtbegin.o
                [!provide]                        PROVIDE (__fini_array_end = .)
                0x08014d38                        . = ALIGN (0x4)
                0x08014d38                        _sidata = LOADADDR (.data)

.data           0x20000000      0x158 load address 0x08014d38
                0x20000000                        . = ALIGN (0x4)
                0x20000000                        _sdata = .
 *(.data)
 *(.data*)
 .data.imu_init_debugValue
                0x20000000        0x4 ./Core/Src/main.o
 .data.imu_read_debugValue
                0x20000004        0x4 ./Core/Src/main.o
 .data.command_buffer
                0x20000008       0x1e ./Core/Src/main.o
                0x20000008                command_buffer
 *fill*         0x20000026        0x2 
 .data.temp_buffer
                0x20000028       0x1e ./Core/Src/main.o
                0x20000028                temp_buffer
 *fill*         0x20000046        0x2 
 .data.right    0x20000048        0xa ./Core/Src/main.o
                0x20000048                right
 *fill*         0x20000052        0x2 
 .data.left     0x20000054        0xa ./Core/Src/main.o
                0x20000054                left
 *fill*         0x2000005e        0x2 
 .data.forward  0x20000060        0xa ./Core/Src/main.o
                0x20000060                forward
 *fill*         0x2000006a        0x2 
 .data.reverse  0x2000006c        0xa ./Core/Src/main.o
                0x2000006c                reverse
 *fill*         0x20000076        0x2 
 .data.stop     0x20000078        0xa ./Core/Src/main.o
                0x20000078                stop
 *fill*         0x20000082        0x2 
 .data.reverse_left
                0x20000084        0xa ./Core/Src/main.o
                0x20000084                reverse_left
 *fill*         0x2000008e        0x2 
 .data.reverse_right
                0x20000090        0xa ./Core/Src/main.o
                0x20000090                reverse_right
 *fill*         0x2000009a        0x2 
 .data.motor_command
                0x2000009c       0x28 ./Core/Src/main.o
                0x2000009c                motor_command
 .data.nexttask
                0x200000c4        0x1 ./Core/Src/main.o
                0x200000c4                nexttask
 *fill*         0x200000c5        0x3 
 .data.usTargetGLOBAL
                0x200000c8        0x4 ./Core/Src/main.o
                0x200000c8                usTargetGLOBAL
 .data.dummy_command_stop
                0x200000cc       0x14 ./Core/Src/main.o
                0x200000cc                dummy_command_stop
 .data.gyro_bias.0
                0x200000e0        0x8 ./Core/Src/main.o
 .data.SystemCoreClock
                0x200000e8        0x4 ./Core/Src/system_stm32f4xx.o
                0x200000e8                SystemCoreClock
 .data.uwTickPrio