../Core/Src/main.c:329:9:getRequestedAngle	64	static
../Core/Src/main.c:353:9:getRequestedVerticalDisplacement	64	static
../Core/Src/main.c:378:9:getRequestedMultiplier	64	static
../Core/Src/main.c:401:9:getRepeatCount	64	static
../Core/Src/main.c:423:8:euclideanDis	48	static
../Core/Src/main.c:427:6:sendPosOrienData	64	static
../Core/Src/main.c:436:6:askForDirection	16	static
../Core/Src/main.c:442:6:sendDistanceFromObstacle	40	static
../Core/Src/main.c:457:5:main	24	static
../Core/Src/main.c:660:6:SystemClock_Config	88	static
../Core/Src/main.c:702:13:MX_I2C2_Init	8	static
../Core/Src/main.c:736:13:MX_TIM1_Init	96	static
../Core/Src/main.c:815:13:MX_TIM2_Init	56	static
../Core/Src/main.c:864:13:MX_TIM3_Init	56	static
../Core/Src/main.c:913:13:MX_TIM4_Init	64	static
../Core/Src/main.c:976:13:MX_TIM5_Init	56	static
../Core/Src/main.c:1025:13:MX_TIM9_Init	56	static
../Core/Src/main.c:1081:13:MX_TIM12_Init	56	static
../Core/Src/main.c:1133:13:MX_USART3_UART_Init	8	static
../Core/Src/main.c:1164:13:MX_DMA_Init	16	static
../Core/Src/main.c:1182:13:MX_GPIO_Init	48	static
../Core/Src/main.c:1231:6:BlinkLED	16	static
../Core/Src/main.c:1290:6:show	56	static
../Core/Src/main.c:1322:6:servo_motor	400	static
../Core/Src/main.c:2252:6:motor	144	static
../Core/Src/main.c:2379:6:UltrasoundRea	16	static
../Core/Src/main.c:2399:6:UART_comm_task	16	static
../Core/Src/main.c:2429:6:Caculate_Pos	32	static
../Core/Src/main.c:2455:6:orientationCal	40	static
../Core/Src/main.c:2502:6:MovementTask	16	static
../Core/Src/main.c:2520:6:IRread	16	static
../Core/Src/main.c:2535:6:Error_Handler	4	static,ignoring_inline_asm
