../Core/Src/main.c:302:10:ADC_Read_Channel	40	static
../Core/Src/main.c:350:9:getRequestedAngle	64	static
../Core/Src/main.c:374:9:getRequestedVerticalDisplacement	64	static
../Core/Src/main.c:399:9:getRequestedMultiplier	64	static
../Core/Src/main.c:422:9:getRepeatCount	64	static
../Core/Src/main.c:444:8:euclideanDis	48	static
../Core/Src/main.c:448:6:sendPosOrienData	64	static
../Core/Src/main.c:458:6:sendStopAck	24	static
../Core/Src/main.c:463:6:sendEndData	64	static
../Core/Src/main.c:471:6:askForDirection	16	static
../Core/Src/main.c:477:6:sendDistanceFromObstacle	40	static
../Core/Src/main.c:492:5:main	32	static
../Core/Src/main.c:692:6:SystemClock_Config	88	static
../Core/Src/main.c:734:13:MX_ADC1_Init	24	static
../Core/Src/main.c:786:13:MX_I2C2_Init	8	static
../Core/Src/main.c:820:13:MX_TIM1_Init	96	static
../Core/Src/main.c:899:13:MX_TIM2_Init	56	static
../Core/Src/main.c:948:13:MX_TIM4_Init	64	static
../Core/Src/main.c:1011:13:MX_TIM5_Init	56	static
../Core/Src/main.c:1060:13:MX_TIM8_Init	48	static
../Core/Src/main.c:1119:13:MX_TIM12_Init	56	static
../Core/Src/main.c:1171:13:MX_USART3_UART_Init	8	static
../Core/Src/main.c:1202:13:MX_DMA_Init	16	static
../Core/Src/main.c:1224:13:MX_GPIO_Init	48	static
../Core/Src/main.c:1284:6:BlinkLED	16	static
../Core/Src/main.c:1310:6:show	56	static
../Core/Src/main.c:1372:6:servo_motor	400	static
../Core/Src/main.c:2328:6:motor	144	static
../Core/Src/main.c:2475:6:UltrasoundRea	16	static
../Core/Src/main.c:2495:6:UART_comm_task	16	static
../Core/Src/main.c:2528:6:Caculate_Pos	32	static
../Core/Src/main.c:2554:6:orientationCal	48	static
../Core/Src/main.c:2601:6:MovementTask	200	static
../Core/Src/main.c:3043:6:IRread	32	static
../Core/Src/main.c:3084:6:Error_Handler	4	static,ignoring_inline_asm
