../Core/Src/stm32f4xx_it.c:75:6:NMI_Handler	4	static
../Core/Src/stm32f4xx_it.c:90:6:HardFault_Handler	4	static
../Core/Src/stm32f4xx_it.c:105:6:MemManage_Handler	4	static
../Core/Src/stm32f4xx_it.c:120:6:BusFault_Handler	4	static
../Core/Src/stm32f4xx_it.c:135:6:UsageFault_Handler	4	static
../Core/Src/stm32f4xx_it.c:150:6:DebugMon_Handler	4	static
../Core/Src/stm32f4xx_it.c:163:6:SysTick_Handler	8	static
../Core/Src/stm32f4xx_it.c:192:6:DMA1_Stream1_IRQHandler	8	static
../Core/Src/stm32f4xx_it.c:206:6:TIM2_IRQHandler	8	static
../Core/Src/stm32f4xx_it.c:220:6:USART3_IRQHandler	8	static
../Core/Src/stm32f4xx_it.c:234:6:TIM8_CC_IRQHandler	8	static
../Core/Src/stm32f4xx_it.c:248:6:DMA2_Stream0_IRQHandler	8	static
